
[2024-05-29 12:14:53] Traceback (most recent call last):
  File "c:\Users\kokada\hello\stopwatch.py", line 56, in <module>
    MainApp().run()
  File "C:\Users\kokada\projectpython\myenv\lib\site-packages\kivy\app.py", line 955, in run
    self._run_prepare()
  File "C:\Users\kokada\projectpython\myenv\lib\site-packages\kivy\app.py", line 925, in _run_prepare
    root = self.build()
  File "c:\Users\kokada\hello\stopwatch.py", line 47, in build
    cef_browser = CefBrowser()
  File "c:\Users\kokada\hello\stopwatch.py", line 17, in __init__
    self.init_cef()
  File "c:\Users\kokada\hello\stopwatch.py", line 25, in init_cef
    self.browser = cef.CreateBrowserSync(window_info=cef.WindowInfo(parent_window= self.get_window_handle()), url="https://www.youtube.com/watch?v=hnjyoTAEE4Y")
  File "c:\Users\kokada\hello\stopwatch.py", line 35, in get_window_handle
    if KivyWindow.backend_name == 'win32':
AttributeError: 'WindowSDL' object has no attribute 'backend_name'


[2024-05-29 12:17:04] Traceback (most recent call last):
  File "c:\Users\kokada\hello\stopwatch.py", line 56, in <module>
    MainApp().run()
  File "C:\Users\kokada\projectpython\myenv\lib\site-packages\kivy\app.py", line 955, in run
    self._run_prepare()
  File "C:\Users\kokada\projectpython\myenv\lib\site-packages\kivy\app.py", line 925, in _run_prepare
    root = self.build()
  File "c:\Users\kokada\hello\stopwatch.py", line 47, in build
    cef_browser = CefBrowser()
  File "c:\Users\kokada\hello\stopwatch.py", line 17, in __init__
    self.init_cef()
  File "c:\Users\kokada\hello\stopwatch.py", line 25, in init_cef
    self.browser = cef.CreateBrowserSync(window_info=cef.WindowInfo(parent_window= self.get_window_handle()), url="https://www.youtube.com/watch?v=hnjyoTAEE4Y")
  File "c:\Users\kokada\hello\stopwatch.py", line 36, in get_window_handle
    from win32 import win32core as win32
ImportError: cannot import name 'win32core' from 'win32' (unknown location)


[2024-05-29 12:19:26] Traceback (most recent call last):
  File "c:\Users\kokada\hello\stopwatch.py", line 53, in <module>
    MainApp().run()
  File "C:\Users\kokada\projectpython\myenv\lib\site-packages\kivy\app.py", line 955, in run
    self._run_prepare()
  File "C:\Users\kokada\projectpython\myenv\lib\site-packages\kivy\app.py", line 925, in _run_prepare
    root = self.build()
  File "c:\Users\kokada\hello\stopwatch.py", line 44, in build
    cef_browser = CefBrowser()
  File "c:\Users\kokada\hello\stopwatch.py", line 17, in __init__
    self.init_cef()
  File "c:\Users\kokada\hello\stopwatch.py", line 25, in init_cef
    self.browser = cef.CreateBrowserSync(window_info=cef.WindowInfo(parent_window= self.get_window_handle()), url="https://www.youtube.com/watch?v=hnjyoTAEE4Y")
  File "window_info.pyx", line 76, in cefpython_py39.WindowInfo.__init__
TypeError: __init__() got an unexpected keyword argument 'parent_window'


[2024-05-30 12:58:26] Traceback (most recent call last):
  File "c:\Users\kokada\hello\stopwatch.py", line 86, in <module>
    YouTubeApp().run()
  File "C:\Users\kokada\projectpython\myenv\lib\site-packages\kivy\app.py", line 955, in run
    self._run_prepare()
  File "C:\Users\kokada\projectpython\myenv\lib\site-packages\kivy\app.py", line 925, in _run_prepare
    root = self.build()
  File "c:\Users\kokada\hello\stopwatch.py", line 59, in build
    self.browser_widget = CefBrowser(size_hint=(1, 1))
  File "c:\Users\kokada\hello\stopwatch.py", line 24, in __init__
    self.init_browser()
  File "c:\Users\kokada\hello\stopwatch.py", line 29, in init_browser
    window_info.SetAsChild(self.get_window_id(), [0, 0, self.width, self.height])
  File "c:\Users\kokada\hello\stopwatch.py", line 35, in get_window_id
    return Window.window_id
AttributeError: 'WindowSDL' object has no attribute 'window_id'


[2024-05-30 13:01:24] Traceback (most recent call last):
  File "c:\Users\kokada\hello\stopwatch.py", line 86, in <module>
    YouTubeApp().run()
  File "C:\Users\kokada\projectpython\myenv\lib\site-packages\kivy\app.py", line 955, in run
    self._run_prepare()
  File "C:\Users\kokada\projectpython\myenv\lib\site-packages\kivy\app.py", line 925, in _run_prepare
    root = self.build()
  File "c:\Users\kokada\hello\stopwatch.py", line 59, in build
    self.browser_widget = CefBrowser(size_hint=(1, 1))
  File "c:\Users\kokada\hello\stopwatch.py", line 24, in __init__
    self.init_browser()
  File "c:\Users\kokada\hello\stopwatch.py", line 29, in init_browser
    window_info.SetAsChild(self.get_window_id(), [0, 0, self.width, self.height])
  File "c:\Users\kokada\hello\stopwatch.py", line 35, in get_window_id
    return Window.window_info
AttributeError: 'WindowSDL' object has no attribute 'window_info'


[2024-05-30 13:04:47] Traceback (most recent call last):
  File "c:\Users\kokada\hello\stopwatch.py", line 97, in <module>
    YouTubeApp().run()
  File "C:\Users\kokada\projectpython\myenv\lib\site-packages\kivy\app.py", line 955, in run
    self._run_prepare()
  File "C:\Users\kokada\projectpython\myenv\lib\site-packages\kivy\app.py", line 925, in _run_prepare
    root = self.build()
  File "c:\Users\kokada\hello\stopwatch.py", line 70, in build
    self.browser_widget = CefBrowser(size_hint=(1, 1))
  File "c:\Users\kokada\hello\stopwatch.py", line 24, in __init__
    self.init_browser()
  File "c:\Users\kokada\hello\stopwatch.py", line 29, in init_browser
    window_handle = self.get_window_handle()
  File "c:\Users\kokada\hello\stopwatch.py", line 39, in get_window_handle
    hwnd = ctypes.windll.user32.GetParent(Window.window_info())
AttributeError: 'WindowSDL' object has no attribute 'window_info'


[2024-05-30 13:11:30] Traceback (most recent call last):
  File "c:\Users\kokada\hello\stopwatch.py", line 96, in <module>
    YouTubeApp().run()
  File "C:\Users\kokada\projectpython\myenv\lib\site-packages\kivy\app.py", line 955, in run
    self._run_prepare()
  File "C:\Users\kokada\projectpython\myenv\lib\site-packages\kivy\app.py", line 925, in _run_prepare
    root = self.build()
  File "c:\Users\kokada\hello\stopwatch.py", line 69, in build
    self.browser_widget = CefBrowser(size_hint=(1, 1))
  File "c:\Users\kokada\hello\stopwatch.py", line 25, in __init__
    self.init_browser()
  File "c:\Users\kokada\hello\stopwatch.py", line 30, in init_browser
    window_handle = self.get_window_handle()
  File "c:\Users\kokada\hello\stopwatch.py", line 38, in get_window_handle
    hwnd = ctypes.windll.user32.GetParent(Window.get_window_info().handle)
AttributeError: 'kivy.core.window.window_info.WindowInfoWindows' object has no attribute 'handle'


[2024-05-30 13:11:41] Traceback (most recent call last):
  File "c:\Users\kokada\hello\stopwatch.py", line 96, in <module>
    YouTubeApp().run()
  File "C:\Users\kokada\projectpython\myenv\lib\site-packages\kivy\app.py", line 955, in run
    self._run_prepare()
  File "C:\Users\kokada\projectpython\myenv\lib\site-packages\kivy\app.py", line 925, in _run_prepare
    root = self.build()
  File "c:\Users\kokada\hello\stopwatch.py", line 69, in build
    self.browser_widget = CefBrowser(size_hint=(1, 1))
  File "c:\Users\kokada\hello\stopwatch.py", line 25, in __init__
    self.init_browser()
  File "c:\Users\kokada\hello\stopwatch.py", line 30, in init_browser
    window_handle = self.get_window_handle()
  File "c:\Users\kokada\hello\stopwatch.py", line 38, in get_window_handle
    hwnd = ctypes.windll.user32.GetParent(Window.get_window_info().handle)
AttributeError: 'kivy.core.window.window_info.WindowInfoWindows' object has no attribute 'handle'


[2024-05-30 13:14:14] Traceback (most recent call last):
  File "c:\Users\kokada\hello\stopwatch.py", line 92, in <module>
    YouTubeApp().run()
  File "C:\Users\kokada\projectpython\myenv\lib\site-packages\kivy\app.py", line 955, in run
    self._run_prepare()
  File "C:\Users\kokada\projectpython\myenv\lib\site-packages\kivy\app.py", line 925, in _run_prepare
    root = self.build()
  File "c:\Users\kokada\hello\stopwatch.py", line 65, in build
    self.browser_widget = CefBrowser(size_hint=(1, 1))
  File "c:\Users\kokada\hello\stopwatch.py", line 25, in __init__
    self.init_browser()
  File "c:\Users\kokada\hello\stopwatch.py", line 30, in init_browser
    window_handle = self.get_window_handle()
  File "c:\Users\kokada\hello\stopwatch.py", line 37, in get_window_handle
    return ctypes.windll.user32.GetParent(Window.window_id)
AttributeError: 'WindowSDL' object has no attribute 'window_id'


[2024-05-30 17:19:24] Traceback (most recent call last):
  File "c:\Users\kokada\hello\stopwatch.py", line 92, in <module>
    YouTubeApp().run()
  File "C:\Users\kokada\projectpython\myenv\lib\site-packages\kivy\app.py", line 955, in run
    self._run_prepare()
  File "C:\Users\kokada\projectpython\myenv\lib\site-packages\kivy\app.py", line 925, in _run_prepare
    root = self.build()
  File "c:\Users\kokada\hello\stopwatch.py", line 65, in build
    self.browser_widget = CefBrowser(size_hint=(1, 1))
  File "c:\Users\kokada\hello\stopwatch.py", line 25, in __init__
    self.init_browser()
  File "c:\Users\kokada\hello\stopwatch.py", line 30, in init_browser
    window_handle = self.get_window_handle()
  File "c:\Users\kokada\hello\stopwatch.py", line 37, in get_window_handle
    return ctypes.windll.user32.GetParent(Window.window_id)
AttributeError: 'WindowSDL' object has no attribute 'window_id'


[2024-05-30 17:20:14] Traceback (most recent call last):
  File "c:\Users\kokada\hello\stopwatch.py", line 92, in <module>
    YouTubeApp().run()
  File "C:\Users\kokada\projectpython\myenv\lib\site-packages\kivy\app.py", line 955, in run
    self._run_prepare()
  File "C:\Users\kokada\projectpython\myenv\lib\site-packages\kivy\app.py", line 925, in _run_prepare
    root = self.build()
  File "c:\Users\kokada\hello\stopwatch.py", line 65, in build
    self.browser_widget = CefBrowser(size_hint=(1, 1))
  File "c:\Users\kokada\hello\stopwatch.py", line 25, in __init__
    self.init_browser()
  File "c:\Users\kokada\hello\stopwatch.py", line 30, in init_browser
    window_handle = self.get_window_handle()
  File "c:\Users\kokada\hello\stopwatch.py", line 37, in get_window_handle
    return ctypes.windll.user32.GetParent(Window.window_id)
AttributeError: 'WindowSDL' object has no attribute 'window_id'


[2024-05-30 17:20:45] Traceback (most recent call last):
  File "c:\Users\kokada\hello\stopwatch.py", line 92, in <module>
    YouTubeApp().run()
  File "C:\Users\kokada\projectpython\myenv\lib\site-packages\kivy\app.py", line 955, in run
    self._run_prepare()
  File "C:\Users\kokada\projectpython\myenv\lib\site-packages\kivy\app.py", line 925, in _run_prepare
    root = self.build()
  File "c:\Users\kokada\hello\stopwatch.py", line 65, in build
    self.browser_widget = CefBrowser(size_hint=(1, 1))
  File "c:\Users\kokada\hello\stopwatch.py", line 25, in __init__
    self.init_browser()
  File "c:\Users\kokada\hello\stopwatch.py", line 30, in init_browser
    window_handle = self.get_window_handle()
  File "c:\Users\kokada\hello\stopwatch.py", line 37, in get_window_handle
    return ctypes.windll.user32.GetParent(Window.window_id)
AttributeError: 'WindowSDL' object has no attribute 'window_id'


[2024-05-30 17:21:01] Traceback (most recent call last):
  File "c:\Users\kokada\hello\stopwatch.py", line 92, in <module>
    YouTubeApp().run()
  File "C:\Users\kokada\projectpython\myenv\lib\site-packages\kivy\app.py", line 955, in run
    self._run_prepare()
  File "C:\Users\kokada\projectpython\myenv\lib\site-packages\kivy\app.py", line 925, in _run_prepare
    root = self.build()
  File "c:\Users\kokada\hello\stopwatch.py", line 65, in build
    self.browser_widget = CefBrowser(size_hint=(1, 1))
  File "c:\Users\kokada\hello\stopwatch.py", line 25, in __init__
    self.init_browser()
  File "c:\Users\kokada\hello\stopwatch.py", line 30, in init_browser
    window_handle = self.get_window_handle()
  File "c:\Users\kokada\hello\stopwatch.py", line 37, in get_window_handle
    return ctypes.windll.user32.GetParent(Window.window_id)
AttributeError: 'WindowSDL' object has no attribute 'window_id'


[2024-05-30 17:25:34] Traceback (most recent call last):
  File "c:\Users\kokada\hello\stopwatch.py", line 94, in <module>
    YouTubeApp().run()
  File "C:\Users\kokada\projectpython\myenv\lib\site-packages\kivy\app.py", line 955, in run
    self._run_prepare()
  File "C:\Users\kokada\projectpython\myenv\lib\site-packages\kivy\app.py", line 925, in _run_prepare
    root = self.build()
  File "c:\Users\kokada\hello\stopwatch.py", line 67, in build
    self.browser_widget = CefBrowser(size_hint=(1, 1))
  File "c:\Users\kokada\hello\stopwatch.py", line 25, in __init__
    self.init_browser()
  File "c:\Users\kokada\hello\stopwatch.py", line 30, in init_browser
    window_handle = self.get_window_handle()
  File "c:\Users\kokada\hello\stopwatch.py", line 38, in get_window_handle
    window_id = Window.window_info()['window']
AttributeError: 'WindowSDL' object has no attribute 'window_info'


[2024-05-30 23:15:57] Traceback (most recent call last):
  File "c:\Users\kokada\hello\stopwatch.py", line 95, in <module>
    YouTubeApp().run()
  File "C:\Users\kokada\projectpython\myenv\lib\site-packages\kivy\app.py", line 955, in run
    self._run_prepare()
  File "C:\Users\kokada\projectpython\myenv\lib\site-packages\kivy\app.py", line 925, in _run_prepare
    root = self.build()
  File "c:\Users\kokada\hello\stopwatch.py", line 68, in build
    self.browser_widget = CefBrowser(size_hint=(1, 1))
  File "c:\Users\kokada\hello\stopwatch.py", line 24, in __init__
    self.init_browser()
  File "c:\Users\kokada\hello\stopwatch.py", line 29, in init_browser
    window_handle = self.get_window_handle()
  File "c:\Users\kokada\hello\stopwatch.py", line 37, in get_window_handle
    return Window.window_info()['window']
AttributeError: 'WindowSDL' object has no attribute 'window_info'


[2024-05-30 23:35:36] Traceback (most recent call last):
  File "c:\Users\kokada\hello\stopwatch.py", line 86, in <module>
    YouTubeApp().run()
  File "C:\Users\kokada\projectpython\myenv\lib\site-packages\kivy\app.py", line 955, in run
    self._run_prepare()
  File "C:\Users\kokada\projectpython\myenv\lib\site-packages\kivy\app.py", line 925, in _run_prepare
    root = self.build()
  File "c:\Users\kokada\hello\stopwatch.py", line 59, in build
    self.browser_widget = CefBrowser(size_hint=(1, 1))
  File "c:\Users\kokada\hello\stopwatch.py", line 24, in __init__
    self.init_browser()
  File "c:\Users\kokada\hello\stopwatch.py", line 29, in init_browser
    window_info.SetAsChild(self.get_window_id(), [0, 0, self.width, self.height])
  File "c:\Users\kokada\hello\stopwatch.py", line 35, in get_window_id
    return Window.window_id
AttributeError: 'WindowSDL' object has no attribute 'window_id'


[2024-05-31 01:37:59] Traceback (most recent call last):
  File "c:\Users\kokada\hello\stopwatch.py", line 86, in <module>
    YouTubeApp().run()
  File "C:\Users\kokada\projectpython\myenv\lib\site-packages\kivy\app.py", line 955, in run
    self._run_prepare()
  File "C:\Users\kokada\projectpython\myenv\lib\site-packages\kivy\app.py", line 925, in _run_prepare
    root = self.build()
  File "c:\Users\kokada\hello\stopwatch.py", line 59, in build
    self.browser_widget = CefBrowser(size_hint=(1, 1))
  File "c:\Users\kokada\hello\stopwatch.py", line 24, in __init__
    self.init_browser()
  File "c:\Users\kokada\hello\stopwatch.py", line 29, in init_browser
    window_info.SetAsChild(self.get_window_id(), [0, 0, self.width, self.height])
  File "c:\Users\kokada\hello\stopwatch.py", line 35, in get_window_id
    return Window.window_id
AttributeError: 'WindowSDL' object has no attribute 'window_id'


[2024-05-31 03:20:56] Traceback (most recent call last):
  File "c:\Users\kokada\hello\stopwatch.py", line 86, in <module>
    YouTubeApp().run()
  File "C:\Users\kokada\projectpython\myenv\lib\site-packages\kivy\app.py", line 955, in run
    self._run_prepare()
  File "C:\Users\kokada\projectpython\myenv\lib\site-packages\kivy\app.py", line 925, in _run_prepare
    root = self.build()
  File "c:\Users\kokada\hello\stopwatch.py", line 59, in build
    self.browser_widget = CefBrowser(size_hint=(1, 1))
  File "c:\Users\kokada\hello\stopwatch.py", line 24, in __init__
    self.init_browser()
  File "c:\Users\kokada\hello\stopwatch.py", line 29, in init_browser
    window_info.SetAsChild(self.get_window_id(), [0, 0, self.width, self.height])
  File "c:\Users\kokada\hello\stopwatch.py", line 35, in get_window_id
    return Window.window_id
AttributeError: 'WindowSDL' object has no attribute 'window_id'


[2024-06-02 22:58:53] Traceback (most recent call last):
  File "c:\Users\kokada\hello\stopwatch.py", line 103, in <module>
    YouTubeApp().run()
  File "C:\Users\kokada\projectpython\myenv\lib\site-packages\kivy\app.py", line 955, in run
    self._run_prepare()
  File "C:\Users\kokada\projectpython\myenv\lib\site-packages\kivy\app.py", line 925, in _run_prepare
    root = self.build()
  File "c:\Users\kokada\hello\stopwatch.py", line 76, in build
    self.browser_widget = CefBrowser(size_hint=(1, 1))
  File "c:\Users\kokada\hello\stopwatch.py", line 26, in __init__
    self.init_browser()
  File "c:\Users\kokada\hello\stopwatch.py", line 31, in init_browser
    window_handle = self.get_window_handle()
  File "c:\Users\kokada\hello\stopwatch.py", line 42, in get_window_handle
    raise RuntimeError("Unable to get window handle")
RuntimeError: Unable to get window handle


[2024-06-02 23:00:03] Traceback (most recent call last):
  File "c:\Users\kokada\hello\stopwatch.py", line 104, in <module>
    YouTubeApp().run()
  File "C:\Users\kokada\projectpython\myenv\lib\site-packages\kivy\app.py", line 955, in run
    self._run_prepare()
  File "C:\Users\kokada\projectpython\myenv\lib\site-packages\kivy\app.py", line 925, in _run_prepare
    root = self.build()
  File "c:\Users\kokada\hello\stopwatch.py", line 77, in build
    self.browser_widget = CefBrowser(size_hint=(1, 1))
  File "c:\Users\kokada\hello\stopwatch.py", line 26, in __init__
    self.init_browser()
  File "c:\Users\kokada\hello\stopwatch.py", line 31, in init_browser
    window_handle = self.get_window_handle()
  File "c:\Users\kokada\hello\stopwatch.py", line 42, in get_window_handle
    raise RuntimeError("Unable to get window handle")
RuntimeError: Unable to get window handle


[2024-06-02 23:00:11] Traceback (most recent call last):
  File "c:\Users\kokada\hello\stopwatch.py", line 104, in <module>
    YouTubeApp().run()
  File "C:\Users\kokada\projectpython\myenv\lib\site-packages\kivy\app.py", line 955, in run
    self._run_prepare()
  File "C:\Users\kokada\projectpython\myenv\lib\site-packages\kivy\app.py", line 925, in _run_prepare
    root = self.build()
  File "c:\Users\kokada\hello\stopwatch.py", line 77, in build
    self.browser_widget = CefBrowser(size_hint=(1, 1))
  File "c:\Users\kokada\hello\stopwatch.py", line 26, in __init__
    self.init_browser()
  File "c:\Users\kokada\hello\stopwatch.py", line 31, in init_browser
    window_handle = self.get_window_handle()
  File "c:\Users\kokada\hello\stopwatch.py", line 42, in get_window_handle
    raise RuntimeError("Unable to get window handle")
RuntimeError: Unable to get window handle


[2024-06-02 23:02:38] Traceback (most recent call last):
  File "c:\Users\kokada\hello\stopwatch.py", line 104, in <module>
    YouTubeApp().run()
  File "C:\Users\kokada\projectpython\myenv\lib\site-packages\kivy\app.py", line 955, in run
    self._run_prepare()
  File "C:\Users\kokada\projectpython\myenv\lib\site-packages\kivy\app.py", line 925, in _run_prepare
    root = self.build()
  File "c:\Users\kokada\hello\stopwatch.py", line 77, in build
    self.browser_widget = CefBrowser(size_hint=(1, 1))
  File "c:\Users\kokada\hello\stopwatch.py", line 26, in __init__
    self.init_browser()
  File "c:\Users\kokada\hello\stopwatch.py", line 31, in init_browser
    window_handle = self.get_window_handle()
  File "c:\Users\kokada\hello\stopwatch.py", line 41, in get_window_handle
    hwnd = Window._get_window().window.handle
AttributeError: 'WindowSDL' object has no attribute '_get_window'


[2024-06-02 23:02:52] Traceback (most recent call last):
  File "c:\Users\kokada\hello\stopwatch.py", line 104, in <module>
    YouTubeApp().run()
  File "C:\Users\kokada\projectpython\myenv\lib\site-packages\kivy\app.py", line 955, in run
    self._run_prepare()
  File "C:\Users\kokada\projectpython\myenv\lib\site-packages\kivy\app.py", line 925, in _run_prepare
    root = self.build()
  File "c:\Users\kokada\hello\stopwatch.py", line 77, in build
    self.browser_widget = CefBrowser(size_hint=(1, 1))
  File "c:\Users\kokada\hello\stopwatch.py", line 26, in __init__
    self.init_browser()
  File "c:\Users\kokada\hello\stopwatch.py", line 31, in init_browser
    window_handle = self.get_window_handle()
  File "c:\Users\kokada\hello\stopwatch.py", line 41, in get_window_handle
    hwnd = Window._get_window().window.handle
AttributeError: 'WindowSDL' object has no attribute '_get_window'


[2024-06-02 23:05:35] Traceback (most recent call last):
  File "c:\Users\kokada\hello\stopwatch.py", line 104, in <module>
    YouTubeApp().run()
  File "C:\Users\kokada\projectpython\myenv\lib\site-packages\kivy\app.py", line 955, in run
    self._run_prepare()
  File "C:\Users\kokada\projectpython\myenv\lib\site-packages\kivy\app.py", line 925, in _run_prepare
    root = self.build()
  File "c:\Users\kokada\hello\stopwatch.py", line 77, in build
    self.browser_widget = CefBrowser(size_hint=(1, 1))
  File "c:\Users\kokada\hello\stopwatch.py", line 26, in __init__
    self.init_browser()
  File "c:\Users\kokada\hello\stopwatch.py", line 31, in init_browser
    window_handle = self.get_window_handle()
  File "c:\Users\kokada\hello\stopwatch.py", line 42, in get_window_handle
    return window_info.get_win32_window_info().hwnd
AttributeError: 'kivy.core.window.window_info.WindowInfoWindows' object has no attribute 'get_win32_window_info'


[2024-06-02 23:05:55] Traceback (most recent call last):
  File "c:\Users\kokada\hello\stopwatch.py", line 104, in <module>
    YouTubeApp().run()
  File "C:\Users\kokada\projectpython\myenv\lib\site-packages\kivy\app.py", line 955, in run
    self._run_prepare()
  File "C:\Users\kokada\projectpython\myenv\lib\site-packages\kivy\app.py", line 925, in _run_prepare
    root = self.build()
  File "c:\Users\kokada\hello\stopwatch.py", line 77, in build
    self.browser_widget = CefBrowser(size_hint=(1, 1))
  File "c:\Users\kokada\hello\stopwatch.py", line 26, in __init__
    self.init_browser()
  File "c:\Users\kokada\hello\stopwatch.py", line 31, in init_browser
    window_handle = self.get_window_handle()
  File "c:\Users\kokada\hello\stopwatch.py", line 42, in get_window_handle
    return window_info.get_win32_window_info().hwnd
AttributeError: 'kivy.core.window.window_info.WindowInfoWindows' object has no attribute 'get_win32_window_info'


[2024-06-04 15:22:18] Traceback (most recent call last):
  File "c:\Users\kokada\hello\stopwatch.py", line 67, in <module>
    WebViewApp().run()
  File "C:\Users\kokada\projectpython\myenv\lib\site-packages\kivy\app.py", line 956, in run
    runTouchApp()
  File "C:\Users\kokada\projectpython\myenv\lib\site-packages\kivy\base.py", line 574, in runTouchApp
    EventLoop.mainloop()
  File "C:\Users\kokada\projectpython\myenv\lib\site-packages\kivy\base.py", line 339, in mainloop
    self.idle()
  File "C:\Users\kokada\projectpython\myenv\lib\site-packages\kivy\base.py", line 383, in idle
    self.dispatch_input()
  File "C:\Users\kokada\projectpython\myenv\lib\site-packages\kivy\base.py", line 334, in dispatch_input
    post_dispatch_input(*pop(0))
  File "C:\Users\kokada\projectpython\myenv\lib\site-packages\kivy\base.py", line 263, in post_dispatch_input
    listener.dispatch('on_motion', etype, me)
  File "kivy\_event.pyx", line 731, in kivy._event.EventDispatcher.dispatch
  File "C:\Users\kokada\projectpython\myenv\lib\site-packages\kivy\core\window\__init__.py", line 1691, in on_motion
    self.dispatch('on_touch_down', me)
  File "kivy\_event.pyx", line 731, in kivy._event.EventDispatcher.dispatch
  File "C:\Users\kokada\projectpython\myenv\lib\site-packages\kivy\core\window\__init__.py", line 1708, in on_touch_down
    if w.dispatch('on_touch_down', touch):
  File "kivy\_event.pyx", line 731, in kivy._event.EventDispatcher.dispatch
  File "C:\Users\kokada\projectpython\myenv\lib\site-packages\kivy\uix\widget.py", line 589, in on_touch_down
    if child.dispatch('on_touch_down', touch):
  File "kivy\_event.pyx", line 731, in kivy._event.EventDispatcher.dispatch
  File "C:\Users\kokada\projectpython\myenv\lib\site-packages\kivy\uix\behaviors\button.py", line 151, in on_touch_down
    self.dispatch('on_press')
  File "kivy\_event.pyx", line 727, in kivy._event.EventDispatcher.dispatch
  File "kivy\_event.pyx", line 1307, in kivy._event.EventObservers.dispatch
  File "kivy\_event.pyx", line 1231, in kivy._event.EventObservers._dispatch
  File "c:\Users\kokada\hello\stopwatch.py", line 61, in load_video
    self.cef_browser.browser.LoadUrl(url)
  File "browser.pyx", line 524, in cefpython_py39.PyBrowser.LoadUrl
  File "browser.pyx", line 525, in cefpython_py39.PyBrowser.LoadUrl
  File "browser.pyx", line 467, in cefpython_py39.PyBrowser.GetMainFrame
  File "browser.pyx", line 212, in cefpython_py39.PyBrowser.GetCefBrowser
Exception: PyBrowser.GetCefBrowser() failed: CefBrowser was destroyed


[2024-06-04 15:24:34] Traceback (most recent call last):
  File "c:\Users\kokada\hello\stopwatch.py", line 74, in <module>
    WebViewApp().run()
  File "C:\Users\kokada\projectpython\myenv\lib\site-packages\kivy\app.py", line 955, in run
    self._run_prepare()
  File "C:\Users\kokada\projectpython\myenv\lib\site-packages\kivy\app.py", line 925, in _run_prepare
    root = self.build()
  File "c:\Users\kokada\hello\stopwatch.py", line 51, in build
    self.cef_browser.start_cef("https://www.youtube.com")
  File "c:\Users\kokada\hello\stopwatch.py", line 23, in start_cef
    window_info.SetAsChild(self.get_window().get_parent_window(), [0, 0, self.width, self.height])
AttributeError: 'CefBrowser' object has no attribute 'get_window'


[2024-06-04 15:29:57] Traceback (most recent call last):
  File "c:\Users\kokada\hello\stopwatch.py", line 75, in <module>
    WebViewApp().run()
  File "C:\Users\kokada\projectpython\myenv\lib\site-packages\kivy\app.py", line 955, in run
    self._run_prepare()
  File "C:\Users\kokada\projectpython\myenv\lib\site-packages\kivy\app.py", line 925, in _run_prepare
    root = self.build()
  File "c:\Users\kokada\hello\stopwatch.py", line 52, in build
    self.cef_browser.start_cef("https://www.youtube.com")
  File "c:\Users\kokada\hello\stopwatch.py", line 24, in start_cef
    window_info.SetAsChild(int(Window.window_info().window), [0, 0, int(self.width), int(self.height)])
AttributeError: 'WindowSDL' object has no attribute 'window_info'

