#
# A fatal error has been detected by the Java Runtime Environment:
#
#  EXCEPTION_ACCESS_VIOLATION (0xc0000005) at pc=0x00007ffbc381c3f9, pid=33812, tid=0x0000000000008ec4
#
# JRE version: Java(TM) SE Runtime Environment (8.0_131-b11) (build 1.8.0_131-b11)
# Java VM: Java HotSpot(TM) 64-Bit Server VM (25.131-b11 mixed mode windows-amd64 compressed oops)
# Problematic frame:
# C  [msvcr120.dll+0x3c3f9]
#
# Failed to write core dump. Minidumps are not enabled by default on client versions of Windows
#
# If you would like to submit a bug report, please visit:
#   http://bugreport.java.com/bugreport/crash.jsp
# The crash happened outside the Java Virtual Machine in native code.
# See problematic frame for where to report the bug.
#

---------------  T H R E A D  ---------------

Current thread (0x0000000022a2b800):  JavaThread "JavaFX Application Thread" [_thread_in_native, id=36548, stack(0x0000000023e90000,0x0000000023f90000)]

siginfo: ExceptionCode=0xc0000005, reading address 0xffffffffffffffff

Registers:
RAX=0x00000000c0001040, RBX=0x00000000c0001040, RCX=0x000000006a2c4460, RDX=0x0003dfff3fffefa9
RSP=0x0000000023f890d8, RBP=0x0003e00000000001, RSI=0x0003e00000000001, RDI=0x00000000c0001058
R8 =0x000000006a2c4460, R9 =0x0000000000004000, R10=0x0003e00000000001, R11=0x00000000c0001058
R12=0x0000000023f8bb62, R13=0x0000000023f8be10, R14=0x000000006a2c4460, R15=0x0000000000000000
RIP=0x00007ffbc381c3f9, EFLAGS=0x0000000000010217

Top of Stack: (sp=0x0000000023f890d8)
0x0000000023f890d8:   0000000023f89180 0000000035162230
0x0000000023f890e8:   0000000059442a84 0000000000840000
0x0000000023f890f8:   0000000000000000 0000000000000038
0x0000000023f89108:   0000000000000000 0000000000000002
0x0000000023f89118:   0000000059445d4e 0000000023f89180
0x0000000023f89128:   0000000000000007 0000000035141c90
0x0000000023f89138:   0000000000000000 0000000023f891b0
0x0000000023f89148:   000000005944bcaf 0000000023f8be10
0x0000000023f89158:   0000000023f8bb62 0000000000000018
0x0000000023f89168:   0000000000100004 0000000023f891e0
0x0000000023f89178:   0000000058511f73 0000000000000000
0x0000000023f89188:   0000000000000018 0000000023f8be10
0x0000000023f89198:   0000000023f80000 0000000035141df0
0x0000000023f891a8:   0000000058570436 0000000000000000
0x0000000023f891b8:   0000000000100004 0000000035141f70
0x0000000023f891c8:   0000000000100004 0000000023f89260 

Instructions: (pc=0x00007ffbc381c3f9)
0x00007ffbc381c3d9:   03 c0 48 3b c8 0f 8c 96 03 00 00 0f ba 25 6c 53
0x00007ffbc381c3e9:   0a 00 01 73 13 57 56 48 8b f9 49 8b f2 49 8b c8
0x00007ffbc381c3f9:   f3 a4 5e 5f 49 8b c3 c3 0f ba 25 4f 53 0a 00 02
0x00007ffbc381c409:   0f 82 56 02 00 00 f6 c1 07 74 36 f6 c1 01 74 0b 


Register to memory mapping:

RAX=0x00000000c0001040 is an unknown value
RBX=0x00000000c0001040 is an unknown value
RCX=0x000000006a2c4460 is an unknown value
RDX=0x0003dfff3fffefa9 is an unknown value
RSP=0x0000000023f890d8 is pointing into the stack for thread: 0x0000000022a2b800
RBP=0x0003e00000000001 is an unknown value
RSI=0x0003e00000000001 is an unknown value
RDI=0x00000000c0001058 is an unknown value
R8 =0x000000006a2c4460 is an unknown value
R9 =0x0000000000004000 is an unknown value
R10=0x0003e00000000001 is an unknown value
R11=0x00000000c0001058 is an unknown value
R12=0x0000000023f8bb62 is pointing into the stack for thread: 0x0000000022a2b800
R13=0x0000000023f8be10 is pointing into the stack for thread: 0x0000000022a2b800
R14=0x000000006a2c4460 is an unknown value
R15=0x0000000000000000 is an unknown value


Stack: [0x0000000023e90000,0x0000000023f90000],  sp=0x0000000023f890d8,  free space=996k
Native frames: (J=compiled Java code, j=interpreted, Vv=VM code, C=native code)
C  [msvcr120.dll+0x3c3f9]
C  0x0000000023f89180

Java frames: (J=compiled Java code, j=interpreted, Vv=VM code)
j  com.sun.webkit.network.URLLoader.twkDidFinishLoading(J)V+0
j  com.sun.webkit.network.URLLoader.notifyDidFinishLoading()V+44
j  com.sun.webkit.network.URLLoader.lambda$didFinishLoading$103()V+8
j  com.sun.webkit.network.URLLoader$$Lambda$215.run()V+4
J 1679 C1 com.sun.javafx.application.PlatformImpl$$Lambda$50.run()Ljava/lang/Object; (8 bytes) @ 0x0000000002eb3b0c [0x0000000002eb39c0+0x14c]
v  ~StubRoutines::call_stub
J 1063  java.security.AccessController.doPrivileged(Ljava/security/PrivilegedAction;Ljava/security/AccessControlContext;)Ljava/lang/Object; (0 bytes) @ 0x0000000002d6cd26 [0x0000000002d6ccc0+0x66]
J 1676 C1 com.sun.javafx.application.PlatformImpl.lambda$runLater$174(Ljava/lang/Runnable;Ljava/security/AccessControlContext;)V (38 bytes) @ 0x0000000002eb2c4c [0x0000000002eb28e0+0x36c]
J 1538 C1 com.sun.javafx.application.PlatformImpl$$Lambda$49.run()V (12 bytes) @ 0x0000000002e6cdcc [0x0000000002e6cd40+0x8c]
J 1240 C1 com.sun.glass.ui.InvokeLaterDispatcher$Future.run()V (91 bytes) @ 0x0000000002dc31d4 [0x0000000002dc30c0+0x114]
v  ~StubRoutines::call_stub
j  com.sun.glass.ui.win.WinApplication._runLoop(Ljava/lang/Runnable;)V+0
j  com.sun.glass.ui.win.WinApplication.lambda$null$148(ILjava/lang/Runnable;)V+8
j  com.sun.glass.ui.win.WinApplication$$Lambda$38.run()V+12
j  java.lang.Thread.run()V+11
v  ~StubRoutines::call_stub

---------------  P R O C E S S  ---------------

Java Threads: ( => current thread )
  0x00000000223e8000 JavaThread "URL-Loader-18" daemon [_thread_blocked, id=31052, stack(0x0000000035940000,0x0000000035a40000)]
  0x00000000223e3800 JavaThread "URL-Loader-17" daemon [_thread_blocked, id=43632, stack(0x0000000034870000,0x0000000034970000)]
  0x00000000223e0800 JavaThread "URL-Loader-16" daemon [_thread_blocked, id=22560, stack(0x0000000034770000,0x0000000034870000)]
  0x00000000223e7800 JavaThread "URL-Loader-15" daemon [_thread_blocked, id=7160, stack(0x0000000034670000,0x0000000034770000)]
  0x00000000223e0000 JavaThread "URL-Loader-14" daemon [_thread_blocked, id=38580, stack(0x0000000034570000,0x0000000034670000)]
  0x00000000223e6000 JavaThread "URL-Loader-13" daemon [_thread_blocked, id=21000, stack(0x0000000034470000,0x0000000034570000)]
  0x00000000223e5000 JavaThread "URL-Loader-12" daemon [_thread_blocked, id=9320, stack(0x0000000034370000,0x0000000034470000)]
  0x00000000223e3000 JavaThread "URL-Loader-11" daemon [_thread_blocked, id=12456, stack(0x0000000034270000,0x0000000034370000)]
  0x00000000223e6800 JavaThread "URL-Loader-10" daemon [_thread_blocked, id=35784, stack(0x0000000034170000,0x0000000034270000)]
  0x00000000223e2000 JavaThread "URL-Loader-9" daemon [_thread_blocked, id=8352, stack(0x0000000034070000,0x0000000034170000)]
  0x0000000022e5b000 JavaThread "URL-Loader-8" daemon [_thread_blocked, id=41960, stack(0x0000000033f70000,0x0000000034070000)]
  0x0000000022e5a000 JavaThread "URL-Loader-7" daemon [_thread_blocked, id=9116, stack(0x0000000033e70000,0x0000000033f70000)]
  0x0000000022e5b800 JavaThread "Keep-Alive-Timer" daemon [_thread_blocked, id=40868, stack(0x0000000033d70000,0x0000000033e70000)]
  0x0000000022e5f800 JavaThread "URL-Loader-6" daemon [_thread_blocked, id=16620, stack(0x0000000033470000,0x0000000033570000)]
  0x0000000022e5c800 JavaThread "URL-Loader-5" daemon [_thread_blocked, id=18860, stack(0x0000000033370000,0x0000000033470000)]
  0x0000000022e5e800 JavaThread "URL-Loader-4" daemon [_thread_blocked, id=41244, stack(0x0000000033270000,0x0000000033370000)]
  0x0000000022e5e000 JavaThread "URL-Loader-3" daemon [_thread_blocked, id=42864, stack(0x0000000033170000,0x0000000033270000)]
  0x0000000022e61000 JavaThread "URL-Loader-2" daemon [_thread_blocked, id=40556, stack(0x0000000033070000,0x0000000033170000)]
  0x0000000022e5d000 JavaThread "URL-Loader-1" daemon [_thread_blocked, id=21704, stack(0x00000000314a0000,0x00000000315a0000)]
  0x0000000022e60000 JavaThread "AWT-Windows" daemon [_thread_in_native, id=38628, stack(0x00000000315a0000,0x00000000316a0000)]
  0x0000000022e53000 JavaThread "Java2D Disposer" daemon [_thread_blocked, id=21048, stack(0x00000000313a0000,0x00000000314a0000)]
  0x0000000022bfb800 JavaThread "Prism Font Disposer" daemon [_thread_blocked, id=32656, stack(0x00000000302a0000,0x00000000303a0000)]
  0x0000000022ae3800 JavaThread "Disposer" daemon [_thread_blocked, id=31704, stack(0x0000000028a20000,0x0000000028b20000)]
  0x0000000022a93000 JavaThread "Thread-3" daemon [_thread_in_native, id=22372, stack(0x0000000028820000,0x0000000028920000)]
  0x0000000022a83800 JavaThread "JavaFX-Launcher" [_thread_blocked, id=38992, stack(0x0000000028920000,0x0000000028a20000)]
=>0x0000000022a2b800 JavaThread "JavaFX Application Thread" [_thread_in_native, id=36548, stack(0x0000000023e90000,0x0000000023f90000)]
  0x00000000229e5000 JavaThread "Thread-1" daemon [_thread_blocked, id=8356, stack(0x00000000232f0000,0x00000000233f0000)]
  0x00000000229d0800 JavaThread "QuantumRenderer-0" daemon [_thread_blocked, id=30520, stack(0x00000000231d0000,0x00000000232d0000)]
  0x000000002224b000 JavaThread "Service Thread" daemon [_thread_blocked, id=4796, stack(0x00000000227d0000,0x00000000228d0000)]
  0x0000000020ad7000 JavaThread "C1 CompilerThread2" daemon [_thread_blocked, id=41436, stack(0x00000000226d0000,0x00000000227d0000)]
  0x0000000020ad6800 JavaThread "C2 CompilerThread1" daemon [_thread_blocked, id=39188, stack(0x00000000225d0000,0x00000000226d0000)]
  0x0000000020ad4000 JavaThread "C2 CompilerThread0" daemon [_thread_blocked, id=33176, stack(0x00000000220d0000,0x00000000221d0000)]
  0x0000000020ae3000 JavaThread "Attach Listener" daemon [_thread_blocked, id=5236, stack(0x0000000021fd0000,0x00000000220d0000)]
  0x0000000020b27800 JavaThread "Signal Dispatcher" daemon [_thread_blocked, id=37388, stack(0x0000000021ed0000,0x0000000021fd0000)]
  0x0000000020ab9000 JavaThread "Finalizer" daemon [_thread_blocked, id=41804, stack(0x0000000021d30000,0x0000000021e30000)]
  0x0000000002981000 JavaThread "Reference Handler" daemon [_thread_blocked, id=43156, stack(0x0000000021c30000,0x0000000021d30000)]
  0x000000000288e000 JavaThread "main" [_thread_blocked, id=35624, stack(0x0000000002780000,0x0000000002880000)]

Other Threads:
  0x0000000020a97000 VMThread [stack: 0x0000000021b30000,0x0000000021c30000] [id=43108]
  0x0000000022278800 WatcherThread [stack: 0x00000000228d0000,0x00000000229d0000] [id=13888]

VM state:not at safepoint (normal execution)

VM Mutex/Monitor currently owned by a thread: None

Heap:
 PSYoungGen      total 207872K, used 18036K [0x0000000740700000, 0x000000074e280000, 0x00000007c0000000)
  eden space 192000K, 8% used [0x0000000740700000,0x00000007416426f8,0x000000074c280000)
  from space 15872K, 15% used [0x000000074d300000,0x000000074d55a948,0x000000074e280000)
  to   space 16384K, 0% used [0x000000074c280000,0x000000074c280000,0x000000074d280000)
 ParOldGen       total 108544K, used 9757K [0x0000000641400000, 0x0000000647e00000, 0x0000000740700000)
  object space 108544K, 8% used [0x0000000641400000,0x0000000641d874b0,0x0000000647e00000)
 Metaspace       used 22537K, capacity 23386K, committed 23552K, reserved 1069056K
  class space    used 3039K, capacity 3250K, committed 3328K, reserved 1048576K

Card table byte_map: [0x0000000011d50000,0x0000000012950000] byte_map_base: 0x000000000eb46000

Marking Bits: (ParMarkBitMap*) 0x000000005b32c720
 Begin Bits: [0x0000000013550000, 0x0000000019500000)
 End Bits:   [0x0000000019500000, 0x000000001f4b0000)

Polling page: 0x00000000023c0000

CodeCache: size=245760Kb used=8151Kb max_used=8698Kb free=237608Kb
 bounds [0x0000000002990000, 0x0000000003230000, 0x0000000011990000]
 total_blobs=3445 nmethods=2654 adapters=703
 compilation: enabled

Compilation events (10 events):
Event: 31.932 Thread 0x0000000020ad7000 2955       3       java.io.BufferedInputStream::<init> (32 bytes)
Event: 31.933 Thread 0x0000000020ad7000 nmethod 2955 0x0000000002b41ad0 code [0x0000000002b41c60, 0x0000000002b420a8]
Event: 31.959 Thread 0x0000000020ad4000 2957       4       java.util.zip.Inflater::ensureOpen (47 bytes)
Event: 31.959 Thread 0x0000000020ad6800 2958       4       java.io.BufferedInputStream::read1 (108 bytes)
Event: 31.959 Thread 0x0000000020ad4000 nmethod 2957 0x0000000002ab9b10 code [0x0000000002ab9c40, 0x0000000002ab9cd8]
Event: 31.964 Thread 0x0000000020ad6800 nmethod 2958 0x0000000002c54090 code [0x0000000002c54200, 0x0000000002c54808]
Event: 31.972 Thread 0x0000000020ad4000 2959  s    4       java.io.BufferedInputStream::read (113 bytes)
Event: 31.989 Thread 0x0000000020ad4000 nmethod 2959 0x0000000002fc4b90 code [0x0000000002fc4d40, 0x0000000002fc60d8]
Event: 32.016 Thread 0x0000000020ad7000 2960       3       sun.net.www.protocol.http.HttpURLConnection$HttpInputStream::read (9 bytes)
Event: 32.016 Thread 0x0000000020ad7000 nmethod 2960 0x0000000002d17490 code [0x0000000002d17600, 0x0000000002d177a8]

GC Heap History (10 events):
Event: 31.097 GC heap before
{Heap before GC invocations=1 (full 0):
 PSYoungGen      total 114688K, used 82669K [0x0000000740700000, 0x0000000748700000, 0x00000007c0000000)
  eden space 98304K, 84% used [0x0000000740700000,0x00000007457bb5c0,0x0000000746700000)
  from space 16384K, 0% used [0x0000000747700000,0x0000000747700000,0x0000000748700000)
  to   space 16384K, 0% used [0x0000000746700000,0x0000000746700000,0x0000000747700000)
 ParOldGen       total 262144K, used 0K [0x0000000641400000, 0x0000000651400000, 0x0000000740700000)
  object space 262144K, 0% used [0x0000000641400000,0x0000000641400000,0x0000000651400000)
 Metaspace       used 20299K, capacity 21108K, committed 21248K, reserved 1067008K
  class space    used 2822K, capacity 3011K, committed 3072K, reserved 1048576K
Event: 31.105 GC heap after
Heap after GC invocations=1 (full 0):
 PSYoungGen      total 114688K, used 11858K [0x0000000740700000, 0x0000000748700000, 0x00000007c0000000)
  eden space 98304K, 0% used [0x0000000740700000,0x0000000740700000,0x0000000746700000)
  from space 16384K, 72% used [0x0000000746700000,0x0000000747294960,0x0000000747700000)
  to   space 16384K, 0% used [0x0000000747700000,0x0000000747700000,0x0000000748700000)
 ParOldGen       total 262144K, used 51K [0x0000000641400000, 0x0000000651400000, 0x0000000740700000)
  object space 262144K, 0% used [0x0000000641400000,0x000000064140cc50,0x0000000651400000)
 Metaspace       used 20299K, capacity 21108K, committed 21248K, reserved 1067008K
  class space    used 2822K, capacity 3011K, committed 3072K, reserved 1048576K
}
Event: 31.105 GC heap before
{Heap before GC invocations=2 (full 1):
 PSYoungGen      total 114688K, used 11858K [0x0000000740700000, 0x0000000748700000, 0x00000007c0000000)
  eden space 98304K, 0% used [0x0000000740700000,0x0000000740700000,0x0000000746700000)
  from space 16384K, 72% used [0x0000000746700000,0x0000000747294960,0x0000000747700000)
  to   space 16384K, 0% used [0x0000000747700000,0x0000000747700000,0x0000000748700000)
 ParOldGen       total 262144K, used 51K [0x0000000641400000, 0x0000000651400000, 0x0000000740700000)
  object space 262144K, 0% used [0x0000000641400000,0x000000064140cc50,0x0000000651400000)
 Metaspace       used 20299K, capacity 21108K, committed 21248K, reserved 1067008K
  class space    used 2822K, capacity 3011K, committed 3072K, reserved 1048576K
Event: 31.132 GC heap after
Heap after GC invocations=2 (full 1):
 PSYoungGen      total 114688K, used 0K [0x0000000740700000, 0x0000000748700000, 0x00000007c0000000)
  eden space 98304K, 0% used [0x0000000740700000,0x0000000740700000,0x0000000746700000)
  from space 16384K, 0% used [0x0000000746700000,0x0000000746700000,0x0000000747700000)
  to   space 16384K, 0% used [0x0000000747700000,0x0000000747700000,0x0000000748700000)
 ParOldGen       total 108544K, used 9733K [0x0000000641400000, 0x0000000647e00000, 0x0000000740700000)
  object space 108544K, 8% used [0x0000000641400000,0x0000000641d814b0,0x0000000647e00000)
 Metaspace       used 20299K, capacity 21108K, committed 21248K, reserved 1067008K
  class space    used 2822K, capacity 3011K, committed 3072K, reserved 1048576K
}
Event: 31.524 GC heap before
{Heap before GC invocations=3 (full 1):
 PSYoungGen      total 114688K, used 98253K [0x0000000740700000, 0x0000000748700000, 0x00000007c0000000)
  eden space 98304K, 99% used [0x0000000740700000,0x00000007466f3620,0x0000000746700000)
  from space 16384K, 0% used [0x0000000746700000,0x0000000746700000,0x0000000747700000)
  to   space 16384K, 0% used [0x0000000747700000,0x0000000747700000,0x0000000748700000)
 ParOldGen       total 108544K, used 9733K [0x0000000641400000, 0x0000000647e00000, 0x0000000740700000)
  object space 108544K, 8% used [0x0000000641400000,0x0000000641d814b0,0x0000000647e00000)
 Metaspace       used 21981K, capacity 22766K, committed 22912K, reserved 1069056K
  class space    used 2988K, capacity 3176K, committed 3200K, reserved 1048576K
Event: 31.527 GC heap after
Heap after GC invocations=3 (full 1):
 PSYoungGen      total 114688K, used 2479K [0x0000000740700000, 0x0000000748700000, 0x00000007c0000000)
  eden space 98304K, 0% used [0x0000000740700000,0x0000000740700000,0x0000000746700000)
  from space 16384K, 15% used [0x0000000747700000,0x000000074796bc78,0x0000000748700000)
  to   space 16384K, 0% used [0x0000000746700000,0x0000000746700000,0x0000000747700000)
 ParOldGen       total 108544K, used 9741K [0x0000000641400000, 0x0000000647e00000, 0x0000000740700000)
  object space 108544K, 8% used [0x0000000641400000,0x0000000641d834b0,0x0000000647e00000)
 Metaspace       used 21981K, capacity 22766K, committed 22912K, reserved 1069056K
  class space    used 2988K, capacity 3176K, committed 3200K, reserved 1048576K
}
Event: 31.547 GC heap before
{Heap before GC invocations=4 (full 1):
 PSYoungGen      total 114688K, used 100775K [0x0000000740700000, 0x0000000748700000, 0x00000007c0000000)
  eden space 98304K, 99% used [0x0000000740700000,0x00000007466fe228,0x0000000746700000)
  from space 16384K, 15% used [0x0000000747700000,0x000000074796bc78,0x0000000748700000)
  to   space 16384K, 0% used [0x0000000746700000,0x0000000746700000,0x0000000747700000)
 ParOldGen       total 108544K, used 9741K [0x0000000641400000, 0x0000000647e00000, 0x0000000740700000)
  object space 108544K, 8% used [0x0000000641400000,0x0000000641d834b0,0x0000000647e00000)
 Metaspace       used 21981K, capacity 22766K, committed 22912K, reserved 1069056K
  class space    used 2988K, capacity 3176K, committed 3200K, reserved 1048576K
Event: 31.549 GC heap after
Heap after GC invocations=4 (full 1):
 PSYoungGen      total 114688K, used 1398K [0x0000000740700000, 0x000000074e300000, 0x00000007c0000000)
  eden space 98304K, 0% used [0x0000000740700000,0x0000000740700000,0x0000000746700000)
  from space 16384K, 8% used [0x0000000746700000,0x000000074685d848,0x0000000747700000)
  to   space 16384K, 0% used [0x000000074d300000,0x000000074d300000,0x000000074e300000)
 ParOldGen       total 108544K, used 9749K [0x0000000641400000, 0x0000000647e00000, 0x0000000740700000)
  object space 108544K, 8% used [0x0000000641400000,0x0000000641d854b0,0x0000000647e00000)
 Metaspace       used 21981K, capacity 22766K, committed 22912K, reserved 1069056K
  class space    used 2988K, capacity 3176K, committed 3200K, reserved 1048576K
}
Event: 31.822 GC heap before
{Heap before GC invocations=5 (full 1):
 PSYoungGen      total 114688K, used 99702K [0x0000000740700000, 0x000000074e300000, 0x00000007c0000000)
  eden space 98304K, 100% used [0x0000000740700000,0x0000000746700000,0x0000000746700000)
  from space 16384K, 8% used [0x0000000746700000,0x000000074685d848,0x0000000747700000)
  to   space 16384K, 0% used [0x000000074d300000,0x000000074d300000,0x000000074e300000)
 ParOldGen       total 108544K, used 9749K [0x0000000641400000, 0x0000000647e00000, 0x0000000740700000)
  object space 108544K, 8% used [0x0000000641400000,0x0000000641d854b0,0x0000000647e00000)
 Metaspace       used 22477K, capacity 23386K, committed 23552K, reserved 1069056K
  class space    used 3037K, capacity 3250K, committed 3328K, reserved 1048576K
Event: 31.824 GC heap after
Heap after GC invocations=5 (full 1):
 PSYoungGen      total 207872K, used 2410K [0x0000000740700000, 0x000000074e280000, 0x00000007c0000000)
  eden space 192000K, 0% used [0x0000000740700000,0x0000000740700000,0x000000074c280000)
  from space 15872K, 15% used [0x000000074d300000,0x000000074d55a948,0x000000074e280000)
  to   space 16384K, 0% used [0x000000074c280000,0x000000074c280000,0x000000074d280000)
 ParOldGen       total 108544K, used 9757K [0x0000000641400000, 0x0000000647e00000, 0x0000000740700000)
  object space 108544K, 8% used [0x0000000641400000,0x0000000641d874b0,0x0000000647e00000)
 Metaspace       used 22477K, capacity 23386K, committed 23552K, reserved 1069056K
  class space    used 3037K, capacity 3250K, committed 3328K, reserved 1048576K
}

Deoptimization events (10 events):
Event: 31.477 Thread 0x0000000022e5d000 Uncommon trap: reason=class_check action=maybe_recompile pc=0x0000000003036650 method=java.util.regex.Pattern$Curly.match(Ljava/util/regex/Matcher;ILjava/lang/CharSequence;)Z @ 19
Event: 31.477 Thread 0x0000000022e5d000 Uncommon trap: reason=class_check action=maybe_recompile pc=0x0000000003036650 method=java.util.regex.Pattern$Curly.match(Ljava/util/regex/Matcher;ILjava/lang/CharSequence;)Z @ 19
Event: 31.488 Thread 0x0000000022e5d000 Uncommon trap: reason=unstable_if action=reinterpret pc=0x000000000315bbb4 method=java.util.regex.Pattern$Ctype.isSatisfiedBy(I)Z @ 4
Event: 31.503 Thread 0x0000000022e5d000 Uncommon trap: reason=unstable_if action=reinterpret pc=0x000000000317e2dc method=sun.text.normalizer.TrieIterator.checkNullNextTrailIndex()Z @ 4
Event: 31.563 Thread 0x0000000022e5d000 Uncommon trap: reason=unstable_if action=reinterpret pc=0x000000000318f220 method=sun.text.normalizer.TrieIterator.calculateNextSupplementaryElement(Lsun/text/normalizer/RangeValueIterator$Element;)V @ 145
Event: 31.563 Thread 0x0000000022e5d000 Uncommon trap: reason=unstable_if action=reinterpret pc=0x0000000003190810 method=sun.text.normalizer.TrieIterator.next(Lsun/text/normalizer/RangeValueIterator$Element;)Z @ 6
Event: 31.566 Thread 0x0000000022e5d000 Uncommon trap: reason=unstable_if action=reinterpret pc=0x000000000318d98c method=sun.text.normalizer.CharTrie.getCodePointValue(I)C @ 8
Event: 31.585 Thread 0x0000000022e5d000 Uncommon trap: reason=unstable_if action=reinterpret pc=0x0000000003057edc method=java.util.regex.Pattern$Ctype.isSatisfiedBy(I)Z @ 4
Event: 31.598 Thread 0x0000000022e5d000 Uncommon trap: reason=unstable_if action=reinterpret pc=0x0000000003189478 method=sun.text.normalizer.UnicodeSet.findCodePoint(I)I @ 32
Event: 31.772 Thread 0x0000000022e5f800 Uncommon trap: reason=predicate action=maybe_recompile pc=0x0000000002a931dc method=java.util.regex.Pattern$SliceI.match(Ljava/util/regex/Matcher;ILjava/lang/CharSequence;)Z @ 21

Internal exceptions (10 events):
Event: 0.846 Thread 0x0000000022a2b800 Exception <a 'java/io/FileNotFoundException'> (0x0000000742536850) thrown at [C:\re\workspace\8-2-build-windows-amd64-cygwin\jdk8u131\8869\hotspot\src\share\vm\prims\jni.cpp, line 709]
Event: 0.846 Thread 0x0000000022a2b800 Exception <a 'java/io/FileNotFoundException'> (0x000000074253b2e0) thrown at [C:\re\workspace\8-2-build-windows-amd64-cygwin\jdk8u131\8869\hotspot\src\share\vm\prims\jni.cpp, line 709]
Event: 0.847 Thread 0x0000000022a2b800 Exception <a 'java/io/FileNotFoundException'> (0x000000074253c638) thrown at [C:\re\workspace\8-2-build-windows-amd64-cygwin\jdk8u131\8869\hotspot\src\share\vm\prims\jni.cpp, line 709]
Event: 3.856 Thread 0x0000000022a2b800 Exception <a 'java/io/FileNotFoundException'> (0x0000000742fa44b8) thrown at [C:\re\workspace\8-2-build-windows-amd64-cygwin\jdk8u131\8869\hotspot\src\share\vm\prims\jni.cpp, line 709]
Event: 6.611 Thread 0x0000000022a2b800 Implicit null exception at 0x0000000002c596d6 to 0x0000000002c59a81
Event: 6.615 Thread 0x0000000022a2b800 Implicit null exception at 0x0000000002ba4d96 to 0x0000000002ba513d
Event: 30.489 Thread 0x0000000022a2b800 Exception <a 'sun/nio/fs/WindowsException'> (0x0000000744c676b0) thrown at [C:\re\workspace\8-2-build-windows-amd64-cygwin\jdk8u131\8869\hotspot\src\share\vm\prims\jni.cpp, line 709]
Event: 30.490 Thread 0x0000000022a2b800 Exception <a 'sun/nio/fs/WindowsException'> (0x0000000744c684a8) thrown at [C:\re\workspace\8-2-build-windows-amd64-cygwin\jdk8u131\8869\hotspot\src\share\vm\prims\jni.cpp, line 709]
Event: 30.491 Thread 0x0000000022a2b800 Exception <a 'sun/nio/fs/WindowsException'> (0x0000000744c68d88) thrown at [C:\re\workspace\8-2-build-windows-amd64-cygwin\jdk8u131\8869\hotspot\src\share\vm\prims\jni.cpp, line 709]
Event: 30.491 Thread 0x0000000022a2b800 Exception <a 'sun/nio/fs/WindowsException'> (0x0000000744c69a80) thrown at [C:\re\workspace\8-2-build-windows-amd64-cygwin\jdk8u131\8869\hotspot\src\share\vm\prims\jni.cpp, line 709]

Events (10 events):
Event: 31.855 Thread 0x00000000223e7800 Thread added: 0x00000000223e7800
Event: 31.864 Thread 0x00000000223e0800 Thread added: 0x00000000223e0800
Event: 31.880 Thread 0x00000000223e3800 Thread added: 0x00000000223e3800
Event: 31.913 Thread 0x00000000223e8000 Thread added: 0x00000000223e8000
Event: 31.932 Thread 0x00000000223e1800 Thread added: 0x00000000223e1800
Event: 31.932 Executing VM operation: RevokeBias
Event: 31.932 Executing VM operation: RevokeBias done
Event: 31.932 Thread 0x00000000223e1800 Thread exited: 0x00000000223e1800
Event: 31.970 loading class sun/net/www/protocol/http/EmptyInputStream
Event: 31.972 loading class sun/net/www/protocol/http/EmptyInputStream done


Dynamic libraries:
0x00007ff613b80000 - 0x00007ff613bb7000 	C:\Program Files\Java\jdk1.8.0_131\bin\java.exe
0x00007ffbd4810000 - 0x00007ffbd4a08000 	C:\WINDOWS\SYSTEM32\ntdll.dll
0x00007ffbd3960000 - 0x00007ffbd3a1d000 	C:\WINDOWS\System32\KERNEL32.DLL
0x00007ffbd20a0000 - 0x00007ffbd2396000 	C:\WINDOWS\System32\KERNELBASE.dll
0x00007ffbd4650000 - 0x00007ffbd4700000 	C:\WINDOWS\System32\ADVAPI32.dll
0x00007ffbd3a20000 - 0x00007ffbd3abe000 	C:\WINDOWS\System32\msvcrt.dll
0x00007ffbd3c60000 - 0x00007ffbd3d00000 	C:\WINDOWS\System32\sechost.dll
0x00007ffbd37b0000 - 0x00007ffbd38d3000 	C:\WINDOWS\System32\RPCRT4.dll
0x00007ffbd2000000 - 0x00007ffbd2027000 	C:\WINDOWS\System32\bcrypt.dll
0x00007ffbd4160000 - 0x00007ffbd42ff000 	C:\WINDOWS\System32\USER32.dll
0x00007ffbd27c0000 - 0x00007ffbd27e2000 	C:\WINDOWS\System32\win32u.dll
0x00007ffbd3d00000 - 0x00007ffbd3d2b000 	C:\WINDOWS\System32\GDI32.dll
0x00007ffbd24a0000 - 0x00007ffbd25b7000 	C:\WINDOWS\System32\gdi32full.dll
0x00007ffbd25c0000 - 0x00007ffbd265d000 	C:\WINDOWS\System32\msvcp_win.dll
0x00007ffbd23a0000 - 0x00007ffbd24a0000 	C:\WINDOWS\System32\ucrtbase.dll
0x00007ffbc69f0000 - 0x00007ffbc6c8a000 	C:\WINDOWS\WinSxS\amd64_microsoft.windows.common-controls_6595b64144ccf1df_6.0.19041.4355_none_60b8b9eb71f62e16\COMCTL32.dll
0x00007ffbd3770000 - 0x00007ffbd37a2000 	C:\WINDOWS\System32\IMM32.DLL
0x000000005bec0000 - 0x000000005bf92000 	C:\Program Files\Java\jdk1.8.0_131\jre\bin\msvcr100.dll
0x000000005ab10000 - 0x000000005b3ac000 	C:\Program Files\Java\jdk1.8.0_131\jre\bin\server\jvm.dll
0x00007ffbd2840000 - 0x00007ffbd2848000 	C:\WINDOWS\System32\PSAPI.DLL
0x00007ffbc9d70000 - 0x00007ffbc9d79000 	C:\WINDOWS\SYSTEM32\WSOCK32.dll
0x00007ffbd4760000 - 0x00007ffbd47cb000 	C:\WINDOWS\System32\WS2_32.dll
0x00007ffbc6ea0000 - 0x00007ffbc6ec7000 	C:\WINDOWS\SYSTEM32\WINMM.dll
0x00007ffbcb750000 - 0x00007ffbcb75a000 	C:\WINDOWS\SYSTEM32\VERSION.dll
0x000000005beb0000 - 0x000000005bebf000 	C:\Program Files\Java\jdk1.8.0_131\jre\bin\verify.dll
0x000000005be80000 - 0x000000005bea9000 	C:\Program Files\Java\jdk1.8.0_131\jre\bin\java.dll
0x000000005be60000 - 0x000000005be76000 	C:\Program Files\Java\jdk1.8.0_131\jre\bin\zip.dll
0x00007ffbd29f0000 - 0x00007ffbd315b000 	C:\WINDOWS\System32\SHELL32.dll
0x00007ffbcff40000 - 0x00007ffbd06dd000 	C:\WINDOWS\SYSTEM32\windows.storage.dll
0x00007ffbd3d30000 - 0x00007ffbd4083000 	C:\WINDOWS\System32\combase.dll
0x00007ffbd1800000 - 0x00007ffbd182e000 	C:\WINDOWS\SYSTEM32\Wldp.dll
0x00007ffbd4090000 - 0x00007ffbd415d000 	C:\WINDOWS\System32\OLEAUT32.dll
0x00007ffbd4300000 - 0x00007ffbd43ad000 	C:\WINDOWS\System32\SHCORE.dll
0x00007ffbd3160000 - 0x00007ffbd31b5000 	C:\WINDOWS\System32\shlwapi.dll
0x00007ffbd1df0000 - 0x00007ffbd1e14000 	C:\WINDOWS\SYSTEM32\profapi.dll
0x00007ffbc37e0000 - 0x00007ffbc38cf000 	C:\Program Files\Java\jdk1.8.0_131\jre\bin\msvcr120.dll
0x00007ffb9e390000 - 0x00007ffb9e436000 	C:\Program Files\Java\jdk1.8.0_131\jre\bin\msvcp120.dll
0x000000005be30000 - 0x000000005be52000 	C:\Program Files\Java\jdk1.8.0_131\jre\bin\prism_d3d.dll
0x00007ffb76d80000 - 0x00007ffb76f4e000 	C:\WINDOWS\system32\d3d9.dll
0x00007ffbd06f0000 - 0x00007ffbd0702000 	C:\WINDOWS\SYSTEM32\kernel.appcore.dll
0x00007ffbcf840000 - 0x00007ffbcf86f000 	C:\WINDOWS\SYSTEM32\dwmapi.dll
0x00007ffbcf550000 - 0x00007ffbcf5ee000 	C:\WINDOWS\system32\uxtheme.dll
0x00007ffb74e30000 - 0x00007ffb74f94000 	C:\WINDOWS\System32\DriverStore\FileRepository\igdlh64.inf_amd64_b1a3f27d79c02635\igdumdim64.dll
0x00007ffb47010000 - 0x00007ffb4b32b000 	C:\WINDOWS\System32\DriverStore\FileRepository\igdlh64.inf_amd64_b1a3f27d79c02635\igd9dxva64.dll
0x00007ffbd27f0000 - 0x00007ffbd283e000 	C:\WINDOWS\System32\CFGMGR32.dll
0x00007ffbd31c0000 - 0x00007ffbd32eb000 	C:\WINDOWS\System32\ole32.dll
0x00007ffbbb1b0000 - 0x00007ffbbb354000 	C:\WINDOWS\System32\DriverStore\FileRepository\igdlh64.inf_amd64_b1a3f27d79c02635\igdgmm64.dll
0x000000005bde0000 - 0x000000005be23000 	C:\Program Files\Java\jdk1.8.0_131\jre\bin\glass.dll
0x00007ffbd3ac0000 - 0x00007ffbd3b9a000 	C:\WINDOWS\System32\COMDLG32.dll
0x00007ffb8b2b0000 - 0x00007ffb8b369000 	C:\PROGRA~2\JWord\Plugin2\JWDSRC~1.DLL
0x00007ffbc4ac0000 - 0x00007ffbc4cac000 	C:\WINDOWS\SYSTEM32\urlmon.dll
0x00007ffbc6f40000 - 0x00007ffbc71fe000 	C:\WINDOWS\SYSTEM32\iertutil.dll
0x00007ffbc5d20000 - 0x00007ffbc61f6000 	C:\WINDOWS\SYSTEM32\WININET.dll
0x00007ffbc4a50000 - 0x00007ffbc4a78000 	C:\WINDOWS\SYSTEM32\srvcli.dll
0x00007ffbd1360000 - 0x00007ffbd136c000 	C:\WINDOWS\SYSTEM32\netutils.dll
0x00007ffbd2850000 - 0x00007ffbd2964000 	C:\WINDOWS\System32\MSCTF.dll
0x00007ffbd1ec0000 - 0x00007ffbd1f42000 	C:\WINDOWS\System32\bcryptPrimitives.dll
0x00007ffb83cd0000 - 0x00007ffb83cf6000 	C:\WINDOWS\System32\DriverStore\FileRepository\igdlh64.inf_amd64_b1a3f27d79c02635\igdinfo64.dll
0x00007ffbb8a80000 - 0x00007ffbbaec9000 	C:\WINDOWS\System32\DriverStore\FileRepository\igdlh64.inf_amd64_b1a3f27d79c02635\igc64.dll
0x00007ffbcc4f0000 - 0x00007ffbcc52b000 	C:\WINDOWS\SYSTEM32\dxcore.dll
0x0000000058350000 - 0x000000005ab04000 	C:\Program Files\Java\jdk1.8.0_131\jre\bin\jfxwebkit.dll
0x00007ffbd1760000 - 0x00007ffbd1778000 	C:\WINDOWS\SYSTEM32\CRYPTSP.dll
0x00007ffbd0e90000 - 0x00007ffbd0ec4000 	C:\WINDOWS\system32\rsaenh.dll
0x00007ffbd1c30000 - 0x00007ffbd1c3c000 	C:\WINDOWS\SYSTEM32\CRYPTBASE.dll
0x000000005bdc0000 - 0x000000005bdd4000 	C:\Program Files\Java\jdk1.8.0_131\jre\bin\javafx_font.dll
0x00007ffbbb360000 - 0x00007ffbbb5df000 	C:\WINDOWS\SYSTEM32\dwrite.dll
0x00007ffbd3ba0000 - 0x00007ffbd3c49000 	C:\WINDOWS\System32\clbcatq.dll
0x00007ffbcf2a0000 - 0x00007ffbcf454000 	C:\WINDOWS\SYSTEM32\WindowsCodecs.dll
0x00007ffbab1c0000 - 0x00007ffbab1fe000 	C:\WINDOWS\system32\dataexchange.dll
0x00007ffbcd620000 - 0x00007ffbcd805000 	C:\WINDOWS\system32\dcomp.dll
0x00007ffbcd390000 - 0x00007ffbcd5f3000 	C:\WINDOWS\system32\d3d11.dll
0x00007ffbd0740000 - 0x00007ffbd0832000 	C:\WINDOWS\system32\dxgi.dll
0x00007ffbcaa10000 - 0x00007ffbcac13000 	C:\WINDOWS\system32\twinapi.appcore.dll
0x00007ffbc4820000 - 0x00007ffbc4854000 	C:\Program Files\Common Files\Microsoft Shared\Ink\rtscom.dll
0x00007ffbc07b0000 - 0x00007ffbc08a9000 	C:\WINDOWS\SYSTEM32\textinputframework.dll
0x00007ffbcd810000 - 0x00007ffbcdb6b000 	C:\WINDOWS\System32\CoreUIComponents.dll
0x00007ffbcdef0000 - 0x00007ffbcdfe2000 	C:\WINDOWS\System32\CoreMessaging.dll
0x00007ffbd0fb0000 - 0x00007ffbd0fe3000 	C:\WINDOWS\SYSTEM32\ntmarta.dll
0x00007ffbce440000 - 0x00007ffbce597000 	C:\WINDOWS\SYSTEM32\wintypes.dll
0x00007ffba5130000 - 0x00007ffba5425000 	C:\WINDOWS\SYSTEM32\UIAutomationCore.DLL
0x00007ffbced90000 - 0x00007ffbcee86000 	C:\WINDOWS\SYSTEM32\PROPSYS.dll
0x00007ffbb26d0000 - 0x00007ffbb274f000 	C:\Windows\System32\OneCoreCommonProxyStub.dll
0x000000005bda0000 - 0x000000005bdb1000 	C:\Program Files\Java\jdk1.8.0_131\jre\bin\prism_common.dll
0x00000000581b0000 - 0x0000000058348000 	C:\Program Files\Java\jdk1.8.0_131\jre\bin\awt.dll
0x00007ffbce3b0000 - 0x00007ffbce440000 	C:\WINDOWS\SYSTEM32\apphelp.dll
0x000000005bd80000 - 0x000000005bd9a000 	C:\Program Files\Java\jdk1.8.0_131\jre\bin\net.dll
0x00007ffbd1570000 - 0x00007ffbd15da000 	C:\WINDOWS\system32\mswsock.dll
0x000000005bd60000 - 0x000000005bd71000 	C:\Program Files\Java\jdk1.8.0_131\jre\bin\nio.dll
0x000000005bd30000 - 0x000000005bd54000 	C:\Program Files\Java\jdk1.8.0_131\jre\bin\sunec.dll
0x00007ffbd1250000 - 0x00007ffbd128b000 	C:\WINDOWS\SYSTEM32\IPHLPAPI.DLL
0x00007ffbd32f0000 - 0x00007ffbd32f8000 	C:\WINDOWS\System32\NSI.dll
0x00007ffbcc550000 - 0x00007ffbcc567000 	C:\WINDOWS\SYSTEM32\dhcpcsvc6.DLL
0x00007ffbcc530000 - 0x00007ffbcc54d000 	C:\WINDOWS\SYSTEM32\dhcpcsvc.DLL
0x00007ffbd1290000 - 0x00007ffbd135b000 	C:\WINDOWS\SYSTEM32\DNSAPI.dll
0x00007ffbd1d60000 - 0x00007ffbd1d8e000 	C:\WINDOWS\SYSTEM32\USERENV.dll
0x000000005bd20000 - 0x000000005bd2b000 	C:\Program Files\Java\jdk1.8.0_131\jre\bin\sunmscapi.dll
0x00007ffbd2660000 - 0x00007ffbd27be000 	C:\WINDOWS\System32\CRYPT32.dll
0x00007ffbca8f0000 - 0x00007ffbca8fa000 	C:\Windows\System32\rasadhlp.dll
0x00007ffbc9fc0000 - 0x00007ffbca040000 	C:\WINDOWS\System32\fwpuclnt.dll
0x00007ffbcfd30000 - 0x00007ffbcff14000 	C:\WINDOWS\SYSTEM32\dbghelp.dll

VM Arguments:
java_command: YouTubePlayerApp
java_class_path (initial): C:\Users\kokada\AppData\Roaming\Code\User\workspaceStorage\2116d4aa97e89f41a40d4ec1f3f59299\redhat.java\jdt_ws\jdt.ls-java-project\bin
Launcher Type: SUN_STANDARD

Environment Variables:
PATH=C:\Users\kokada\projectpython\myenv\Scripts;C:\Program Files (x86)\Common Files\Intel\Shared Libraries\redist\intel64\compiler;C:\Program Files\Microsoft MPI\Bin\;C:\Windows\system32;C:\Windows;C:\Windows\System32\Wbem;C:\Windows\System32\WindowsPowerShell\v1.0\;C:\Program Files (x86)\NVIDIA Corporation\PhysX\Common;C:\Program Files\Microsoft SQL Server\130\Tools\Binn\;C:\Program Files\dotnet\;C:\Program Files (x86)\GtkSharp\2.12\bin;C:\WINDOWS\system32;C:\WINDOWS;C:\WINDOWS\System32\Wbem;C:\WINDOWS\System32\WindowsPowerShell\v1.0\;C:\WINDOWS\System32\OpenSSH\;C:\Program Files\Microsoft SQL Server\Client SDK\ODBC\170\Tools\Binn\;C:\Program Files\Git\cmd;C:\Users\kokada\AppData\Local\Microsoft\WinGet\Packages\ezwinports.make_Microsoft.Winget.Source_8wekyb3d8bbwe\bin;C:\Users\kokada\.vscode\extensions\jebbs.plantuml-2.18.1;C:\Program Files\Java\jdk1.8.0_131\bin;C:\Users\kokada\hello\plantuml;C:\Users\kokada\AppData\Local\Microsoft\WindowsApps;C:\Users\kokada\AppData\Local\Programs\Microsoft VS Code\bin;C:\Users\kokada\AppData\Local\Packages\PythonSoftwareFoundation.Python.3.9_qbz5n2kfra8p0\LocalCache\local-packages\Python39\Scripts;C:\MeCab-64\bin;C:\MeCab-64\sdk;C:\Users\kokada\AppData\Local\Programs\Python\Python39;C:\Users\kokada\AppData\Local\Programs\Python\Python39\Scripts;C:\MeCab-64\etc;C:\Users\kokada\AppData\Local\Programs\MiKTeX\miktex\bin\x64;C:\Users\kokada\AppData\Local\Microsoft\WinGet\Packages\ezwinports.make_Microsoft.Winget.Source_8wekyb3d8bbwe\bin;
USERNAME=kokada
OS=Windows_NT
PROCESSOR_IDENTIFIER=Intel64 Family 6 Model 158 Stepping 9, GenuineIntel



---------------  S Y S T E M  ---------------

OS: Windows 10.0 , 64 bit Build 19041 (10.0.19041.3636)

CPU:total 4 (initial active 4) (4 cores per cpu, 1 threads per core) family 6 model 158 stepping 9, cmov, cx8, fxsr, mmx, sse, sse2, sse3, ssse3, sse4.1, sse4.2, popcnt, avx, avx2, aes, clmul, erms, rtm, 3dnowpref, lzcnt, tsc, tscinvbit, bmi1, bmi2, adx

Memory: 4k page, physical 25078072k(3363980k free), swap 52010656k(1185772k free)

vm_info: Java HotSpot(TM) 64-Bit Server VM (25.131-b11) for windows-amd64 JRE (1.8.0_131-b11), built on Mar 15 2017 01:23:53 by "java_re" with MS VC++ 10.0 (VS2010)

time: Wed Jun 05 16:13:52 2024
elapsed time: 32 seconds (0d 0h 0m 32s)

