#
# A fatal error has been detected by the Java Runtime Environment:
#
#  EXCEPTION_ACCESS_VIOLATION (0xc0000005) at pc=0x00007ffb9e27c3f9, pid=29172, tid=0x0000000000004f40
#
# JRE version: Java(TM) SE Runtime Environment (8.0_131-b11) (build 1.8.0_131-b11)
# Java VM: Java HotSpot(TM) 64-Bit Server VM (25.131-b11 mixed mode windows-amd64 compressed oops)
# Problematic frame:
# C  [msvcr120.dll+0x3c3f9]
#
# Failed to write core dump. Minidumps are not enabled by default on client versions of Windows
#
# If you would like to submit a bug report, please visit:
#   http://bugreport.java.com/bugreport/crash.jsp
# The crash happened outside the Java Virtual Machine in native code.
# See problematic frame for where to report the bug.
#

---------------  T H R E A D  ---------------

Current thread (0x0000000022a36000):  JavaThread "JavaFX Application Thread" [_thread_in_native, id=20288, stack(0x0000000024150000,0x0000000024250000)]

siginfo: ExceptionCode=0xc0000005, reading address 0x0000019c00000001

Registers:
RAX=0x0000000034a365b0, RBX=0x0000000034a365b0, RCX=0x0000000000000050, RDX=0x0000019bcb5c9a39
RSP=0x0000000024248d48, RBP=0x0000019c00000001, RSI=0x0000019c00000001, RDI=0x0000000034a365c8
R8 =0x0000000000000050, R9 =0x0000000000000040, R10=0x0000019c00000001, R11=0x0000000034a365c8
R12=0x000000002424b7d2, R13=0x000000002424ba80, R14=0x0000000000000050, R15=0x0000000000000000
RIP=0x00007ffb9e27c3f9, EFLAGS=0x0000000000010217

Top of Stack: (sp=0x0000000024248d48)
0x0000000024248d48:   0000000024248df0 0000000000000028
0x0000000024248d58:   0000000059442a84 00000000007b0000
0x0000000024248d68:   0000000000000000 0000000000000038
0x0000000024248d78:   0000000000000000 0000000000000002
0x0000000024248d88:   0000000059445d4e 0000000024248df0
0x0000000024248d98:   0000000000000007 0000000034a481a0
0x0000000024248da8:   0000000000000000 0000000024248e20
0x0000000024248db8:   000000005944bcaf 000000002424ba80
0x0000000024248dc8:   000000002424b7d2 0000000000000018
0x0000000024248dd8:   0000000000100004 0000000024248e50
0x0000000024248de8:   0000000058511f73 0000000000000000
0x0000000024248df8:   0000000000000018 000000002424ba80
0x0000000024248e08:   0000000024240000 0000000034a48500
0x0000000024248e18:   0000000058570436 0000000000000000
0x0000000024248e28:   0000000000100004 0000000034a481a0
0x0000000024248e38:   0000000000100004 0000000024248ed0 

Instructions: (pc=0x00007ffb9e27c3f9)
0x00007ffb9e27c3d9:   03 c0 48 3b c8 0f 8c 96 03 00 00 0f ba 25 6c 53
0x00007ffb9e27c3e9:   0a 00 01 73 13 57 56 48 8b f9 49 8b f2 49 8b c8
0x00007ffb9e27c3f9:   f3 a4 5e 5f 49 8b c3 c3 0f ba 25 4f 53 0a 00 02
0x00007ffb9e27c409:   0f 82 56 02 00 00 f6 c1 07 74 36 f6 c1 01 74 0b 


Register to memory mapping:

RAX=0x0000000034a365b0 is an unknown value
RBX=0x0000000034a365b0 is an unknown value
RCX=0x0000000000000050 is an unknown value
RDX=0x0000019bcb5c9a39 is an unknown value
RSP=0x0000000024248d48 is pointing into the stack for thread: 0x0000000022a36000
RBP=0x0000019c00000001 is an unknown value
RSI=0x0000019c00000001 is an unknown value
RDI=0x0000000034a365c8 is an unknown value
R8 =0x0000000000000050 is an unknown value
R9 =0x0000000000000040 is an unknown value
R10=0x0000019c00000001 is an unknown value
R11=0x0000000034a365c8 is an unknown value
R12=0x000000002424b7d2 is pointing into the stack for thread: 0x0000000022a36000
R13=0x000000002424ba80 is pointing into the stack for thread: 0x0000000022a36000
R14=0x0000000000000050 is an unknown value
R15=0x0000000000000000 is an unknown value


Stack: [0x0000000024150000,0x0000000024250000],  sp=0x0000000024248d48,  free space=995k
Native frames: (J=compiled Java code, j=interpreted, Vv=VM code, C=native code)
C  [msvcr120.dll+0x3c3f9]
C  0x0000000024248df0

Java frames: (J=compiled Java code, j=interpreted, Vv=VM code)
j  com.sun.webkit.network.URLLoader.twkDidFinishLoading(J)V+0
j  com.sun.webkit.network.URLLoader.notifyDidFinishLoading()V+44
j  com.sun.webkit.network.URLLoader.lambda$didFinishLoading$103()V+8
j  com.sun.webkit.network.URLLoader$$Lambda$181.run()V+4
J 2082 C1 com.sun.javafx.application.PlatformImpl$$Lambda$50.run()Ljava/lang/Object; (8 bytes) @ 0x00000000033aad4c [0x00000000033aac00+0x14c]
v  ~StubRoutines::call_stub
J 958  java.security.AccessController.doPrivileged(Ljava/security/PrivilegedAction;Ljava/security/AccessControlContext;)Ljava/lang/Object; (0 bytes) @ 0x00000000030a2f66 [0x00000000030a2f00+0x66]
J 2081 C1 com.sun.javafx.application.PlatformImpl.lambda$runLater$174(Ljava/lang/Runnable;Ljava/security/AccessControlContext;)V (38 bytes) @ 0x00000000033aa25c [0x00000000033a9e40+0x41c]
J 2080 C1 com.sun.javafx.application.PlatformImpl$$Lambda$49.run()V (12 bytes) @ 0x000000000339eb0c [0x000000000339ea80+0x8c]
J 1364 C1 com.sun.glass.ui.InvokeLaterDispatcher$Future.run()V (91 bytes) @ 0x0000000003189d14 [0x0000000003189c00+0x114]
v  ~StubRoutines::call_stub
j  com.sun.glass.ui.win.WinApplication._runLoop(Ljava/lang/Runnable;)V+0
j  com.sun.glass.ui.win.WinApplication.lambda$null$148(ILjava/lang/Runnable;)V+8
j  com.sun.glass.ui.win.WinApplication$$Lambda$38.run()V+12
j  java.lang.Thread.run()V+11
v  ~StubRoutines::call_stub

---------------  P R O C E S S  ---------------

Java Threads: ( => current thread )
  0x0000000031da1000 JavaThread "URL-Loader-15" daemon [_thread_blocked, id=40868, stack(0x0000000034240000,0x0000000034340000)]
  0x0000000031da2000 JavaThread "URL-Loader-14" daemon [_thread_blocked, id=28968, stack(0x0000000034140000,0x0000000034240000)]
  0x0000000031d9a800 JavaThread "URL-Loader-13" daemon [_thread_blocked, id=25128, stack(0x0000000034040000,0x0000000034140000)]
  0x0000000023497800 JavaThread "URL-Loader-12" daemon [_thread_blocked, id=41960, stack(0x0000000033f40000,0x0000000034040000)]
  0x0000000023497000 JavaThread "URL-Loader-11" daemon [_thread_blocked, id=24616, stack(0x0000000033e40000,0x0000000033f40000)]
  0x0000000023493000 JavaThread "URL-Loader-10" daemon [_thread_blocked, id=42916, stack(0x0000000033540000,0x0000000033640000)]
  0x0000000023491000 JavaThread "URL-Loader-9" daemon [_thread_blocked, id=20496, stack(0x0000000033440000,0x0000000033540000)]
  0x0000000023496000 JavaThread "URL-Loader-8" daemon [_thread_blocked, id=42964, stack(0x0000000033340000,0x0000000033440000)]
  0x0000000023494000 JavaThread "URL-Loader-7" daemon [_thread_blocked, id=20260, stack(0x0000000033240000,0x0000000033340000)]
  0x0000000023494800 JavaThread "Keep-Alive-Timer" daemon [_thread_blocked, id=21000, stack(0x0000000033140000,0x0000000033240000)]
  0x0000000023492800 JavaThread "URL-Loader-6" daemon [_thread_blocked, id=43620, stack(0x0000000033040000,0x0000000033140000)]
  0x0000000023495800 JavaThread "URL-Loader-5" daemon [_thread_blocked, id=34960, stack(0x0000000032f40000,0x0000000033040000)]
  0x0000000023491800 JavaThread "URL-Loader-4" daemon [_thread_blocked, id=4820, stack(0x0000000032e40000,0x0000000032f40000)]
  0x0000000031dad800 JavaThread "URL-Loader-3" daemon [_thread_blocked, id=26228, stack(0x0000000032d40000,0x0000000032e40000)]
  0x0000000031db8800 JavaThread "URL-Loader-2" daemon [_thread_blocked, id=20912, stack(0x0000000032c40000,0x0000000032d40000)]
  0x000000002302a800 JavaThread "URL-Loader-1" daemon [_thread_in_native, id=38248, stack(0x0000000031570000,0x0000000031670000)]
  0x000000002306a800 JavaThread "Prism Font Disposer" daemon [_thread_blocked, id=42876, stack(0x0000000030670000,0x0000000030770000)]
  0x0000000022ea1800 JavaThread "Disposer" daemon [_thread_blocked, id=16408, stack(0x0000000028d30000,0x0000000028e30000)]
  0x0000000022dd8000 JavaThread "Thread-3" daemon [_thread_in_native, id=4284, stack(0x0000000028b00000,0x0000000028c00000)]
  0x0000000022dba800 JavaThread "JavaFX-Launcher" [_thread_blocked, id=40448, stack(0x0000000028c00000,0x0000000028d00000)]
=>0x0000000022a36000 JavaThread "JavaFX Application Thread" [_thread_in_native, id=20288, stack(0x0000000024150000,0x0000000024250000)]
  0x0000000022a41000 JavaThread "Thread-1" daemon [_thread_blocked, id=18872, stack(0x0000000024050000,0x0000000024150000)]
  0x00000000229f7800 JavaThread "QuantumRenderer-0" daemon [_thread_blocked, id=27908, stack(0x0000000023550000,0x0000000023650000)]
  0x00000000226c2000 JavaThread "Service Thread" daemon [_thread_blocked, id=12000, stack(0x0000000022b50000,0x0000000022c50000)]
  0x0000000020ead800 JavaThread "C1 CompilerThread2" daemon [_thread_blocked, id=22156, stack(0x0000000022a50000,0x0000000022b50000)]
  0x0000000020e56800 JavaThread "C2 CompilerThread1" daemon [_thread_blocked, id=43872, stack(0x0000000022550000,0x0000000022650000)]
  0x0000000020e54000 JavaThread "C2 CompilerThread0" daemon [_thread_blocked, id=41756, stack(0x0000000022450000,0x0000000022550000)]
  0x0000000020e63000 JavaThread "Attach Listener" daemon [_thread_blocked, id=22372, stack(0x0000000022350000,0x0000000022450000)]
  0x0000000020ea7800 JavaThread "Signal Dispatcher" daemon [_thread_blocked, id=36724, stack(0x0000000022250000,0x0000000022350000)]
  0x0000000020e39000 JavaThread "Finalizer" daemon [_thread_blocked, id=13124, stack(0x00000000220b0000,0x00000000221b0000)]
  0x0000000002d01000 JavaThread "Reference Handler" daemon [_thread_blocked, id=8216, stack(0x0000000021fb0000,0x00000000220b0000)]
  0x0000000000c7e000 JavaThread "main" [_thread_blocked, id=32700, stack(0x0000000002650000,0x0000000002750000)]

Other Threads:
  0x0000000020e17800 VMThread [stack: 0x0000000021eb0000,0x0000000021fb0000] [id=44028]
  0x0000000022703800 WatcherThread [stack: 0x0000000022c50000,0x0000000022d50000] [id=9320]

VM state:not at safepoint (normal execution)

VM Mutex/Monitor currently owned by a thread: None

Heap:
 PSYoungGen      total 114688K, used 68691K [0x0000000740700000, 0x000000074e700000, 0x00000007c0000000)
  eden space 98304K, 57% used [0x0000000740700000,0x0000000743e53958,0x0000000746700000)
  from space 16384K, 73% used [0x0000000746700000,0x00000007472c1680,0x0000000747700000)
  to   space 16384K, 0% used [0x000000074d700000,0x000000074d700000,0x000000074e700000)
 ParOldGen       total 262144K, used 51K [0x0000000641400000, 0x0000000651400000, 0x0000000740700000)
  object space 262144K, 0% used [0x0000000641400000,0x000000064140cc50,0x0000000651400000)
 Metaspace       used 19793K, capacity 20512K, committed 20736K, reserved 1067008K
  class space    used 2614K, capacity 2791K, committed 2816K, reserved 1048576K

Card table byte_map: [0x00000000120d0000,0x0000000012cd0000] byte_map_base: 0x000000000eec6000

Marking Bits: (ParMarkBitMap*) 0x000000005b32c720
 Begin Bits: [0x00000000138d0000, 0x0000000019880000)
 End Bits:   [0x0000000019880000, 0x000000001f830000)

Polling page: 0x0000000000c50000

CodeCache: size=245760Kb used=7403Kb max_used=7403Kb free=238356Kb
 bounds [0x0000000002d10000, 0x0000000003450000, 0x0000000011d10000]
 total_blobs=3020 nmethods=2277 adapters=655
 compilation: enabled

Compilation events (10 events):
Event: 4.973 Thread 0x0000000020ead800 2298       3       com.sun.javafx.tk.quantum.QuantumToolkit$$Lambda$42/451810098::run (8 bytes)
Event: 4.974 Thread 0x0000000020ead800 nmethod 2298 0x0000000003448490 code [0x0000000003448600, 0x0000000003448948]
Event: 4.974 Thread 0x0000000020ead800 2299       3       com.sun.javafx.tk.quantum.QuantumToolkit::lambda$runToolkit$404 (5 bytes)
Event: 4.974 Thread 0x0000000020ead800 nmethod 2299 0x000000000344d250 code [0x000000000344d3c0, 0x000000000344d6a8]
Event: 4.974 Thread 0x0000000020ead800 2300       3       javafx.animation.AnimationTimer$AnimationTimerReceiver$$Lambda$150/38856807::run (12 bytes)
Event: 4.974 Thread 0x0000000020ead800 nmethod 2300 0x000000000344d790 code [0x000000000344d900, 0x000000000344dba8]
Event: 4.976 Thread 0x0000000020ead800 2301   !   3       com.sun.javafx.tk.quantum.QuantumToolkit::runWithoutRenderLock (49 bytes)
Event: 4.977 Thread 0x0000000020ead800 nmethod 2301 0x000000000344dcd0 code [0x000000000344dea0, 0x000000000344e978]
Event: 4.977 Thread 0x0000000020ead800 2302       3       java.util.concurrent.locks.ReentrantLock::isHeldByCurrentThread (8 bytes)
Event: 4.977 Thread 0x0000000020ead800 nmethod 2302 0x000000000344ecd0 code [0x000000000344ee40, 0x000000000344f190]

GC Heap History (6 events):
Event: 4.566 GC heap before
{Heap before GC invocations=1 (full 0):
 PSYoungGen      total 114688K, used 98241K [0x0000000740700000, 0x0000000748700000, 0x00000007c0000000)
  eden space 98304K, 99% used [0x0000000740700000,0x00000007466f0600,0x0000000746700000)
  from space 16384K, 0% used [0x0000000747700000,0x0000000747700000,0x0000000748700000)
  to   space 16384K, 0% used [0x0000000746700000,0x0000000746700000,0x0000000747700000)
 ParOldGen       total 262144K, used 0K [0x0000000641400000, 0x0000000651400000, 0x0000000740700000)
  object space 262144K, 0% used [0x0000000641400000,0x0000000641400000,0x0000000651400000)
 Metaspace       used 19171K, capacity 19922K, committed 20224K, reserved 1067008K
  class space    used 2561K, capacity 2748K, committed 2816K, reserved 1048576K
Event: 4.575 GC heap after
Heap after GC invocations=1 (full 0):
 PSYoungGen      total 114688K, used 13470K [0x0000000740700000, 0x0000000748700000, 0x00000007c0000000)
  eden space 98304K, 0% used [0x0000000740700000,0x0000000740700000,0x0000000746700000)
  from space 16384K, 82% used [0x0000000746700000,0x0000000747427ab0,0x0000000747700000)
  to   space 16384K, 0% used [0x0000000747700000,0x0000000747700000,0x0000000748700000)
 ParOldGen       total 262144K, used 43K [0x0000000641400000, 0x0000000651400000, 0x0000000740700000)
  object space 262144K, 0% used [0x0000000641400000,0x000000064140ac50,0x0000000651400000)
 Metaspace       used 19171K, capacity 19922K, committed 20224K, reserved 1067008K
  class space    used 2561K, capacity 2748K, committed 2816K, reserved 1048576K
}
Event: 4.597 GC heap before
{Heap before GC invocations=2 (full 0):
 PSYoungGen      total 114688K, used 111712K [0x0000000740700000, 0x0000000748700000, 0x00000007c0000000)
  eden space 98304K, 99% used [0x0000000740700000,0x00000007466f0620,0x0000000746700000)
  from space 16384K, 82% used [0x0000000746700000,0x0000000747427ab0,0x0000000747700000)
  to   space 16384K, 0% used [0x0000000747700000,0x0000000747700000,0x0000000748700000)
 ParOldGen       total 262144K, used 43K [0x0000000641400000, 0x0000000651400000, 0x0000000740700000)
  object space 262144K, 0% used [0x0000000641400000,0x000000064140ac50,0x0000000651400000)
 Metaspace       used 19188K, capacity 19924K, committed 20224K, reserved 1067008K
  class space    used 2563K, capacity 2749K, committed 2816K, reserved 1048576K
Event: 4.603 GC heap after
Heap after GC invocations=2 (full 0):
 PSYoungGen      total 114688K, used 12072K [0x0000000740700000, 0x000000074e700000, 0x00000007c0000000)
  eden space 98304K, 0% used [0x0000000740700000,0x0000000740700000,0x0000000746700000)
  from space 16384K, 73% used [0x0000000747700000,0x00000007482ca028,0x0000000748700000)
  to   space 16384K, 0% used [0x0000000746700000,0x0000000746700000,0x0000000747700000)
 ParOldGen       total 262144K, used 51K [0x0000000641400000, 0x0000000651400000, 0x0000000740700000)
  object space 262144K, 0% used [0x0000000641400000,0x000000064140cc50,0x0000000651400000)
 Metaspace       used 19188K, capacity 19924K, committed 20224K, reserved 1067008K
  class space    used 2563K, capacity 2749K, committed 2816K, reserved 1048576K
}
Event: 4.620 GC heap before
{Heap before GC invocations=3 (full 0):
 PSYoungGen      total 114688K, used 110369K [0x0000000740700000, 0x000000074e700000, 0x00000007c0000000)
  eden space 98304K, 99% used [0x0000000740700000,0x00000007466fe770,0x0000000746700000)
  from space 16384K, 73% used [0x0000000747700000,0x00000007482ca028,0x0000000748700000)
  to   space 16384K, 0% used [0x0000000746700000,0x0000000746700000,0x0000000747700000)
 ParOldGen       total 262144K, used 51K [0x0000000641400000, 0x0000000651400000, 0x0000000740700000)
  object space 262144K, 0% used [0x0000000641400000,0x000000064140cc50,0x0000000651400000)
 Metaspace       used 19189K, capacity 19924K, committed 20224K, reserved 1067008K
  class space    used 2563K, capacity 2749K, committed 2816K, reserved 1048576K
Event: 4.624 GC heap after
Heap after GC invocations=3 (full 0):
 PSYoungGen      total 114688K, used 12037K [0x0000000740700000, 0x000000074e700000, 0x00000007c0000000)
  eden space 98304K, 0% used [0x0000000740700000,0x0000000740700000,0x0000000746700000)
  from space 16384K, 73% used [0x0000000746700000,0x00000007472c1680,0x0000000747700000)
  to   space 16384K, 0% used [0x000000074d700000,0x000000074d700000,0x000000074e700000)
 ParOldGen       total 262144K, used 51K [0x0000000641400000, 0x0000000651400000, 0x0000000740700000)
  object space 262144K, 0% used [0x0000000641400000,0x000000064140cc50,0x0000000651400000)
 Metaspace       used 19189K, capacity 19924K, committed 20224K, reserved 1067008K
  class space    used 2563K, capacity 2749K, committed 2816K, reserved 1048576K
}

Deoptimization events (10 events):
Event: 4.538 Thread 0x000000002302a800 Uncommon trap: reason=unstable_if action=reinterpret pc=0x00000000032f30b4 method=java.util.regex.Pattern$Ctype.isSatisfiedBy(I)Z @ 4
Event: 4.554 Thread 0x000000002302a800 Uncommon trap: reason=unstable_if action=reinterpret pc=0x000000000331f8dc method=sun.text.normalizer.TrieIterator.checkNullNextTrailIndex()Z @ 4
Event: 4.630 Thread 0x000000002302a800 Uncommon trap: reason=unstable_if action=reinterpret pc=0x0000000003325478 method=sun.text.normalizer.TrieIterator.calculateNextSupplementaryElement(Lsun/text/normalizer/RangeValueIterator$Element;)V @ 145
Event: 4.630 Thread 0x000000002302a800 Uncommon trap: reason=unstable_if action=reinterpret pc=0x000000000332e150 method=sun.text.normalizer.TrieIterator.next(Lsun/text/normalizer/RangeValueIterator$Element;)Z @ 6
Event: 4.651 Thread 0x000000002302a800 Uncommon trap: reason=unstable_if action=reinterpret pc=0x000000000334686c method=sun.text.normalizer.UnicodeSet.applyFilter(Lsun/text/normalizer/UnicodeSet$Filter;I)Lsun/text/normalizer/UnicodeSet; @ 27
Event: 4.651 Thread 0x000000002302a800 Uncommon trap: reason=unstable_if action=reinterpret pc=0x000000000334ce1c method=sun.text.normalizer.UnicodeSet.add([III)Lsun/text/normalizer/UnicodeSet; @ 521
Event: 4.652 Thread 0x000000002302a800 Uncommon trap: reason=unstable_if action=reinterpret pc=0x00000000031ccfdc method=java.util.regex.Pattern$Ctype.isSatisfiedBy(I)Z @ 4
Event: 4.669 Thread 0x000000002302a800 Uncommon trap: reason=unstable_if action=reinterpret pc=0x00000000033204b8 method=sun.text.normalizer.UnicodeSet.findCodePoint(I)I @ 32
Event: 4.724 Thread 0x0000000023495800 Uncommon trap: reason=unstable_if action=reinterpret pc=0x00000000033b41f0 method=java.net.IDN.toASCIIInternal(Ljava/lang/String;I)Ljava/lang/String; @ 72
Event: 4.739 Thread 0x0000000023492800 Uncommon trap: reason=predicate action=maybe_recompile pc=0x00000000033d3948 method=java.util.regex.Pattern$SliceI.match(Ljava/util/regex/Matcher;ILjava/lang/CharSequence;)Z @ 21

Internal exceptions (10 events):
Event: 0.804 Thread 0x0000000022a36000 Exception <a 'java/io/FileNotFoundException'> (0x00000007424b2140) thrown at [C:\re\workspace\8-2-build-windows-amd64-cygwin\jdk8u131\8869\hotspot\src\share\vm\prims\jni.cpp, line 709]
Event: 0.811 Thread 0x0000000022a36000 Exception <a 'java/io/FileNotFoundException'> (0x00000007424db920) thrown at [C:\re\workspace\8-2-build-windows-amd64-cygwin\jdk8u131\8869\hotspot\src\share\vm\prims\jni.cpp, line 709]
Event: 0.811 Thread 0x0000000022a36000 Exception <a 'java/io/FileNotFoundException'> (0x00000007424e2b38) thrown at [C:\re\workspace\8-2-build-windows-amd64-cygwin\jdk8u131\8869\hotspot\src\share\vm\prims\jni.cpp, line 709]
Event: 0.813 Thread 0x0000000022a36000 Exception <a 'java/io/FileNotFoundException'> (0x00000007424ec908) thrown at [C:\re\workspace\8-2-build-windows-amd64-cygwin\jdk8u131\8869\hotspot\src\share\vm\prims\jni.cpp, line 709]
Event: 0.814 Thread 0x0000000022a36000 Exception <a 'java/io/FileNotFoundException'> (0x00000007424f1398) thrown at [C:\re\workspace\8-2-build-windows-amd64-cygwin\jdk8u131\8869\hotspot\src\share\vm\prims\jni.cpp, line 709]
Event: 0.814 Thread 0x0000000022a36000 Exception <a 'java/io/FileNotFoundException'> (0x00000007424f26f0) thrown at [C:\re\workspace\8-2-build-windows-amd64-cygwin\jdk8u131\8869\hotspot\src\share\vm\prims\jni.cpp, line 709]
Event: 2.042 Thread 0x0000000022a36000 Implicit null exception at 0x000000000301c019 to 0x000000000301c3cd
Event: 2.045 Thread 0x0000000022a36000 Implicit null exception at 0x0000000002f1fb56 to 0x0000000002f1fefd
Event: 3.706 Thread 0x0000000022a36000 Exception <a 'sun/nio/fs/WindowsException'> (0x0000000742947158) thrown at [C:\re\workspace\8-2-build-windows-amd64-cygwin\jdk8u131\8869\hotspot\src\share\vm\prims\jni.cpp, line 709]
Event: 3.708 Thread 0x0000000022a36000 Exception <a 'sun/nio/fs/WindowsException'> (0x00000007429494e0) thrown at [C:\re\workspace\8-2-build-windows-amd64-cygwin\jdk8u131\8869\hotspot\src\share\vm\prims\jni.cpp, line 709]

Events (10 events):
Event: 4.909 Thread 0x0000000020ead800 flushing nmethod 0x0000000002e39410
Event: 4.909 Thread 0x0000000020ead800 flushing nmethod 0x0000000002e3b090
Event: 4.909 Thread 0x0000000020ead800 flushing nmethod 0x0000000002e3c6d0
Event: 4.909 Thread 0x0000000020ead800 flushing nmethod 0x0000000002e3ccd0
Event: 4.909 Thread 0x0000000020ead800 flushing nmethod 0x0000000002e54ad0
Event: 4.909 Thread 0x0000000020ead800 flushing nmethod 0x0000000002e83890
Event: 4.909 Thread 0x0000000020ead800 flushing nmethod 0x0000000002e83ed0
Event: 4.909 Thread 0x0000000020ead800 flushing nmethod 0x0000000002ea0ed0
Event: 4.910 Thread 0x0000000020ead800 flushing nmethod 0x0000000002eef810
Event: 4.941 Thread 0x0000000031da1000 Thread added: 0x0000000031da1000


Dynamic libraries:
0x00007ff613b80000 - 0x00007ff613bb7000 	C:\Program Files\Java\jdk1.8.0_131\bin\java.exe
0x00007ffbd4810000 - 0x00007ffbd4a08000 	C:\WINDOWS\SYSTEM32\ntdll.dll
0x00007ffbd3960000 - 0x00007ffbd3a1d000 	C:\WINDOWS\System32\KERNEL32.DLL
0x00007ffbd20a0000 - 0x00007ffbd2396000 	C:\WINDOWS\System32\KERNELBASE.dll
0x00007ffbd4650000 - 0x00007ffbd4700000 	C:\WINDOWS\System32\ADVAPI32.dll
0x00007ffbd3a20000 - 0x00007ffbd3abe000 	C:\WINDOWS\System32\msvcrt.dll
0x00007ffbd3c60000 - 0x00007ffbd3d00000 	C:\WINDOWS\System32\sechost.dll
0x00007ffbd37b0000 - 0x00007ffbd38d3000 	C:\WINDOWS\System32\RPCRT4.dll
0x00007ffbd2000000 - 0x00007ffbd2027000 	C:\WINDOWS\System32\bcrypt.dll
0x00007ffbd4160000 - 0x00007ffbd42ff000 	C:\WINDOWS\System32\USER32.dll
0x00007ffbd27c0000 - 0x00007ffbd27e2000 	C:\WINDOWS\System32\win32u.dll
0x00007ffbd3d00000 - 0x00007ffbd3d2b000 	C:\WINDOWS\System32\GDI32.dll
0x00007ffbd24a0000 - 0x00007ffbd25b7000 	C:\WINDOWS\System32\gdi32full.dll
0x00007ffbd25c0000 - 0x00007ffbd265d000 	C:\WINDOWS\System32\msvcp_win.dll
0x00007ffbd23a0000 - 0x00007ffbd24a0000 	C:\WINDOWS\System32\ucrtbase.dll
0x00007ffbc69f0000 - 0x00007ffbc6c8a000 	C:\WINDOWS\WinSxS\amd64_microsoft.windows.common-controls_6595b64144ccf1df_6.0.19041.4355_none_60b8b9eb71f62e16\COMCTL32.dll
0x00007ffbd3770000 - 0x00007ffbd37a2000 	C:\WINDOWS\System32\IMM32.DLL
0x000000005bec0000 - 0x000000005bf92000 	C:\Program Files\Java\jdk1.8.0_131\jre\bin\msvcr100.dll
0x000000005ab10000 - 0x000000005b3ac000 	C:\Program Files\Java\jdk1.8.0_131\jre\bin\server\jvm.dll
0x00007ffbd2840000 - 0x00007ffbd2848000 	C:\WINDOWS\System32\PSAPI.DLL
0x00007ffbc9d70000 - 0x00007ffbc9d79000 	C:\WINDOWS\SYSTEM32\WSOCK32.dll
0x00007ffbd4760000 - 0x00007ffbd47cb000 	C:\WINDOWS\System32\WS2_32.dll
0x00007ffbc6ea0000 - 0x00007ffbc6ec7000 	C:\WINDOWS\SYSTEM32\WINMM.dll
0x00007ffbcb750000 - 0x00007ffbcb75a000 	C:\WINDOWS\SYSTEM32\VERSION.dll
0x000000005beb0000 - 0x000000005bebf000 	C:\Program Files\Java\jdk1.8.0_131\jre\bin\verify.dll
0x000000005be80000 - 0x000000005bea9000 	C:\Program Files\Java\jdk1.8.0_131\jre\bin\java.dll
0x000000005be60000 - 0x000000005be76000 	C:\Program Files\Java\jdk1.8.0_131\jre\bin\zip.dll
0x00007ffbd29f0000 - 0x00007ffbd315b000 	C:\WINDOWS\System32\SHELL32.dll
0x00007ffbcff40000 - 0x00007ffbd06dd000 	C:\WINDOWS\SYSTEM32\windows.storage.dll
0x00007ffbd3d30000 - 0x00007ffbd4083000 	C:\WINDOWS\System32\combase.dll
0x00007ffbd1800000 - 0x00007ffbd182e000 	C:\WINDOWS\SYSTEM32\Wldp.dll
0x00007ffbd4090000 - 0x00007ffbd415d000 	C:\WINDOWS\System32\OLEAUT32.dll
0x00007ffbd4300000 - 0x00007ffbd43ad000 	C:\WINDOWS\System32\SHCORE.dll
0x00007ffbd3160000 - 0x00007ffbd31b5000 	C:\WINDOWS\System32\shlwapi.dll
0x00007ffbd1df0000 - 0x00007ffbd1e14000 	C:\WINDOWS\SYSTEM32\profapi.dll
0x00007ffb9e240000 - 0x00007ffb9e32f000 	C:\Program Files\Java\jdk1.8.0_131\jre\bin\msvcr120.dll
0x00007ffb9e390000 - 0x00007ffb9e436000 	C:\Program Files\Java\jdk1.8.0_131\jre\bin\msvcp120.dll
0x000000005be30000 - 0x000000005be52000 	C:\Program Files\Java\jdk1.8.0_131\jre\bin\prism_d3d.dll
0x00007ffb76d80000 - 0x00007ffb76f4e000 	C:\WINDOWS\system32\d3d9.dll
0x00007ffbd06f0000 - 0x00007ffbd0702000 	C:\WINDOWS\SYSTEM32\kernel.appcore.dll
0x00007ffbcf840000 - 0x00007ffbcf86f000 	C:\WINDOWS\SYSTEM32\dwmapi.dll
0x00007ffbcf550000 - 0x00007ffbcf5ee000 	C:\WINDOWS\system32\uxtheme.dll
0x00007ffb74e30000 - 0x00007ffb74f94000 	C:\WINDOWS\System32\DriverStore\FileRepository\igdlh64.inf_amd64_b1a3f27d79c02635\igdumdim64.dll
0x00007ffb47010000 - 0x00007ffb4b32b000 	C:\WINDOWS\System32\DriverStore\FileRepository\igdlh64.inf_amd64_b1a3f27d79c02635\igd9dxva64.dll
0x00007ffbd27f0000 - 0x00007ffbd283e000 	C:\WINDOWS\System32\CFGMGR32.dll
0x00007ffbd31c0000 - 0x00007ffbd32eb000 	C:\WINDOWS\System32\ole32.dll
0x00007ffbbb1b0000 - 0x00007ffbbb354000 	C:\WINDOWS\System32\DriverStore\FileRepository\igdlh64.inf_amd64_b1a3f27d79c02635\igdgmm64.dll
0x000000005bde0000 - 0x000000005be23000 	C:\Program Files\Java\jdk1.8.0_131\jre\bin\glass.dll
0x00007ffbd3ac0000 - 0x00007ffbd3b9a000 	C:\WINDOWS\System32\COMDLG32.dll
0x00007ffb8b2b0000 - 0x00007ffb8b369000 	C:\PROGRA~2\JWord\Plugin2\JWDSRC~1.DLL
0x00007ffbc5d20000 - 0x00007ffbc61f6000 	C:\WINDOWS\SYSTEM32\WININET.dll
0x00007ffbc4ac0000 - 0x00007ffbc4cac000 	C:\WINDOWS\SYSTEM32\urlmon.dll
0x00007ffbc6f40000 - 0x00007ffbc71fe000 	C:\WINDOWS\SYSTEM32\iertutil.dll
0x00007ffbc4a50000 - 0x00007ffbc4a78000 	C:\WINDOWS\SYSTEM32\srvcli.dll
0x00007ffbd1360000 - 0x00007ffbd136c000 	C:\WINDOWS\SYSTEM32\netutils.dll
0x00007ffbd2850000 - 0x00007ffbd2964000 	C:\WINDOWS\System32\MSCTF.dll
0x00007ffbd1ec0000 - 0x00007ffbd1f42000 	C:\WINDOWS\System32\bcryptPrimitives.dll
0x00007ffb83cd0000 - 0x00007ffb83cf6000 	C:\WINDOWS\System32\DriverStore\FileRepository\igdlh64.inf_amd64_b1a3f27d79c02635\igdinfo64.dll
0x00007ffbb8a80000 - 0x00007ffbbaec9000 	C:\WINDOWS\System32\DriverStore\FileRepository\igdlh64.inf_amd64_b1a3f27d79c02635\igc64.dll
0x00007ffbcc4f0000 - 0x00007ffbcc52b000 	C:\WINDOWS\SYSTEM32\dxcore.dll
0x0000000058350000 - 0x000000005ab04000 	C:\Program Files\Java\jdk1.8.0_131\jre\bin\jfxwebkit.dll
0x00007ffbd1760000 - 0x00007ffbd1778000 	C:\WINDOWS\SYSTEM32\CRYPTSP.dll
0x00007ffbd0e90000 - 0x00007ffbd0ec4000 	C:\WINDOWS\system32\rsaenh.dll
0x00007ffbd1c30000 - 0x00007ffbd1c3c000 	C:\WINDOWS\SYSTEM32\CRYPTBASE.dll
0x000000005bdc0000 - 0x000000005bdd4000 	C:\Program Files\Java\jdk1.8.0_131\jre\bin\javafx_font.dll
0x00007ffbbb360000 - 0x00007ffbbb5df000 	C:\WINDOWS\SYSTEM32\dwrite.dll
0x00007ffbd3ba0000 - 0x00007ffbd3c49000 	C:\WINDOWS\System32\clbcatq.dll
0x00007ffbcf2a0000 - 0x00007ffbcf454000 	C:\WINDOWS\SYSTEM32\WindowsCodecs.dll
0x00007ffbab1c0000 - 0x00007ffbab1fe000 	C:\WINDOWS\system32\dataexchange.dll
0x00007ffbcd390000 - 0x00007ffbcd5f3000 	C:\WINDOWS\system32\d3d11.dll
0x00007ffbcd620000 - 0x00007ffbcd805000 	C:\WINDOWS\system32\dcomp.dll
0x00007ffbd0740000 - 0x00007ffbd0832000 	C:\WINDOWS\system32\dxgi.dll
0x00007ffbcaa10000 - 0x00007ffbcac13000 	C:\WINDOWS\system32\twinapi.appcore.dll
0x00007ffbc37b0000 - 0x00007ffbc37e4000 	C:\Program Files\Common Files\Microsoft Shared\Ink\rtscom.dll
0x00007ffbc07b0000 - 0x00007ffbc08a9000 	C:\WINDOWS\SYSTEM32\textinputframework.dll
0x00007ffbcdef0000 - 0x00007ffbcdfe2000 	C:\WINDOWS\System32\CoreMessaging.dll
0x00007ffbcd810000 - 0x00007ffbcdb6b000 	C:\WINDOWS\System32\CoreUIComponents.dll
0x00007ffbd0fb0000 - 0x00007ffbd0fe3000 	C:\WINDOWS\SYSTEM32\ntmarta.dll
0x00007ffbce440000 - 0x00007ffbce597000 	C:\WINDOWS\SYSTEM32\wintypes.dll
0x00007ffba5130000 - 0x00007ffba5425000 	C:\WINDOWS\SYSTEM32\UIAutomationCore.DLL
0x00007ffbced90000 - 0x00007ffbcee86000 	C:\WINDOWS\SYSTEM32\PROPSYS.dll
0x00007ffbb26d0000 - 0x00007ffbb274f000 	C:\Windows\System32\OneCoreCommonProxyStub.dll
0x000000005bda0000 - 0x000000005bdb1000 	C:\Program Files\Java\jdk1.8.0_131\jre\bin\prism_common.dll
0x000000005bd80000 - 0x000000005bd9a000 	C:\Program Files\Java\jdk1.8.0_131\jre\bin\net.dll
0x00007ffbd1570000 - 0x00007ffbd15da000 	C:\WINDOWS\system32\mswsock.dll
0x000000005bd60000 - 0x000000005bd71000 	C:\Program Files\Java\jdk1.8.0_131\jre\bin\nio.dll
0x000000005bd30000 - 0x000000005bd54000 	C:\Program Files\Java\jdk1.8.0_131\jre\bin\sunec.dll
0x00007ffbd1250000 - 0x00007ffbd128b000 	C:\WINDOWS\SYSTEM32\IPHLPAPI.DLL
0x00007ffbd32f0000 - 0x00007ffbd32f8000 	C:\WINDOWS\System32\NSI.dll
0x00007ffbcc550000 - 0x00007ffbcc567000 	C:\WINDOWS\SYSTEM32\dhcpcsvc6.DLL
0x00007ffbcc530000 - 0x00007ffbcc54d000 	C:\WINDOWS\SYSTEM32\dhcpcsvc.DLL
0x00007ffbd1290000 - 0x00007ffbd135b000 	C:\WINDOWS\SYSTEM32\DNSAPI.dll
0x00007ffbd1d60000 - 0x00007ffbd1d8e000 	C:\WINDOWS\SYSTEM32\USERENV.dll
0x000000005bd20000 - 0x000000005bd2b000 	C:\Program Files\Java\jdk1.8.0_131\jre\bin\sunmscapi.dll
0x00007ffbd2660000 - 0x00007ffbd27be000 	C:\WINDOWS\System32\CRYPT32.dll
0x00007ffbca8f0000 - 0x00007ffbca8fa000 	C:\Windows\System32\rasadhlp.dll
0x00007ffbc9fc0000 - 0x00007ffbca040000 	C:\WINDOWS\System32\fwpuclnt.dll
0x00007ffbcfd30000 - 0x00007ffbcff14000 	C:\WINDOWS\SYSTEM32\dbghelp.dll

VM Arguments:
java_command: YouTubePlayerApp
java_class_path (initial): C:\Users\kokada\AppData\Roaming\Code\User\workspaceStorage\2116d4aa97e89f41a40d4ec1f3f59299\redhat.java\jdt_ws\jdt.ls-java-project\bin
Launcher Type: SUN_STANDARD

Environment Variables:
PATH=C:\Users\kokada\projectpython\myenv\Scripts;C:\Program Files (x86)\Common Files\Intel\Shared Libraries\redist\intel64\compiler;C:\Program Files\Microsoft MPI\Bin\;C:\Windows\system32;C:\Windows;C:\Windows\System32\Wbem;C:\Windows\System32\WindowsPowerShell\v1.0\;C:\Program Files (x86)\NVIDIA Corporation\PhysX\Common;C:\Program Files\Microsoft SQL Server\130\Tools\Binn\;C:\Program Files\dotnet\;C:\Program Files (x86)\GtkSharp\2.12\bin;C:\WINDOWS\system32;C:\WINDOWS;C:\WINDOWS\System32\Wbem;C:\WINDOWS\System32\WindowsPowerShell\v1.0\;C:\WINDOWS\System32\OpenSSH\;C:\Program Files\Microsoft SQL Server\Client SDK\ODBC\170\Tools\Binn\;C:\Program Files\Git\cmd;C:\Users\kokada\AppData\Local\Microsoft\WinGet\Packages\ezwinports.make_Microsoft.Winget.Source_8wekyb3d8bbwe\bin;C:\Users\kokada\.vscode\extensions\jebbs.plantuml-2.18.1;C:\Program Files\Java\jdk1.8.0_131\bin;C:\Users\kokada\hello\plantuml;C:\Users\kokada\AppData\Local\Microsoft\WindowsApps;C:\Users\kokada\AppData\Local\Programs\Microsoft VS Code\bin;C:\Users\kokada\AppData\Local\Packages\PythonSoftwareFoundation.Python.3.9_qbz5n2kfra8p0\LocalCache\local-packages\Python39\Scripts;C:\MeCab-64\bin;C:\MeCab-64\sdk;C:\Users\kokada\AppData\Local\Programs\Python\Python39;C:\Users\kokada\AppData\Local\Programs\Python\Python39\Scripts;C:\MeCab-64\etc;C:\Users\kokada\AppData\Local\Programs\MiKTeX\miktex\bin\x64;C:\Users\kokada\AppData\Local\Microsoft\WinGet\Packages\ezwinports.make_Microsoft.Winget.Source_8wekyb3d8bbwe\bin;
USERNAME=kokada
OS=Windows_NT
PROCESSOR_IDENTIFIER=Intel64 Family 6 Model 158 Stepping 9, GenuineIntel



---------------  S Y S T E M  ---------------

OS: Windows 10.0 , 64 bit Build 19041 (10.0.19041.3636)

CPU:total 4 (initial active 4) (4 cores per cpu, 1 threads per core) family 6 model 158 stepping 9, cmov, cx8, fxsr, mmx, sse, sse2, sse3, ssse3, sse4.1, sse4.2, popcnt, avx, avx2, aes, clmul, erms, rtm, 3dnowpref, lzcnt, tsc, tscinvbit, bmi1, bmi2, adx

Memory: 4k page, physical 25078072k(3472080k free), swap 52010656k(2779796k free)

vm_info: Java HotSpot(TM) 64-Bit Server VM (25.131-b11) for windows-amd64 JRE (1.8.0_131-b11), built on Mar 15 2017 01:23:53 by "java_re" with MS VC++ 10.0 (VS2010)

time: Wed Jun 05 16:24:48 2024
elapsed time: 5 seconds (0d 0h 0m 5s)

