#
# A fatal error has been detected by the Java Runtime Environment:
#
#  EXCEPTION_ACCESS_VIOLATION (0xc0000005) at pc=0x00007ffb9e27c3f9, pid=19912, tid=0x000000000000a1d0
#
# JRE version: Java(TM) SE Runtime Environment (8.0_131-b11) (build 1.8.0_131-b11)
# Java VM: Java HotSpot(TM) 64-Bit Server VM (25.131-b11 mixed mode windows-amd64 compressed oops)
# Problematic frame:
# C  [msvcr120.dll+0x3c3f9]
#
# Failed to write core dump. Minidumps are not enabled by default on client versions of Windows
#
# If you would like to submit a bug report, please visit:
#   http://bugreport.java.com/bugreport/crash.jsp
# The crash happened outside the Java Virtual Machine in native code.
# See problematic frame for where to report the bug.
#

---------------  T H R E A D  ---------------

Current thread (0x000000002360e800):  JavaThread "JavaFX Application Thread" [_thread_in_native, id=41424, stack(0x0000000024ac0000,0x0000000024bc0000)]

siginfo: ExceptionCode=0xc0000005, reading address 0x0000019c00000001

Registers:
RAX=0x00000000366dff60, RBX=0x00000000366dff60, RCX=0x0000000000000050, RDX=0x0000019bc9920089
RSP=0x0000000024bb9df8, RBP=0x0000019c00000001, RSI=0x0000019c00000001, RDI=0x00000000366dff78
R8 =0x0000000000000050, R9 =0x0000000000000040, R10=0x0000019c00000001, R11=0x00000000366dff78
R12=0x0000000024bbc882, R13=0x0000000024bbcb30, R14=0x0000000000000050, R15=0x0000000000000000
RIP=0x00007ffb9e27c3f9, EFLAGS=0x0000000000010213

Top of Stack: (sp=0x0000000024bb9df8)
0x0000000024bb9df8:   0000000024bb9ea0 0000000000000028
0x0000000024bb9e08:   0000000059442a84 0000000000fa0000
0x0000000024bb9e18:   0000000000000000 0000000000000038
0x0000000024bb9e28:   0000000000000000 0000000000000002
0x0000000024bb9e38:   0000000059445d4e 0000000024bb9ea0
0x0000000024bb9e48:   0000000000000007 00000000366c4f50
0x0000000024bb9e58:   0000000000000000 0000000024bb9ed0
0x0000000024bb9e68:   000000005944bcaf 0000000024bbcb30
0x0000000024bb9e78:   0000000024bbc882 0000000000000018
0x0000000024bb9e88:   0000000000100004 0000000024bb9f00
0x0000000024bb9e98:   0000000058511f73 0000000000000000
0x0000000024bb9ea8:   0000000000000018 0000000024bbcb30
0x0000000024bb9eb8:   0000000024bb0000 00000000366c4b70
0x0000000024bb9ec8:   0000000058570436 0000000000000000
0x0000000024bb9ed8:   0000000000100004 00000000366c4c90
0x0000000024bb9ee8:   0000000000100004 0000000024bb9f80 

Instructions: (pc=0x00007ffb9e27c3f9)
0x00007ffb9e27c3d9:   03 c0 48 3b c8 0f 8c 96 03 00 00 0f ba 25 6c 53
0x00007ffb9e27c3e9:   0a 00 01 73 13 57 56 48 8b f9 49 8b f2 49 8b c8
0x00007ffb9e27c3f9:   f3 a4 5e 5f 49 8b c3 c3 0f ba 25 4f 53 0a 00 02
0x00007ffb9e27c409:   0f 82 56 02 00 00 f6 c1 07 74 36 f6 c1 01 74 0b 


Register to memory mapping:

RAX=0x00000000366dff60 is an unknown value
RBX=0x00000000366dff60 is an unknown value
RCX=0x0000000000000050 is an unknown value
RDX=0x0000019bc9920089 is an unknown value
RSP=0x0000000024bb9df8 is pointing into the stack for thread: 0x000000002360e800
RBP=0x0000019c00000001 is an unknown value
RSI=0x0000019c00000001 is an unknown value
RDI=0x00000000366dff78 is an unknown value
R8 =0x0000000000000050 is an unknown value
R9 =0x0000000000000040 is an unknown value
R10=0x0000019c00000001 is an unknown value
R11=0x00000000366dff78 is an unknown value
R12=0x0000000024bbc882 is pointing into the stack for thread: 0x000000002360e800
R13=0x0000000024bbcb30 is pointing into the stack for thread: 0x000000002360e800
R14=0x0000000000000050 is an unknown value
R15=0x0000000000000000 is an unknown value


Stack: [0x0000000024ac0000,0x0000000024bc0000],  sp=0x0000000024bb9df8,  free space=999k
Native frames: (J=compiled Java code, j=interpreted, Vv=VM code, C=native code)
C  [msvcr120.dll+0x3c3f9]
C  0x0000000024bb9ea0

Java frames: (J=compiled Java code, j=interpreted, Vv=VM code)
j  com.sun.webkit.network.URLLoader.twkDidFinishLoading(J)V+0
j  com.sun.webkit.network.URLLoader.notifyDidFinishLoading()V+44
j  com.sun.webkit.network.URLLoader.lambda$didFinishLoading$103()V+8
j  com.sun.webkit.network.URLLoader$$Lambda$212.run()V+4
J 1612 C1 com.sun.javafx.application.PlatformImpl$$Lambda$50.run()Ljava/lang/Object; (8 bytes) @ 0x00000000039c194c [0x00000000039c1800+0x14c]
v  ~StubRoutines::call_stub
J 1070  java.security.AccessController.doPrivileged(Ljava/security/PrivilegedAction;Ljava/security/AccessControlContext;)Ljava/lang/Object; (0 bytes) @ 0x000000000388fc66 [0x000000000388fc00+0x66]
J 1609 C1 com.sun.javafx.application.PlatformImpl.lambda$runLater$174(Ljava/lang/Runnable;Ljava/security/AccessControlContext;)V (38 bytes) @ 0x00000000039c05cc [0x00000000039c0260+0x36c]
J 1529 C1 com.sun.javafx.application.PlatformImpl$$Lambda$48.run()V (12 bytes) @ 0x000000000399ad8c [0x000000000399ad00+0x8c]
J 1535 C1 com.sun.glass.ui.InvokeLaterDispatcher$Future.run()V (91 bytes) @ 0x000000000399d394 [0x000000000399d280+0x114]
v  ~StubRoutines::call_stub
j  com.sun.glass.ui.win.WinApplication._runLoop(Ljava/lang/Runnable;)V+0
j  com.sun.glass.ui.win.WinApplication.lambda$null$148(ILjava/lang/Runnable;)V+8
j  com.sun.glass.ui.win.WinApplication$$Lambda$38.run()V+12
j  java.lang.Thread.run()V+11
v  ~StubRoutines::call_stub

---------------  P R O C E S S  ---------------

Java Threads: ( => current thread )
  0x0000000032f3a000 JavaThread "URL-Loader-20" daemon [_thread_in_native, id=41892, stack(0x0000000036f60000,0x0000000037060000)]
  0x0000000032f32800 JavaThread "URL-Loader-19" daemon [_thread_in_native, id=1960, stack(0x0000000036e60000,0x0000000036f60000)]
  0x0000000032f39800 JavaThread "URL-Loader-18" daemon [_thread_in_native, id=34752, stack(0x0000000036d60000,0x0000000036e60000)]
  0x0000000032f38800 JavaThread "URL-Loader-17" daemon [_thread_blocked, id=21912, stack(0x0000000035c90000,0x0000000035d90000)]
  0x0000000032f31000 JavaThread "URL-Loader-16" daemon [_thread_blocked, id=25176, stack(0x0000000035b90000,0x0000000035c90000)]
  0x0000000032f33800 JavaThread "URL-Loader-15" daemon [_thread_blocked, id=29712, stack(0x0000000035a90000,0x0000000035b90000)]
  0x0000000032f38000 JavaThread "URL-Loader-14" daemon [_thread_blocked, id=36296, stack(0x0000000035990000,0x0000000035a90000)]
  0x0000000032f37000 JavaThread "URL-Loader-13" daemon [_thread_blocked, id=35820, stack(0x0000000035890000,0x0000000035990000)]
  0x0000000032f35800 JavaThread "URL-Loader-12" daemon [_thread_blocked, id=32688, stack(0x0000000035790000,0x0000000035890000)]
  0x0000000032f32000 JavaThread "URL-Loader-11" daemon [_thread_blocked, id=2736, stack(0x0000000035690000,0x0000000035790000)]
  0x0000000032f30800 JavaThread "URL-Loader-10" daemon [_thread_blocked, id=10884, stack(0x0000000035590000,0x0000000035690000)]
  0x0000000032f36800 JavaThread "URL-Loader-9" daemon [_thread_blocked, id=41428, stack(0x0000000035490000,0x0000000035590000)]
  0x0000000023ada800 JavaThread "URL-Loader-8" daemon [_thread_blocked, id=36348, stack(0x0000000034b90000,0x0000000034c90000)]
  0x0000000023ada000 JavaThread "URL-Loader-7" daemon [_thread_blocked, id=25100, stack(0x0000000034a90000,0x0000000034b90000)]
  0x0000000023ad9000 JavaThread "Keep-Alive-Timer" daemon [_thread_blocked, id=34592, stack(0x0000000034990000,0x0000000034a90000)]
  0x0000000023adf800 JavaThread "URL-Loader-6" daemon [_thread_blocked, id=39272, stack(0x0000000034890000,0x0000000034990000)]
  0x0000000023adb800 JavaThread "URL-Loader-5" daemon [_thread_in_native, id=37372, stack(0x0000000034790000,0x0000000034890000)]
  0x0000000023ad8800 JavaThread "URL-Loader-4" daemon [_thread_blocked, id=35524, stack(0x0000000034690000,0x0000000034790000)]
  0x0000000023adc800 JavaThread "URL-Loader-3" daemon [_thread_in_native, id=27740, stack(0x0000000034590000,0x0000000034690000)]
  0x0000000023ade800 JavaThread "URL-Loader-2" daemon [_thread_blocked, id=41788, stack(0x0000000034490000,0x0000000034590000)]
  0x0000000023ade000 JavaThread "URL-Loader-1" daemon [_thread_in_native, id=43104, stack(0x0000000032cc0000,0x0000000032dc0000)]
  0x0000000023add000 JavaThread "AWT-Windows" daemon [_thread_in_native, id=30884, stack(0x0000000032dc0000,0x0000000032ec0000)]
  0x0000000023ad2800 JavaThread "Java2D Disposer" daemon [_thread_blocked, id=39584, stack(0x0000000032bc0000,0x0000000032cc0000)]
  0x0000000023a73800 JavaThread "Prism Font Disposer" daemon [_thread_blocked, id=4168, stack(0x0000000031ab0000,0x0000000031bb0000)]
  0x000000002371a800 JavaThread "Disposer" daemon [_thread_blocked, id=33668, stack(0x0000000029550000,0x0000000029650000)]
  0x000000002368d800 JavaThread "Thread-3" daemon [_thread_in_native, id=11596, stack(0x0000000029350000,0x0000000029450000)]
  0x00000000232fe000 JavaThread "JavaFX-Launcher" [_thread_blocked, id=27892, stack(0x0000000029450000,0x0000000029550000)]
=>0x000000002360e800 JavaThread "JavaFX Application Thread" [_thread_in_native, id=41424, stack(0x0000000024ac0000,0x0000000024bc0000)]
  0x00000000232e4000 JavaThread "Thread-1" daemon [_thread_blocked, id=27188, stack(0x0000000023f20000,0x0000000024020000)]
  0x00000000232bd800 JavaThread "QuantumRenderer-0" daemon [_thread_blocked, id=9316, stack(0x0000000023e00000,0x0000000023f00000)]
  0x0000000022f75800 JavaThread "Service Thread" daemon [_thread_blocked, id=21584, stack(0x0000000023400000,0x0000000023500000)]
  0x0000000022f20800 JavaThread "C1 CompilerThread2" daemon [_thread_blocked, id=38432, stack(0x0000000023300000,0x0000000023400000)]
  0x000000002165a800 JavaThread "C2 CompilerThread1" daemon [_thread_in_native, id=33400, stack(0x0000000022e00000,0x0000000022f00000)]
  0x0000000021604000 JavaThread "C2 CompilerThread0" daemon [_thread_in_native, id=23048, stack(0x0000000022d00000,0x0000000022e00000)]
  0x0000000021613000 JavaThread "Attach Listener" daemon [_thread_blocked, id=29452, stack(0x0000000022c00000,0x0000000022d00000)]
  0x0000000021657800 JavaThread "Signal Dispatcher" daemon [_thread_blocked, id=38312, stack(0x0000000022b00000,0x0000000022c00000)]
  0x00000000215e9800 JavaThread "Finalizer" daemon [_thread_blocked, id=42676, stack(0x0000000022860000,0x0000000022960000)]
  0x00000000034b1000 JavaThread "Reference Handler" daemon [_thread_blocked, id=37068, stack(0x0000000022760000,0x0000000022860000)]
  0x000000000302e000 JavaThread "main" [_thread_blocked, id=2636, stack(0x0000000002ef0000,0x0000000002ff0000)]

Other Threads:
  0x00000000215c7000 VMThread [stack: 0x0000000022660000,0x0000000022760000] [id=11656]
  0x0000000022fae800 WatcherThread [stack: 0x0000000023500000,0x0000000023600000] [id=17260]

VM state:not at safepoint (normal execution)

VM Mutex/Monitor currently owned by a thread: None

Heap:
 PSYoungGen      total 200704K, used 18564K [0x0000000740700000, 0x000000074dd00000, 0x00000007c0000000)
  eden space 186368K, 8% used [0x0000000740700000,0x00000007416be838,0x000000074bd00000)
  from space 14336K, 17% used [0x000000074cf00000,0x000000074d162b68,0x000000074dd00000)
  to   space 16384K, 0% used [0x000000074bd00000,0x000000074bd00000,0x000000074cd00000)
 ParOldGen       total 108544K, used 9732K [0x0000000641400000, 0x0000000647e00000, 0x0000000740700000)
  object space 108544K, 8% used [0x0000000641400000,0x0000000641d81108,0x0000000647e00000)
 Metaspace       used 22284K, capacity 23160K, committed 23552K, reserved 1069056K
  class space    used 3031K, capacity 3239K, committed 3328K, reserved 1048576K

Card table byte_map: [0x0000000012880000,0x0000000013480000] byte_map_base: 0x000000000f676000

Marking Bits: (ParMarkBitMap*) 0x000000005b32c720
 Begin Bits: [0x0000000014080000, 0x000000001a030000)
 End Bits:   [0x000000001a030000, 0x000000001ffe0000)

Polling page: 0x0000000002ff0000

CodeCache: size=245760Kb used=7326Kb max_used=7704Kb free=238433Kb
 bounds [0x00000000034c0000, 0x0000000003c60000, 0x00000000124c0000]
 total_blobs=3113 nmethods=2325 adapters=698
 compilation: enabled

Compilation events (10 events):
Event: 9.587 Thread 0x0000000022f20800 nmethod 2627 0x0000000003a218d0 code [0x0000000003a21ae0, 0x0000000003a22558]
Event: 9.587 Thread 0x0000000022f20800 2628       3       java.util.Collections$UnmodifiableCollection::isEmpty (10 bytes)
Event: 9.587 Thread 0x0000000022f20800 nmethod 2628 0x00000000037ea750 code [0x00000000037ea8c0, 0x00000000037eaae8]
Event: 9.588 Thread 0x0000000022f20800 2629       3       sun.security.ssl.HandshakeOutStream::putInt8 (17 bytes)
Event: 9.588 Thread 0x0000000022f20800 nmethod 2629 0x00000000036d8510 code [0x00000000036d86a0, 0x00000000036d8bf8]
Event: 9.588 Thread 0x0000000022f20800 2630       3       java.lang.System::getProperty (25 bytes)
Event: 9.589 Thread 0x0000000022f20800 nmethod 2630 0x0000000003696a90 code [0x0000000003696cc0, 0x0000000003697758]
Event: 9.589 Thread 0x0000000022f20800 2631       3       sun.security.ssl.HandshakeOutStream::putInt16 (42 bytes)
Event: 9.589 Thread 0x0000000022f20800 nmethod 2631 0x00000000039f9590 code [0x00000000039f9780, 0x00000000039fa1f8]
Event: 9.601 Thread 0x000000002165a800 nmethod 2625 0x000000000393d0d0 code [0x000000000393d2e0, 0x000000000393e1a0]

GC Heap History (10 events):
Event: 8.724 GC heap before
{Heap before GC invocations=1 (full 0):
 PSYoungGen      total 114688K, used 74796K [0x0000000740700000, 0x0000000748700000, 0x00000007c0000000)
  eden space 98304K, 76% used [0x0000000740700000,0x000000074500b380,0x0000000746700000)
  from space 16384K, 0% used [0x0000000747700000,0x0000000747700000,0x0000000748700000)
  to   space 16384K, 0% used [0x0000000746700000,0x0000000746700000,0x0000000747700000)
 ParOldGen       total 262144K, used 0K [0x0000000641400000, 0x0000000651400000, 0x0000000740700000)
  object space 262144K, 0% used [0x0000000641400000,0x0000000641400000,0x0000000651400000)
 Metaspace       used 20337K, capacity 21110K, committed 21248K, reserved 1067008K
  class space    used 2845K, capacity 3034K, committed 3072K, reserved 1048576K
Event: 8.732 GC heap after
Heap after GC invocations=1 (full 0):
 PSYoungGen      total 114688K, used 11826K [0x0000000740700000, 0x0000000748700000, 0x00000007c0000000)
  eden space 98304K, 0% used [0x0000000740700000,0x0000000740700000,0x0000000746700000)
  from space 16384K, 72% used [0x0000000746700000,0x000000074728c940,0x0000000747700000)
  to   space 16384K, 0% used [0x0000000747700000,0x0000000747700000,0x0000000748700000)
 ParOldGen       total 262144K, used 43K [0x0000000641400000, 0x0000000651400000, 0x0000000740700000)
  object space 262144K, 0% used [0x0000000641400000,0x000000064140ac50,0x0000000651400000)
 Metaspace       used 20337K, capacity 21110K, committed 21248K, reserved 1067008K
  class space    used 2845K, capacity 3034K, committed 3072K, reserved 1048576K
}
Event: 8.732 GC heap before
{Heap before GC invocations=2 (full 1):
 PSYoungGen      total 114688K, used 11826K [0x0000000740700000, 0x0000000748700000, 0x00000007c0000000)
  eden space 98304K, 0% used [0x0000000740700000,0x0000000740700000,0x0000000746700000)
  from space 16384K, 72% used [0x0000000746700000,0x000000074728c940,0x0000000747700000)
  to   space 16384K, 0% used [0x0000000747700000,0x0000000747700000,0x0000000748700000)
 ParOldGen       total 262144K, used 43K [0x0000000641400000, 0x0000000651400000, 0x0000000740700000)
  object space 262144K, 0% used [0x0000000641400000,0x000000064140ac50,0x0000000651400000)
 Metaspace       used 20337K, capacity 21110K, committed 21248K, reserved 1067008K
  class space    used 2845K, capacity 3034K, committed 3072K, reserved 1048576K
Event: 8.757 GC heap after
Heap after GC invocations=2 (full 1):
 PSYoungGen      total 114688K, used 0K [0x0000000740700000, 0x0000000748700000, 0x00000007c0000000)
  eden space 98304K, 0% used [0x0000000740700000,0x0000000740700000,0x0000000746700000)
  from space 16384K, 0% used [0x0000000746700000,0x0000000746700000,0x0000000747700000)
  to   space 16384K, 0% used [0x0000000747700000,0x0000000747700000,0x0000000748700000)
 ParOldGen       total 108544K, used 9716K [0x0000000641400000, 0x0000000647e00000, 0x0000000740700000)
  object space 108544K, 8% used [0x0000000641400000,0x0000000641d7d108,0x0000000647e00000)
 Metaspace       used 20337K, capacity 21110K, committed 21248K, reserved 1067008K
  class space    used 2845K, capacity 3034K, committed 3072K, reserved 1048576K
}
Event: 9.087 GC heap before
{Heap before GC invocations=3 (full 1):
 PSYoungGen      total 114688K, used 98260K [0x0000000740700000, 0x0000000748700000, 0x00000007c0000000)
  eden space 98304K, 99% used [0x0000000740700000,0x00000007466f5048,0x0000000746700000)
  from space 16384K, 0% used [0x0000000746700000,0x0000000746700000,0x0000000747700000)
  to   space 16384K, 0% used [0x0000000747700000,0x0000000747700000,0x0000000748700000)
 ParOldGen       total 108544K, used 9716K [0x0000000641400000, 0x0000000647e00000, 0x0000000740700000)
  object space 108544K, 8% used [0x0000000641400000,0x0000000641d7d108,0x0000000647e00000)
 Metaspace       used 21712K, capacity 22514K, committed 22656K, reserved 1069056K
  class space    used 2981K, capacity 3134K, committed 3200K, reserved 1048576K
Event: 9.090 GC heap after
Heap after GC invocations=3 (full 1):
 PSYoungGen      total 114688K, used 2401K [0x0000000740700000, 0x0000000748700000, 0x00000007c0000000)
  eden space 98304K, 0% used [0x0000000740700000,0x0000000740700000,0x0000000746700000)
  from space 16384K, 14% used [0x0000000747700000,0x00000007479586c0,0x0000000748700000)
  to   space 16384K, 0% used [0x0000000746700000,0x0000000746700000,0x0000000747700000)
 ParOldGen       total 108544K, used 9724K [0x0000000641400000, 0x0000000647e00000, 0x0000000740700000)
  object space 108544K, 8% used [0x0000000641400000,0x0000000641d7f108,0x0000000647e00000)
 Metaspace       used 21712K, capacity 22514K, committed 22656K, reserved 1069056K
  class space    used 2981K, capacity 3134K, committed 3200K, reserved 1048576K
}
Event: 9.109 GC heap before
{Heap before GC invocations=4 (full 1):
 PSYoungGen      total 114688K, used 100679K [0x0000000740700000, 0x0000000748700000, 0x00000007c0000000)
  eden space 98304K, 99% used [0x0000000740700000,0x00000007466f9708,0x0000000746700000)
  from space 16384K, 14% used [0x0000000747700000,0x00000007479586c0,0x0000000748700000)
  to   space 16384K, 0% used [0x0000000746700000,0x0000000746700000,0x0000000747700000)
 ParOldGen       total 108544K, used 9724K [0x0000000641400000, 0x0000000647e00000, 0x0000000740700000)
  object space 108544K, 8% used [0x0000000641400000,0x0000000641d7f108,0x0000000647e00000)
 Metaspace       used 21714K, capacity 22514K, committed 22656K, reserved 1069056K
  class space    used 2981K, capacity 3134K, committed 3200K, reserved 1048576K
Event: 9.111 GC heap after
Heap after GC invocations=4 (full 1):
 PSYoungGen      total 114688K, used 1348K [0x0000000740700000, 0x000000074df00000, 0x00000007c0000000)
  eden space 98304K, 0% used [0x0000000740700000,0x0000000740700000,0x0000000746700000)
  from space 16384K, 8% used [0x0000000746700000,0x0000000746851198,0x0000000747700000)
  to   space 16384K, 0% used [0x000000074cf00000,0x000000074cf00000,0x000000074df00000)
 ParOldGen       total 108544K, used 9724K [0x0000000641400000, 0x0000000647e00000, 0x0000000740700000)
  object space 108544K, 8% used [0x0000000641400000,0x0000000641d7f108,0x0000000647e00000)
 Metaspace       used 21714K, capacity 22514K, committed 22656K, reserved 1069056K
  class space    used 2981K, capacity 3134K, committed 3200K, reserved 1048576K
}
Event: 9.382 GC heap before
{Heap before GC invocations=5 (full 1):
 PSYoungGen      total 114688K, used 99652K [0x0000000740700000, 0x000000074df00000, 0x00000007c0000000)
  eden space 98304K, 100% used [0x0000000740700000,0x0000000746700000,0x0000000746700000)
  from space 16384K, 8% used [0x0000000746700000,0x0000000746851198,0x0000000747700000)
  to   space 16384K, 0% used [0x000000074cf00000,0x000000074cf00000,0x000000074df00000)
 ParOldGen       total 108544K, used 9724K [0x0000000641400000, 0x0000000647e00000, 0x0000000740700000)
  object space 108544K, 8% used [0x0000000641400000,0x0000000641d7f108,0x0000000647e00000)
 Metaspace       used 22192K, capacity 23032K, committed 23296K, reserved 1069056K
  class space    used 3030K, capacity 3239K, committed 3328K, reserved 1048576K
Event: 9.385 GC heap after
Heap after GC invocations=5 (full 1):
 PSYoungGen      total 200704K, used 2442K [0x0000000740700000, 0x000000074dd00000, 0x00000007c0000000)
  eden space 186368K, 0% used [0x0000000740700000,0x0000000740700000,0x000000074bd00000)
  from space 14336K, 17% used [0x000000074cf00000,0x000000074d162b68,0x000000074dd00000)
  to   space 16384K, 0% used [0x000000074bd00000,0x000000074bd00000,0x000000074cd00000)
 ParOldGen       total 108544K, used 9732K [0x0000000641400000, 0x0000000647e00000, 0x0000000740700000)
  object space 108544K, 8% used [0x0000000641400000,0x0000000641d81108,0x0000000647e00000)
 Metaspace       used 22192K, capacity 23032K, committed 23296K, reserved 1069056K
  class space    used 3030K, capacity 3239K, committed 3328K, reserved 1048576K
}

Deoptimization events (10 events):
Event: 9.097 Thread 0x0000000023ade000 Uncommon trap: reason=unstable_if action=reinterpret pc=0x0000000003bc28e4 method=sun.text.normalizer.TrieIterator.calculateNextSupplementaryElement(Lsun/text/normalizer/RangeValueIterator$Element;)V @ 306
Event: 9.125 Thread 0x0000000023ade000 Uncommon trap: reason=unstable_if action=reinterpret pc=0x0000000003bca40c method=sun.text.normalizer.TrieIterator.calculateNextSupplementaryElement(Lsun/text/normalizer/RangeValueIterator$Element;)V @ 145
Event: 9.125 Thread 0x0000000023ade000 Uncommon trap: reason=unstable_if action=reinterpret pc=0x0000000003bc063c method=sun.text.normalizer.TrieIterator.next(Lsun/text/normalizer/RangeValueIterator$Element;)Z @ 6
Event: 9.149 Thread 0x0000000023ade000 Uncommon trap: reason=unstable_if action=reinterpret pc=0x0000000003a82cdc method=java.util.regex.Pattern$Ctype.isSatisfiedBy(I)Z @ 4
Event: 9.167 Thread 0x0000000023ade000 Uncommon trap: reason=unstable_if action=reinterpret pc=0x0000000003bb7ff8 method=sun.text.normalizer.UnicodeSet.findCodePoint(I)I @ 32
Event: 9.271 Thread 0x0000000023adf800 Uncommon trap: reason=predicate action=maybe_recompile pc=0x0000000003c3cd08 method=java.util.regex.Pattern$SliceI.match(Ljava/util/regex/Matcher;ILjava/lang/CharSequence;)Z @ 21
Event: 9.507 Thread 0x0000000023adf800 Uncommon trap: reason=class_check action=maybe_recompile pc=0x000000000385b0f0 method=java.io.FilterInputStream.read()I @ 4
Event: 9.507 Thread 0x0000000023adf800 Uncommon trap: reason=class_check action=maybe_recompile pc=0x000000000385b0f0 method=java.io.FilterInputStream.read()I @ 4
Event: 9.507 Thread 0x0000000023adf800 Uncommon trap: reason=class_check action=maybe_recompile pc=0x000000000385b0f0 method=java.io.FilterInputStream.read()I @ 4
Event: 9.507 Thread 0x0000000023adf800 Uncommon trap: reason=class_check action=maybe_recompile pc=0x000000000385b0f0 method=java.io.FilterInputStream.read()I @ 4

Internal exceptions (10 events):
Event: 0.766 Thread 0x000000002360e800 Exception <a 'java/io/FileNotFoundException'> (0x00000007424fc2b8) thrown at [C:\re\workspace\8-2-build-windows-amd64-cygwin\jdk8u131\8869\hotspot\src\share\vm\prims\jni.cpp, line 709]
Event: 0.790 Thread 0x000000002360e800 Exception <a 'java/io/FileNotFoundException'> (0x0000000742525a98) thrown at [C:\re\workspace\8-2-build-windows-amd64-cygwin\jdk8u131\8869\hotspot\src\share\vm\prims\jni.cpp, line 709]
Event: 0.791 Thread 0x000000002360e800 Exception <a 'java/io/FileNotFoundException'> (0x000000074252ccb0) thrown at [C:\re\workspace\8-2-build-windows-amd64-cygwin\jdk8u131\8869\hotspot\src\share\vm\prims\jni.cpp, line 709]
Event: 0.795 Thread 0x000000002360e800 Exception <a 'java/io/FileNotFoundException'> (0x0000000742536a80) thrown at [C:\re\workspace\8-2-build-windows-amd64-cygwin\jdk8u131\8869\hotspot\src\share\vm\prims\jni.cpp, line 709]
Event: 0.798 Thread 0x000000002360e800 Exception <a 'java/io/FileNotFoundException'> (0x000000074253b510) thrown at [C:\re\workspace\8-2-build-windows-amd64-cygwin\jdk8u131\8869\hotspot\src\share\vm\prims\jni.cpp, line 709]
Event: 0.798 Thread 0x000000002360e800 Exception <a 'java/io/FileNotFoundException'> (0x000000074253c868) thrown at [C:\re\workspace\8-2-build-windows-amd64-cygwin\jdk8u131\8869\hotspot\src\share\vm\prims\jni.cpp, line 709]
Event: 4.166 Thread 0x000000002360e800 Exception <a 'java/io/FileNotFoundException'> (0x0000000742fa3f58) thrown at [C:\re\workspace\8-2-build-windows-amd64-cygwin\jdk8u131\8869\hotspot\src\share\vm\prims\jni.cpp, line 709]
Event: 8.177 Thread 0x000000002360e800 Exception <a 'sun/nio/fs/WindowsException'> (0x00000007441ccc78) thrown at [C:\re\workspace\8-2-build-windows-amd64-cygwin\jdk8u131\8869\hotspot\src\share\vm\prims\jni.cpp, line 709]
Event: 8.178 Thread 0x000000002360e800 Exception <a 'sun/nio/fs/WindowsException'> (0x00000007441cefd0) thrown at [C:\re\workspace\8-2-build-windows-amd64-cygwin\jdk8u131\8869\hotspot\src\share\vm\prims\jni.cpp, line 709]
Event: 8.183 Thread 0x000000002360e800 Implicit null exception at 0x000000000378c096 to 0x000000000378c441

Events (10 events):
Event: 9.507 Thread 0x0000000023adf800 DEOPT PACKING pc=0x000000000385b0f0 sp=0x000000003498e0e0
Event: 9.507 Thread 0x0000000023adf800 DEOPT UNPACKING pc=0x000000000350582a sp=0x000000003498e0a8 mode 2
Event: 9.507 Thread 0x0000000023adf800 Uncommon trap: trap_request=0xffffffde fr.pc=0x000000000385b0f0
Event: 9.507 Thread 0x0000000023adf800 DEOPT PACKING pc=0x000000000385b0f0 sp=0x000000003498e0e0
Event: 9.507 Thread 0x0000000023adf800 DEOPT UNPACKING pc=0x000000000350582a sp=0x000000003498e0a8 mode 2
Event: 9.546 Thread 0x0000000032f39800 Thread added: 0x0000000032f39800
Event: 9.546 Thread 0x0000000032f32800 Thread added: 0x0000000032f32800
Event: 9.546 Thread 0x0000000032f3a000 Thread added: 0x0000000032f3a000
Event: 9.568 loading class sun/net/www/protocol/http/EmptyInputStream
Event: 9.568 loading class sun/net/www/protocol/http/EmptyInputStream done


Dynamic libraries:
0x00007ff613b80000 - 0x00007ff613bb7000 	C:\Program Files\Java\jdk1.8.0_131\bin\java.exe
0x00007ffbd4810000 - 0x00007ffbd4a08000 	C:\WINDOWS\SYSTEM32\ntdll.dll
0x00007ffbd3960000 - 0x00007ffbd3a1d000 	C:\WINDOWS\System32\KERNEL32.DLL
0x00007ffbd20a0000 - 0x00007ffbd2396000 	C:\WINDOWS\System32\KERNELBASE.dll
0x00007ffbd4650000 - 0x00007ffbd4700000 	C:\WINDOWS\System32\ADVAPI32.dll
0x00007ffbd3a20000 - 0x00007ffbd3abe000 	C:\WINDOWS\System32\msvcrt.dll
0x00007ffbd3c60000 - 0x00007ffbd3d00000 	C:\WINDOWS\System32\sechost.dll
0x00007ffbd37b0000 - 0x00007ffbd38d3000 	C:\WINDOWS\System32\RPCRT4.dll
0x00007ffbd2000000 - 0x00007ffbd2027000 	C:\WINDOWS\System32\bcrypt.dll
0x00007ffbd4160000 - 0x00007ffbd42ff000 	C:\WINDOWS\System32\USER32.dll
0x00007ffbd27c0000 - 0x00007ffbd27e2000 	C:\WINDOWS\System32\win32u.dll
0x00007ffbd3d00000 - 0x00007ffbd3d2b000 	C:\WINDOWS\System32\GDI32.dll
0x00007ffbd24a0000 - 0x00007ffbd25b7000 	C:\WINDOWS\System32\gdi32full.dll
0x00007ffbd25c0000 - 0x00007ffbd265d000 	C:\WINDOWS\System32\msvcp_win.dll
0x00007ffbd23a0000 - 0x00007ffbd24a0000 	C:\WINDOWS\System32\ucrtbase.dll
0x00007ffbc69f0000 - 0x00007ffbc6c8a000 	C:\WINDOWS\WinSxS\amd64_microsoft.windows.common-controls_6595b64144ccf1df_6.0.19041.4355_none_60b8b9eb71f62e16\COMCTL32.dll
0x00007ffbd3770000 - 0x00007ffbd37a2000 	C:\WINDOWS\System32\IMM32.DLL
0x000000005bec0000 - 0x000000005bf92000 	C:\Program Files\Java\jdk1.8.0_131\jre\bin\msvcr100.dll
0x000000005ab10000 - 0x000000005b3ac000 	C:\Program Files\Java\jdk1.8.0_131\jre\bin\server\jvm.dll
0x00007ffbd2840000 - 0x00007ffbd2848000 	C:\WINDOWS\System32\PSAPI.DLL
0x00007ffbc9d70000 - 0x00007ffbc9d79000 	C:\WINDOWS\SYSTEM32\WSOCK32.dll
0x00007ffbd4760000 - 0x00007ffbd47cb000 	C:\WINDOWS\System32\WS2_32.dll
0x00007ffbc6ea0000 - 0x00007ffbc6ec7000 	C:\WINDOWS\SYSTEM32\WINMM.dll
0x00007ffbcb750000 - 0x00007ffbcb75a000 	C:\WINDOWS\SYSTEM32\VERSION.dll
0x000000005beb0000 - 0x000000005bebf000 	C:\Program Files\Java\jdk1.8.0_131\jre\bin\verify.dll
0x000000005be80000 - 0x000000005bea9000 	C:\Program Files\Java\jdk1.8.0_131\jre\bin\java.dll
0x000000005be60000 - 0x000000005be76000 	C:\Program Files\Java\jdk1.8.0_131\jre\bin\zip.dll
0x00007ffbd29f0000 - 0x00007ffbd315b000 	C:\WINDOWS\System32\SHELL32.dll
0x00007ffbcff40000 - 0x00007ffbd06dd000 	C:\WINDOWS\SYSTEM32\windows.storage.dll
0x00007ffbd3d30000 - 0x00007ffbd4083000 	C:\WINDOWS\System32\combase.dll
0x00007ffbd1800000 - 0x00007ffbd182e000 	C:\WINDOWS\SYSTEM32\Wldp.dll
0x00007ffbd4090000 - 0x00007ffbd415d000 	C:\WINDOWS\System32\OLEAUT32.dll
0x00007ffbd4300000 - 0x00007ffbd43ad000 	C:\WINDOWS\System32\SHCORE.dll
0x00007ffbd3160000 - 0x00007ffbd31b5000 	C:\WINDOWS\System32\shlwapi.dll
0x00007ffbd1df0000 - 0x00007ffbd1e14000 	C:\WINDOWS\SYSTEM32\profapi.dll
0x00007ffb9e240000 - 0x00007ffb9e32f000 	C:\Program Files\Java\jdk1.8.0_131\jre\bin\msvcr120.dll
0x00007ffb9e390000 - 0x00007ffb9e436000 	C:\Program Files\Java\jdk1.8.0_131\jre\bin\msvcp120.dll
0x000000005be30000 - 0x000000005be52000 	C:\Program Files\Java\jdk1.8.0_131\jre\bin\prism_d3d.dll
0x00007ffb76d80000 - 0x00007ffb76f4e000 	C:\WINDOWS\system32\d3d9.dll
0x00007ffbd06f0000 - 0x00007ffbd0702000 	C:\WINDOWS\SYSTEM32\kernel.appcore.dll
0x00007ffbcf840000 - 0x00007ffbcf86f000 	C:\WINDOWS\SYSTEM32\dwmapi.dll
0x00007ffbcf550000 - 0x00007ffbcf5ee000 	C:\WINDOWS\system32\uxtheme.dll
0x00007ffb74e30000 - 0x00007ffb74f94000 	C:\WINDOWS\System32\DriverStore\FileRepository\igdlh64.inf_amd64_b1a3f27d79c02635\igdumdim64.dll
0x00007ffb47010000 - 0x00007ffb4b32b000 	C:\WINDOWS\System32\DriverStore\FileRepository\igdlh64.inf_amd64_b1a3f27d79c02635\igd9dxva64.dll
0x00007ffbd27f0000 - 0x00007ffbd283e000 	C:\WINDOWS\System32\CFGMGR32.dll
0x00007ffbd31c0000 - 0x00007ffbd32eb000 	C:\WINDOWS\System32\ole32.dll
0x00007ffbbb1b0000 - 0x00007ffbbb354000 	C:\WINDOWS\System32\DriverStore\FileRepository\igdlh64.inf_amd64_b1a3f27d79c02635\igdgmm64.dll
0x000000005bde0000 - 0x000000005be23000 	C:\Program Files\Java\jdk1.8.0_131\jre\bin\glass.dll
0x00007ffbd3ac0000 - 0x00007ffbd3b9a000 	C:\WINDOWS\System32\COMDLG32.dll
0x00007ffb8b2b0000 - 0x00007ffb8b369000 	C:\PROGRA~2\JWord\Plugin2\JWDSRC~1.DLL
0x00007ffbc5d20000 - 0x00007ffbc61f6000 	C:\WINDOWS\SYSTEM32\WININET.dll
0x00007ffbc4ac0000 - 0x00007ffbc4cac000 	C:\WINDOWS\SYSTEM32\urlmon.dll
0x00007ffbc4a50000 - 0x00007ffbc4a78000 	C:\WINDOWS\SYSTEM32\srvcli.dll
0x00007ffbc6f40000 - 0x00007ffbc71fe000 	C:\WINDOWS\SYSTEM32\iertutil.dll
0x00007ffbd1360000 - 0x00007ffbd136c000 	C:\WINDOWS\SYSTEM32\netutils.dll
0x00007ffbd2850000 - 0x00007ffbd2964000 	C:\WINDOWS\System32\MSCTF.dll
0x00007ffbd1ec0000 - 0x00007ffbd1f42000 	C:\WINDOWS\System32\bcryptPrimitives.dll
0x00007ffb83cd0000 - 0x00007ffb83cf6000 	C:\WINDOWS\System32\DriverStore\FileRepository\igdlh64.inf_amd64_b1a3f27d79c02635\igdinfo64.dll
0x00007ffbb8a80000 - 0x00007ffbbaec9000 	C:\WINDOWS\System32\DriverStore\FileRepository\igdlh64.inf_amd64_b1a3f27d79c02635\igc64.dll
0x00007ffbcc4f0000 - 0x00007ffbcc52b000 	C:\WINDOWS\SYSTEM32\dxcore.dll
0x0000000058350000 - 0x000000005ab04000 	C:\Program Files\Java\jdk1.8.0_131\jre\bin\jfxwebkit.dll
0x00007ffbd1760000 - 0x00007ffbd1778000 	C:\WINDOWS\SYSTEM32\CRYPTSP.dll
0x00007ffbd0e90000 - 0x00007ffbd0ec4000 	C:\WINDOWS\system32\rsaenh.dll
0x00007ffbd1c30000 - 0x00007ffbd1c3c000 	C:\WINDOWS\SYSTEM32\CRYPTBASE.dll
0x000000005bdc0000 - 0x000000005bdd4000 	C:\Program Files\Java\jdk1.8.0_131\jre\bin\javafx_font.dll
0x00007ffbbb360000 - 0x00007ffbbb5df000 	C:\WINDOWS\SYSTEM32\dwrite.dll
0x00007ffbd3ba0000 - 0x00007ffbd3c49000 	C:\WINDOWS\System32\clbcatq.dll
0x00007ffbcf2a0000 - 0x00007ffbcf454000 	C:\WINDOWS\SYSTEM32\WindowsCodecs.dll
0x00007ffbab1c0000 - 0x00007ffbab1fe000 	C:\WINDOWS\system32\dataexchange.dll
0x00007ffbcd620000 - 0x00007ffbcd805000 	C:\WINDOWS\system32\dcomp.dll
0x00007ffbcd390000 - 0x00007ffbcd5f3000 	C:\WINDOWS\system32\d3d11.dll
0x00007ffbd0740000 - 0x00007ffbd0832000 	C:\WINDOWS\system32\dxgi.dll
0x00007ffbcaa10000 - 0x00007ffbcac13000 	C:\WINDOWS\system32\twinapi.appcore.dll
0x00007ffbc4820000 - 0x00007ffbc4854000 	C:\Program Files\Common Files\Microsoft Shared\Ink\rtscom.dll
0x00007ffbc07b0000 - 0x00007ffbc08a9000 	C:\WINDOWS\SYSTEM32\textinputframework.dll
0x00007ffbcd810000 - 0x00007ffbcdb6b000 	C:\WINDOWS\System32\CoreUIComponents.dll
0x00007ffbcdef0000 - 0x00007ffbcdfe2000 	C:\WINDOWS\System32\CoreMessaging.dll
0x00007ffbd0fb0000 - 0x00007ffbd0fe3000 	C:\WINDOWS\SYSTEM32\ntmarta.dll
0x00007ffbce440000 - 0x00007ffbce597000 	C:\WINDOWS\SYSTEM32\wintypes.dll
0x00007ffba5130000 - 0x00007ffba5425000 	C:\WINDOWS\SYSTEM32\UIAutomationCore.DLL
0x00007ffbced90000 - 0x00007ffbcee86000 	C:\WINDOWS\SYSTEM32\PROPSYS.dll
0x00007ffbb26d0000 - 0x00007ffbb274f000 	C:\Windows\System32\OneCoreCommonProxyStub.dll
0x000000005bda0000 - 0x000000005bdb1000 	C:\Program Files\Java\jdk1.8.0_131\jre\bin\prism_common.dll
0x00000000581b0000 - 0x0000000058348000 	C:\Program Files\Java\jdk1.8.0_131\jre\bin\awt.dll
0x00007ffbce3b0000 - 0x00007ffbce440000 	C:\WINDOWS\SYSTEM32\apphelp.dll
0x000000005bd80000 - 0x000000005bd9a000 	C:\Program Files\Java\jdk1.8.0_131\jre\bin\net.dll
0x00007ffbd1570000 - 0x00007ffbd15da000 	C:\WINDOWS\system32\mswsock.dll
0x000000005bd60000 - 0x000000005bd71000 	C:\Program Files\Java\jdk1.8.0_131\jre\bin\nio.dll
0x000000005bd30000 - 0x000000005bd54000 	C:\Program Files\Java\jdk1.8.0_131\jre\bin\sunec.dll
0x00007ffbd1250000 - 0x00007ffbd128b000 	C:\WINDOWS\SYSTEM32\IPHLPAPI.DLL
0x00007ffbd32f0000 - 0x00007ffbd32f8000 	C:\WINDOWS\System32\NSI.dll
0x00007ffbcc550000 - 0x00007ffbcc567000 	C:\WINDOWS\SYSTEM32\dhcpcsvc6.DLL
0x00007ffbcc530000 - 0x00007ffbcc54d000 	C:\WINDOWS\SYSTEM32\dhcpcsvc.DLL
0x00007ffbd1290000 - 0x00007ffbd135b000 	C:\WINDOWS\SYSTEM32\DNSAPI.dll
0x00007ffbd1d60000 - 0x00007ffbd1d8e000 	C:\WINDOWS\SYSTEM32\USERENV.dll
0x000000005bd20000 - 0x000000005bd2b000 	C:\Program Files\Java\jdk1.8.0_131\jre\bin\sunmscapi.dll
0x00007ffbd2660000 - 0x00007ffbd27be000 	C:\WINDOWS\System32\CRYPT32.dll
0x00007ffbca8f0000 - 0x00007ffbca8fa000 	C:\Windows\System32\rasadhlp.dll
0x00007ffbc9fc0000 - 0x00007ffbca040000 	C:\WINDOWS\System32\fwpuclnt.dll
0x00007ffbcfd30000 - 0x00007ffbcff14000 	C:\WINDOWS\SYSTEM32\dbghelp.dll

VM Arguments:
java_command: YouTubePlayerApp
java_class_path (initial): C:\Users\kokada\AppData\Roaming\Code\User\workspaceStorage\2116d4aa97e89f41a40d4ec1f3f59299\redhat.java\jdt_ws\jdt.ls-java-project\bin
Launcher Type: SUN_STANDARD

Environment Variables:
PATH=C:\Users\kokada\projectpython\myenv\Scripts;C:\Program Files (x86)\Common Files\Intel\Shared Libraries\redist\intel64\compiler;C:\Program Files\Microsoft MPI\Bin\;C:\Windows\system32;C:\Windows;C:\Windows\System32\Wbem;C:\Windows\System32\WindowsPowerShell\v1.0\;C:\Program Files (x86)\NVIDIA Corporation\PhysX\Common;C:\Program Files\Microsoft SQL Server\130\Tools\Binn\;C:\Program Files\dotnet\;C:\Program Files (x86)\GtkSharp\2.12\bin;C:\WINDOWS\system32;C:\WINDOWS;C:\WINDOWS\System32\Wbem;C:\WINDOWS\System32\WindowsPowerShell\v1.0\;C:\WINDOWS\System32\OpenSSH\;C:\Program Files\Microsoft SQL Server\Client SDK\ODBC\170\Tools\Binn\;C:\Program Files\Git\cmd;C:\Users\kokada\AppData\Local\Microsoft\WinGet\Packages\ezwinports.make_Microsoft.Winget.Source_8wekyb3d8bbwe\bin;C:\Users\kokada\.vscode\extensions\jebbs.plantuml-2.18.1;C:\Program Files\Java\jdk1.8.0_131\bin;C:\Users\kokada\hello\plantuml;C:\Users\kokada\AppData\Local\Microsoft\WindowsApps;C:\Users\kokada\AppData\Local\Programs\Microsoft VS Code\bin;C:\Users\kokada\AppData\Local\Packages\PythonSoftwareFoundation.Python.3.9_qbz5n2kfra8p0\LocalCache\local-packages\Python39\Scripts;C:\MeCab-64\bin;C:\MeCab-64\sdk;C:\Users\kokada\AppData\Local\Programs\Python\Python39;C:\Users\kokada\AppData\Local\Programs\Python\Python39\Scripts;C:\MeCab-64\etc;C:\Users\kokada\AppData\Local\Programs\MiKTeX\miktex\bin\x64;C:\Users\kokada\AppData\Local\Microsoft\WinGet\Packages\ezwinports.make_Microsoft.Winget.Source_8wekyb3d8bbwe\bin;
USERNAME=kokada
OS=Windows_NT
PROCESSOR_IDENTIFIER=Intel64 Family 6 Model 158 Stepping 9, GenuineIntel



---------------  S Y S T E M  ---------------

OS: Windows 10.0 , 64 bit Build 19041 (10.0.19041.3636)

CPU:total 4 (initial active 4) (4 cores per cpu, 1 threads per core) family 6 model 158 stepping 9, cmov, cx8, fxsr, mmx, sse, sse2, sse3, ssse3, sse4.1, sse4.2, popcnt, avx, avx2, aes, clmul, erms, rtm, 3dnowpref, lzcnt, tsc, tscinvbit, bmi1, bmi2, adx

Memory: 4k page, physical 25078072k(3316796k free), swap 52010656k(2994640k free)

vm_info: Java HotSpot(TM) 64-Bit Server VM (25.131-b11) for windows-amd64 JRE (1.8.0_131-b11), built on Mar 15 2017 01:23:53 by "java_re" with MS VC++ 10.0 (VS2010)

time: Wed Jun 05 16:30:40 2024
elapsed time: 9 seconds (0d 0h 0m 9s)

