#
# A fatal error has been detected by the Java Runtime Environment:
#
#  EXCEPTION_ACCESS_VIOLATION (0xc0000005) at pc=0x00007ffb9e27c3f9, pid=11152, tid=0x0000000000002544
#
# JRE version: Java(TM) SE Runtime Environment (8.0_131-b11) (build 1.8.0_131-b11)
# Java VM: Java HotSpot(TM) 64-Bit Server VM (25.131-b11 mixed mode windows-amd64 compressed oops)
# Problematic frame:
# C  [msvcr120.dll+0x3c3f9]
#
# Failed to write core dump. Minidumps are not enabled by default on client versions of Windows
#
# If you would like to submit a bug report, please visit:
#   http://bugreport.java.com/bugreport/crash.jsp
# The crash happened outside the Java Virtual Machine in native code.
# See problematic frame for where to report the bug.
#

---------------  T H R E A D  ---------------

Current thread (0x0000000022959800):  JavaThread "JavaFX Application Thread" [_thread_in_native, id=9540, stack(0x00000000240b0000,0x00000000241b0000)]

siginfo: ExceptionCode=0xc0000005, reading address 0x0000019c00000001

Registers:
RAX=0x0000000034f7a770, RBX=0x0000000034f7a770, RCX=0x0000000000000056, RDX=0x0000019bcb085879
RSP=0x00000000241a9a58, RBP=0x0000019c00000001, RSI=0x0000019c00000001, RDI=0x0000000034f7a788
R8 =0x0000000000000056, R9 =0x000000000000003f, R10=0x0000019c00000001, R11=0x0000000034f7a788
R12=0x00000000241ac4e2, R13=0x00000000241ac790, R14=0x0000000000000056, R15=0x0000000000000000
RIP=0x00007ffb9e27c3f9, EFLAGS=0x0000000000010213

Top of Stack: (sp=0x00000000241a9a58)
0x00000000241a9a58:   00000000241a9b00 000000000000002b
0x00000000241a9a68:   0000000059442a84 00000000005e0000
0x00000000241a9a78:   0000000000000000 0000000000000038
0x00000000241a9a88:   0000000000000000 0000000000000002
0x00000000241a9a98:   0000000059445d4e 00000000241a9b00
0x00000000241a9aa8:   0000000000000007 0000000034fbb390
0x00000000241a9ab8:   0000000000000000 00000000241a9b30
0x00000000241a9ac8:   000000005944bcaf 00000000241ac790
0x00000000241a9ad8:   00000000241ac4e2 0000000000000018
0x00000000241a9ae8:   0000000000100004 00000000241a9b60
0x00000000241a9af8:   0000000058511f73 0000000000000000
0x00000000241a9b08:   0000000000000018 00000000241ac790
0x00000000241a9b18:   00000000241a0000 0000000034fbb410
0x00000000241a9b28:   0000000058570436 0000000000000000
0x00000000241a9b38:   0000000000100004 0000000034fbb390
0x00000000241a9b48:   0000000000100004 00000000241a9be0 

Instructions: (pc=0x00007ffb9e27c3f9)
0x00007ffb9e27c3d9:   03 c0 48 3b c8 0f 8c 96 03 00 00 0f ba 25 6c 53
0x00007ffb9e27c3e9:   0a 00 01 73 13 57 56 48 8b f9 49 8b f2 49 8b c8
0x00007ffb9e27c3f9:   f3 a4 5e 5f 49 8b c3 c3 0f ba 25 4f 53 0a 00 02
0x00007ffb9e27c409:   0f 82 56 02 00 00 f6 c1 07 74 36 f6 c1 01 74 0b 


Register to memory mapping:

RAX=0x0000000034f7a770 is an unknown value
RBX=0x0000000034f7a770 is an unknown value
RCX=0x0000000000000056 is an unknown value
RDX=0x0000019bcb085879 is an unknown value
RSP=0x00000000241a9a58 is pointing into the stack for thread: 0x0000000022959800
RBP=0x0000019c00000001 is an unknown value
RSI=0x0000019c00000001 is an unknown value
RDI=0x0000000034f7a788 is an unknown value
R8 =0x0000000000000056 is an unknown value
R9 =0x000000000000003f is an unknown value
R10=0x0000019c00000001 is an unknown value
R11=0x0000000034f7a788 is an unknown value
R12=0x00000000241ac4e2 is pointing into the stack for thread: 0x0000000022959800
R13=0x00000000241ac790 is pointing into the stack for thread: 0x0000000022959800
R14=0x0000000000000056 is an unknown value
R15=0x0000000000000000 is an unknown value


Stack: [0x00000000240b0000,0x00000000241b0000],  sp=0x00000000241a9a58,  free space=998k
Native frames: (J=compiled Java code, j=interpreted, Vv=VM code, C=native code)
C  [msvcr120.dll+0x3c3f9]
C  0x00000000241a9b00

Java frames: (J=compiled Java code, j=interpreted, Vv=VM code)
j  com.sun.webkit.network.URLLoader.twkDidFinishLoading(J)V+0
j  com.sun.webkit.network.URLLoader.notifyDidFinishLoading()V+44
j  com.sun.webkit.network.URLLoader.lambda$didFinishLoading$103()V+8
j  com.sun.webkit.network.URLLoader$$Lambda$212.run()V+4
J 1667 C1 com.sun.javafx.application.PlatformImpl$$Lambda$50.run()Ljava/lang/Object; (8 bytes) @ 0x000000000312de4c [0x000000000312dd00+0x14c]
v  ~StubRoutines::call_stub
J 1065  java.security.AccessController.doPrivileged(Ljava/security/PrivilegedAction;Ljava/security/AccessControlContext;)Ljava/lang/Object; (0 bytes) @ 0x0000000002fe3f26 [0x0000000002fe3ec0+0x66]
J 1664 C1 com.sun.javafx.application.PlatformImpl.lambda$runLater$174(Ljava/lang/Runnable;Ljava/security/AccessControlContext;)V (38 bytes) @ 0x000000000312cacc [0x000000000312c760+0x36c]
J 1585 C1 com.sun.javafx.application.PlatformImpl$$Lambda$49.run()V (12 bytes) @ 0x0000000003101fcc [0x0000000003101f40+0x8c]
J 1590 C1 com.sun.glass.ui.InvokeLaterDispatcher$Future.run()V (91 bytes) @ 0x0000000003104c14 [0x0000000003104b00+0x114]
v  ~StubRoutines::call_stub
j  com.sun.glass.ui.win.WinApplication._runLoop(Ljava/lang/Runnable;)V+0
j  com.sun.glass.ui.win.WinApplication.lambda$null$148(ILjava/lang/Runnable;)V+8
j  com.sun.glass.ui.win.WinApplication$$Lambda$38.run()V+12
j  java.lang.Thread.run()V+11
v  ~StubRoutines::call_stub

---------------  P R O C E S S  ---------------

Java Threads: ( => current thread )
  0x000000002323d800 JavaThread "URL-Loader-20" daemon [_thread_in_native, id=14652, stack(0x00000000358c0000,0x00000000359c0000)]
  0x0000000023244000 JavaThread "URL-Loader-19" daemon [_thread_in_native, id=34288, stack(0x00000000357c0000,0x00000000358c0000)]
  0x000000002323e000 JavaThread "URL-Loader-18" daemon [_thread_in_native, id=2168, stack(0x00000000356c0000,0x00000000357c0000)]
  0x0000000023243800 JavaThread "URL-Loader-17" daemon [_thread_blocked, id=36548, stack(0x00000000345f0000,0x00000000346f0000)]
  0x000000002323c000 JavaThread "URL-Loader-16" daemon [_thread_blocked, id=31052, stack(0x00000000344f0000,0x00000000345f0000)]
  0x000000002323c800 JavaThread "URL-Loader-15" daemon [_thread_blocked, id=43632, stack(0x00000000343f0000,0x00000000344f0000)]
  0x0000000023242800 JavaThread "URL-Loader-14" daemon [_thread_blocked, id=22560, stack(0x00000000342f0000,0x00000000343f0000)]
  0x000000002323b000 JavaThread "URL-Loader-13" daemon [_thread_blocked, id=7160, stack(0x00000000341f0000,0x00000000342f0000)]
  0x000000002323f000 JavaThread "URL-Loader-12" daemon [_thread_blocked, id=38580, stack(0x00000000340f0000,0x00000000341f0000)]
  0x0000000023241000 JavaThread "URL-Loader-11" daemon [_thread_blocked, id=21000, stack(0x0000000033ff0000,0x00000000340f0000)]
  0x0000000023240800 JavaThread "URL-Loader-10" daemon [_thread_blocked, id=12456, stack(0x0000000033ef0000,0x0000000033ff0000)]
  0x0000000023242000 JavaThread "URL-Loader-9" daemon [_thread_blocked, id=35784, stack(0x0000000033df0000,0x0000000033ef0000)]
  0x0000000023060000 JavaThread "URL-Loader-8" daemon [_thread_blocked, id=8352, stack(0x00000000334f0000,0x00000000335f0000)]
  0x000000002305f000 JavaThread "URL-Loader-7" daemon [_thread_blocked, id=41960, stack(0x00000000333f0000,0x00000000334f0000)]
  0x000000002305d000 JavaThread "Keep-Alive-Timer" daemon [_thread_blocked, id=40868, stack(0x00000000332f0000,0x00000000333f0000)]
  0x0000000023059000 JavaThread "URL-Loader-6" daemon [_thread_blocked, id=40556, stack(0x00000000331f0000,0x00000000332f0000)]
  0x000000002305a800 JavaThread "URL-Loader-5" daemon [_thread_in_native, id=42964, stack(0x00000000330f0000,0x00000000331f0000)]
  0x000000002305a000 JavaThread "URL-Loader-4" daemon [_thread_blocked, id=21704, stack(0x0000000032ff0000,0x00000000330f0000)]
  0x000000002305c000 JavaThread "URL-Loader-3" daemon [_thread_in_native, id=38628, stack(0x0000000032ef0000,0x0000000032ff0000)]
  0x000000002305e800 JavaThread "URL-Loader-2" daemon [_thread_blocked, id=21048, stack(0x0000000032df0000,0x0000000032ef0000)]
  0x000000002305d800 JavaThread "URL-Loader-1" daemon [_thread_in_native, id=39064, stack(0x0000000031620000,0x0000000031720000)]
  0x000000002305b800 JavaThread "AWT-Windows" daemon [_thread_in_native, id=35752, stack(0x0000000031720000,0x0000000031820000)]
  0x0000000023054800 JavaThread "Java2D Disposer" daemon [_thread_blocked, id=38396, stack(0x0000000031520000,0x0000000031620000)]
  0x0000000022f40800 JavaThread "Prism Font Disposer" daemon [_thread_blocked, id=19464, stack(0x0000000030400000,0x0000000030500000)]
  0x0000000022dcc800 JavaThread "Disposer" daemon [_thread_blocked, id=24428, stack(0x0000000028b80000,0x0000000028c80000)]
  0x0000000022d4f000 JavaThread "Thread-3" daemon [_thread_in_native, id=42876, stack(0x0000000028950000,0x0000000028a50000)]
  0x0000000022d3f000 JavaThread "JavaFX-Launcher" [_thread_blocked, id=40416, stack(0x0000000028a50000,0x0000000028b50000)]
=>0x0000000022959800 JavaThread "JavaFX Application Thread" [_thread_in_native, id=9540, stack(0x00000000240b0000,0x00000000241b0000)]
  0x0000000022cdc000 JavaThread "Thread-1" daemon [_thread_blocked, id=36444, stack(0x0000000023580000,0x0000000023680000)]
  0x0000000022c80800 JavaThread "QuantumRenderer-0" daemon [_thread_blocked, id=21848, stack(0x0000000023480000,0x0000000023580000)]
  0x00000000225ee800 JavaThread "Service Thread" daemon [_thread_blocked, id=23284, stack(0x0000000022a80000,0x0000000022b80000)]
  0x0000000022580800 JavaThread "C1 CompilerThread2" daemon [_thread_blocked, id=24120, stack(0x0000000022980000,0x0000000022a80000)]
  0x0000000020db8000 JavaThread "C2 CompilerThread1" daemon [_thread_blocked, id=33152, stack(0x0000000022480000,0x0000000022580000)]
  0x0000000020d66000 JavaThread "C2 CompilerThread0" daemon [_thread_blocked, id=20664, stack(0x0000000022380000,0x0000000022480000)]
  0x0000000020d73000 JavaThread "Attach Listener" daemon [_thread_blocked, id=35692, stack(0x0000000022280000,0x0000000022380000)]
  0x0000000020db7800 JavaThread "Signal Dispatcher" daemon [_thread_blocked, id=35648, stack(0x0000000022180000,0x0000000022280000)]
  0x0000000020d49000 JavaThread "Finalizer" daemon [_thread_blocked, id=26456, stack(0x0000000021fe0000,0x00000000220e0000)]
  0x0000000002c11000 JavaThread "Reference Handler" daemon [_thread_blocked, id=12000, stack(0x0000000021ee0000,0x0000000021fe0000)]
  0x00000000026ce000 JavaThread "main" [_thread_blocked, id=30832, stack(0x0000000002a20000,0x0000000002b20000)]

Other Threads:
  0x0000000020d27800 VMThread [stack: 0x0000000021de0000,0x0000000021ee0000] [id=22156]
  0x0000000022626000 WatcherThread [stack: 0x0000000022b80000,0x0000000022c80000] [id=32996]

VM state:not at safepoint (normal execution)

VM Mutex/Monitor currently owned by a thread: None

Heap:
 PSYoungGen      total 197632K, used 15058K [0x0000000740700000, 0x000000074da00000, 0x00000007c0000000)
  eden space 183296K, 6% used [0x0000000740700000,0x0000000741356d38,0x000000074ba00000)
  from space 14336K, 16% used [0x000000074cc00000,0x000000074ce5dbd0,0x000000074da00000)
  to   space 16384K, 0% used [0x000000074ba00000,0x000000074ba00000,0x000000074ca00000)
 ParOldGen       total 108544K, used 9743K [0x0000000641400000, 0x0000000647e00000, 0x0000000740700000)
  object space 108544K, 8% used [0x0000000641400000,0x0000000641d83d78,0x0000000647e00000)
 Metaspace       used 22300K, capacity 23128K, committed 23552K, reserved 1069056K
  class space    used 3028K, capacity 3207K, committed 3328K, reserved 1048576K

Card table byte_map: [0x0000000011fe0000,0x0000000012be0000] byte_map_base: 0x000000000edd6000

Marking Bits: (ParMarkBitMap*) 0x000000005b32c720
 Begin Bits: [0x00000000137e0000, 0x0000000019790000)
 End Bits:   [0x0000000019790000, 0x000000001f740000)

Polling page: 0x0000000002630000

CodeCache: size=245760Kb used=7413Kb max_used=7769Kb free=238346Kb
 bounds [0x0000000002c20000, 0x00000000033d0000, 0x0000000011c20000]
 total_blobs=3182 nmethods=2395 adapters=699
 compilation: enabled

Compilation events (10 events):
Event: 9.650 Thread 0x0000000022580800 nmethod 2665 0x0000000003195e10 code [0x0000000003195fc0, 0x00000000031964d8]
Event: 9.650 Thread 0x0000000022580800 2666       3       java.util.LinkedList$ListItr::checkForComodification (23 bytes)
Event: 9.650 Thread 0x0000000022580800 nmethod 2666 0x000000000316e290 code [0x000000000316e400, 0x000000000316e628]
Event: 9.650 Thread 0x0000000020d66000 nmethod 2664 0x0000000002fc6d10 code [0x0000000002fc6e60, 0x0000000002fc7038]
Event: 9.651 Thread 0x0000000020db8000 2667       4       java.io.BufferedInputStream::read1 (108 bytes)
Event: 9.652 Thread 0x0000000020d66000 2668       4       java.util.zip.Inflater::ensureOpen (47 bytes)
Event: 9.652 Thread 0x0000000020d66000 nmethod 2668 0x0000000002d23bd0 code [0x0000000002d23d00, 0x0000000002d23d98]
Event: 9.652 Thread 0x0000000020d66000 2669  s    4       java.io.BufferedInputStream::read (113 bytes)
Event: 9.657 Thread 0x0000000020db8000 nmethod 2667 0x0000000003038fd0 code [0x0000000003039140, 0x0000000003039748]
Event: 9.668 Thread 0x0000000020d66000 nmethod 2669 0x0000000002f120d0 code [0x0000000002f12280, 0x0000000002f13638]

GC Heap History (10 events):
Event: 8.821 GC heap before
{Heap before GC invocations=1 (full 0):
 PSYoungGen      total 114688K, used 74798K [0x0000000740700000, 0x0000000748700000, 0x00000007c0000000)
  eden space 98304K, 76% used [0x0000000740700000,0x000000074500b870,0x0000000746700000)
  from space 16384K, 0% used [0x0000000747700000,0x0000000747700000,0x0000000748700000)
  to   space 16384K, 0% used [0x0000000746700000,0x0000000746700000,0x0000000747700000)
 ParOldGen       total 262144K, used 0K [0x0000000641400000, 0x0000000651400000, 0x0000000740700000)
  object space 262144K, 0% used [0x0000000641400000,0x0000000641400000,0x0000000651400000)
 Metaspace       used 20362K, capacity 21114K, committed 21248K, reserved 1067008K
  class space    used 2842K, capacity 3034K, committed 3072K, reserved 1048576K
Event: 8.828 GC heap after
Heap after GC invocations=1 (full 0):
 PSYoungGen      total 114688K, used 11846K [0x0000000740700000, 0x0000000748700000, 0x00000007c0000000)
  eden space 98304K, 0% used [0x0000000740700000,0x0000000740700000,0x0000000746700000)
  from space 16384K, 72% used [0x0000000746700000,0x0000000747291b70,0x0000000747700000)
  to   space 16384K, 0% used [0x0000000747700000,0x0000000747700000,0x0000000748700000)
 ParOldGen       total 262144K, used 43K [0x0000000641400000, 0x0000000651400000, 0x0000000740700000)
  object space 262144K, 0% used [0x0000000641400000,0x000000064140ac50,0x0000000651400000)
 Metaspace       used 20362K, capacity 21114K, committed 21248K, reserved 1067008K
  class space    used 2842K, capacity 3034K, committed 3072K, reserved 1048576K
}
Event: 8.828 GC heap before
{Heap before GC invocations=2 (full 1):
 PSYoungGen      total 114688K, used 11846K [0x0000000740700000, 0x0000000748700000, 0x00000007c0000000)
  eden space 98304K, 0% used [0x0000000740700000,0x0000000740700000,0x0000000746700000)
  from space 16384K, 72% used [0x0000000746700000,0x0000000747291b70,0x0000000747700000)
  to   space 16384K, 0% used [0x0000000747700000,0x0000000747700000,0x0000000748700000)
 ParOldGen       total 262144K, used 43K [0x0000000641400000, 0x0000000651400000, 0x0000000740700000)
  object space 262144K, 0% used [0x0000000641400000,0x000000064140ac50,0x0000000651400000)
 Metaspace       used 20362K, capacity 21114K, committed 21248K, reserved 1067008K
  class space    used 2842K, capacity 3034K, committed 3072K, reserved 1048576K
Event: 8.854 GC heap after
Heap after GC invocations=2 (full 1):
 PSYoungGen      total 114688K, used 0K [0x0000000740700000, 0x0000000748700000, 0x00000007c0000000)
  eden space 98304K, 0% used [0x0000000740700000,0x0000000740700000,0x0000000746700000)
  from space 16384K, 0% used [0x0000000746700000,0x0000000746700000,0x0000000747700000)
  to   space 16384K, 0% used [0x0000000747700000,0x0000000747700000,0x0000000748700000)
 ParOldGen       total 108544K, used 9719K [0x0000000641400000, 0x0000000647e00000, 0x0000000740700000)
  object space 108544K, 8% used [0x0000000641400000,0x0000000641d7dd78,0x0000000647e00000)
 Metaspace       used 20362K, capacity 21114K, committed 21248K, reserved 1067008K
  class space    used 2842K, capacity 3034K, committed 3072K, reserved 1048576K
}
Event: 9.204 GC heap before
{Heap before GC invocations=3 (full 1):
 PSYoungGen      total 114688K, used 98224K [0x0000000740700000, 0x0000000748700000, 0x00000007c0000000)
  eden space 98304K, 99% used [0x0000000740700000,0x00000007466ec148,0x0000000746700000)
  from space 16384K, 0% used [0x0000000746700000,0x0000000746700000,0x0000000747700000)
  to   space 16384K, 0% used [0x0000000747700000,0x0000000747700000,0x0000000748700000)
 ParOldGen       total 108544K, used 9719K [0x0000000641400000, 0x0000000647e00000, 0x0000000740700000)
  object space 108544K, 8% used [0x0000000641400000,0x0000000641d7dd78,0x0000000647e00000)
 Metaspace       used 21738K, capacity 22546K, committed 22656K, reserved 1069056K
  class space    used 2979K, capacity 3166K, committed 3200K, reserved 1048576K
Event: 9.208 GC heap after
Heap after GC invocations=3 (full 1):
 PSYoungGen      total 114688K, used 2461K [0x0000000740700000, 0x0000000748700000, 0x00000007c0000000)
  eden space 98304K, 0% used [0x0000000740700000,0x0000000740700000,0x0000000746700000)
  from space 16384K, 15% used [0x0000000747700000,0x0000000747967758,0x0000000748700000)
  to   space 16384K, 0% used [0x0000000746700000,0x0000000746700000,0x0000000747700000)
 ParOldGen       total 108544K, used 9727K [0x0000000641400000, 0x0000000647e00000, 0x0000000740700000)
  object space 108544K, 8% used [0x0000000641400000,0x0000000641d7fd78,0x0000000647e00000)
 Metaspace       used 21738K, capacity 22546K, committed 22656K, reserved 1069056K
  class space    used 2979K, capacity 3166K, committed 3200K, reserved 1048576K
}
Event: 9.227 GC heap before
{Heap before GC invocations=4 (full 1):
 PSYoungGen      total 114688K, used 100619K [0x0000000740700000, 0x0000000748700000, 0x00000007c0000000)
  eden space 98304K, 99% used [0x0000000740700000,0x00000007466db7e0,0x0000000746700000)
  from space 16384K, 15% used [0x0000000747700000,0x0000000747967758,0x0000000748700000)
  to   space 16384K, 0% used [0x0000000746700000,0x0000000746700000,0x0000000747700000)
 ParOldGen       total 108544K, used 9727K [0x0000000641400000, 0x0000000647e00000, 0x0000000740700000)
  object space 108544K, 8% used [0x0000000641400000,0x0000000641d7fd78,0x0000000647e00000)
 Metaspace       used 21739K, capacity 22546K, committed 22656K, reserved 1069056K
  class space    used 2979K, capacity 3166K, committed 3200K, reserved 1048576K
Event: 9.229 GC heap after
Heap after GC invocations=4 (full 1):
 PSYoungGen      total 114688K, used 1382K [0x0000000740700000, 0x000000074dc00000, 0x00000007c0000000)
  eden space 98304K, 0% used [0x0000000740700000,0x0000000740700000,0x0000000746700000)
  from space 16384K, 8% used [0x0000000746700000,0x0000000746859b48,0x0000000747700000)
  to   space 16384K, 0% used [0x000000074cc00000,0x000000074cc00000,0x000000074dc00000)
 ParOldGen       total 108544K, used 9735K [0x0000000641400000, 0x0000000647e00000, 0x0000000740700000)
  object space 108544K, 8% used [0x0000000641400000,0x0000000641d81d78,0x0000000647e00000)
 Metaspace       used 21739K, capacity 22546K, committed 22656K, reserved 1069056K
  class space    used 2979K, capacity 3166K, committed 3200K, reserved 1048576K
}
Event: 9.479 GC heap before
{Heap before GC invocations=5 (full 1):
 PSYoungGen      total 114688K, used 99686K [0x0000000740700000, 0x000000074dc00000, 0x00000007c0000000)
  eden space 98304K, 100% used [0x0000000740700000,0x0000000746700000,0x0000000746700000)
  from space 16384K, 8% used [0x0000000746700000,0x0000000746859b48,0x0000000747700000)
  to   space 16384K, 0% used [0x000000074cc00000,0x000000074cc00000,0x000000074dc00000)
 ParOldGen       total 108544K, used 9735K [0x0000000641400000, 0x0000000647e00000, 0x0000000740700000)
  object space 108544K, 8% used [0x0000000641400000,0x0000000641d81d78,0x0000000647e00000)
 Metaspace       used 22250K, capacity 23128K, committed 23552K, reserved 1069056K
  class space    used 3028K, capacity 3207K, committed 3328K, reserved 1048576K
Event: 9.481 GC heap after
Heap after GC invocations=5 (full 1):
 PSYoungGen      total 197632K, used 2422K [0x0000000740700000, 0x000000074da00000, 0x00000007c0000000)
  eden space 183296K, 0% used [0x0000000740700000,0x0000000740700000,0x000000074ba00000)
  from space 14336K, 16% used [0x000000074cc00000,0x000000074ce5dbd0,0x000000074da00000)
  to   space 16384K, 0% used [0x000000074ba00000,0x000000074ba00000,0x000000074ca00000)
 ParOldGen       total 108544K, used 9743K [0x0000000641400000, 0x0000000647e00000, 0x0000000740700000)
  object space 108544K, 8% used [0x0000000641400000,0x0000000641d83d78,0x0000000647e00000)
 Metaspace       used 22250K, capacity 23128K, committed 23552K, reserved 1069056K
  class space    used 3028K, capacity 3207K, committed 3328K, reserved 1048576K
}

Deoptimization events (10 events):
Event: 9.155 Thread 0x000000002305d800 Uncommon trap: reason=class_check action=maybe_recompile pc=0x00000000031d4e90 method=java.util.regex.Pattern$Curly.match(Ljava/util/regex/Matcher;ILjava/lang/CharSequence;)Z @ 19
Event: 9.155 Thread 0x000000002305d800 Uncommon trap: reason=class_check action=maybe_recompile pc=0x00000000031d4e90 method=java.util.regex.Pattern$Curly.match(Ljava/util/regex/Matcher;ILjava/lang/CharSequence;)Z @ 19
Event: 9.167 Thread 0x000000002305d800 Uncommon trap: reason=unstable_if action=reinterpret pc=0x00000000033085b4 method=java.util.regex.Pattern$Ctype.isSatisfiedBy(I)Z @ 4
Event: 9.183 Thread 0x000000002305d800 Uncommon trap: reason=unstable_if action=reinterpret pc=0x00000000033314cc method=sun.text.normalizer.TrieIterator.checkNullNextTrailIndex()Z @ 4
Event: 9.243 Thread 0x000000002305d800 Uncommon trap: reason=unstable_if action=reinterpret pc=0x000000000333b630 method=sun.text.normalizer.TrieIterator.calculateNextSupplementaryElement(Lsun/text/normalizer/RangeValueIterator$Element;)V @ 145
Event: 9.244 Thread 0x000000002305d800 Uncommon trap: reason=unstable_if action=reinterpret pc=0x000000000333e2f4 method=sun.text.normalizer.TrieIterator.next(Lsun/text/normalizer/RangeValueIterator$Element;)Z @ 6
Event: 9.265 Thread 0x000000002305d800 Uncommon trap: reason=unstable_if action=reinterpret pc=0x00000000031f311c method=java.util.regex.Pattern$Ctype.isSatisfiedBy(I)Z @ 4
Event: 9.267 Thread 0x000000002305d800 Uncommon trap: reason=unstable_if action=reinterpret pc=0x00000000033352b4 method=java.io.BufferedReader.readLine(Z)Ljava/lang/String; @ 192
Event: 9.279 Thread 0x000000002305d800 Uncommon trap: reason=unstable_if action=reinterpret pc=0x00000000033362b8 method=sun.text.normalizer.UnicodeSet.findCodePoint(I)I @ 32
Event: 9.405 Thread 0x0000000023059000 Uncommon trap: reason=predicate action=maybe_recompile pc=0x0000000002d2d908 method=java.util.regex.Pattern$SliceI.match(Ljava/util/regex/Matcher;ILjava/lang/CharSequence;)Z @ 21

Internal exceptions (10 events):
Event: 0.733 Thread 0x0000000022959800 Exception <a 'java/io/FileNotFoundException'> (0x00000007425255b0) thrown at [C:\re\workspace\8-2-build-windows-amd64-cygwin\jdk8u131\8869\hotspot\src\share\vm\prims\jni.cpp, line 709]
Event: 0.734 Thread 0x0000000022959800 Exception <a 'java/io/FileNotFoundException'> (0x000000074252c7c8) thrown at [C:\re\workspace\8-2-build-windows-amd64-cygwin\jdk8u131\8869\hotspot\src\share\vm\prims\jni.cpp, line 709]
Event: 0.735 Thread 0x0000000022959800 Exception <a 'java/io/FileNotFoundException'> (0x0000000742536598) thrown at [C:\re\workspace\8-2-build-windows-amd64-cygwin\jdk8u131\8869\hotspot\src\share\vm\prims\jni.cpp, line 709]
Event: 0.736 Thread 0x0000000022959800 Exception <a 'java/io/FileNotFoundException'> (0x000000074253b028) thrown at [C:\re\workspace\8-2-build-windows-amd64-cygwin\jdk8u131\8869\hotspot\src\share\vm\prims\jni.cpp, line 709]
Event: 0.736 Thread 0x0000000022959800 Exception <a 'java/io/FileNotFoundException'> (0x000000074253c380) thrown at [C:\re\workspace\8-2-build-windows-amd64-cygwin\jdk8u131\8869\hotspot\src\share\vm\prims\jni.cpp, line 709]
Event: 1.607 Thread 0x0000000022959800 Implicit null exception at 0x0000000002eebe96 to 0x0000000002eec241
Event: 1.607 Thread 0x0000000022959800 Implicit null exception at 0x0000000002e3a816 to 0x0000000002e3abbd
Event: 2.683 Thread 0x0000000022959800 Exception <a 'java/io/FileNotFoundException'> (0x0000000742f8b610) thrown at [C:\re\workspace\8-2-build-windows-amd64-cygwin\jdk8u131\8869\hotspot\src\share\vm\prims\jni.cpp, line 709]
Event: 8.204 Thread 0x0000000022959800 Exception <a 'sun/nio/fs/WindowsException'> (0x00000007441f6c40) thrown at [C:\re\workspace\8-2-build-windows-amd64-cygwin\jdk8u131\8869\hotspot\src\share\vm\prims\jni.cpp, line 709]
Event: 8.208 Thread 0x0000000022959800 Exception <a 'sun/nio/fs/WindowsException'> (0x00000007441f8f98) thrown at [C:\re\workspace\8-2-build-windows-amd64-cygwin\jdk8u131\8869\hotspot\src\share\vm\prims\jni.cpp, line 709]

Events (10 events):
Event: 9.522 Thread 0x0000000022580800 flushing nmethod 0x000000000322abd0
Event: 9.539 Thread 0x0000000022580800 flushing nmethod 0x0000000003256e50
Event: 9.539 Thread 0x0000000022580800 flushing nmethod 0x0000000003257250
Event: 9.559 Thread 0x000000002323c000 Thread added: 0x000000002323c000
Event: 9.575 Thread 0x0000000023243800 Thread added: 0x0000000023243800
Event: 9.643 Thread 0x000000002323e000 Thread added: 0x000000002323e000
Event: 9.643 Thread 0x0000000023244000 Thread added: 0x0000000023244000
Event: 9.643 Thread 0x000000002323d800 Thread added: 0x000000002323d800
Event: 9.649 loading class sun/net/www/protocol/http/EmptyInputStream
Event: 9.649 loading class sun/net/www/protocol/http/EmptyInputStream done


Dynamic libraries:
0x00007ff613b80000 - 0x00007ff613bb7000 	C:\Program Files\Java\jdk1.8.0_131\bin\java.exe
0x00007ffbd4810000 - 0x00007ffbd4a08000 	C:\WINDOWS\SYSTEM32\ntdll.dll
0x00007ffbd3960000 - 0x00007ffbd3a1d000 	C:\WINDOWS\System32\KERNEL32.DLL
0x00007ffbd20a0000 - 0x00007ffbd2396000 	C:\WINDOWS\System32\KERNELBASE.dll
0x00007ffbd4650000 - 0x00007ffbd4700000 	C:\WINDOWS\System32\ADVAPI32.dll
0x00007ffbd3a20000 - 0x00007ffbd3abe000 	C:\WINDOWS\System32\msvcrt.dll
0x00007ffbd3c60000 - 0x00007ffbd3d00000 	C:\WINDOWS\System32\sechost.dll
0x00007ffbd37b0000 - 0x00007ffbd38d3000 	C:\WINDOWS\System32\RPCRT4.dll
0x00007ffbd2000000 - 0x00007ffbd2027000 	C:\WINDOWS\System32\bcrypt.dll
0x00007ffbd4160000 - 0x00007ffbd42ff000 	C:\WINDOWS\System32\USER32.dll
0x00007ffbd27c0000 - 0x00007ffbd27e2000 	C:\WINDOWS\System32\win32u.dll
0x00007ffbd3d00000 - 0x00007ffbd3d2b000 	C:\WINDOWS\System32\GDI32.dll
0x00007ffbd24a0000 - 0x00007ffbd25b7000 	C:\WINDOWS\System32\gdi32full.dll
0x00007ffbd25c0000 - 0x00007ffbd265d000 	C:\WINDOWS\System32\msvcp_win.dll
0x00007ffbd23a0000 - 0x00007ffbd24a0000 	C:\WINDOWS\System32\ucrtbase.dll
0x00007ffbc69f0000 - 0x00007ffbc6c8a000 	C:\WINDOWS\WinSxS\amd64_microsoft.windows.common-controls_6595b64144ccf1df_6.0.19041.4355_none_60b8b9eb71f62e16\COMCTL32.dll
0x00007ffbd3770000 - 0x00007ffbd37a2000 	C:\WINDOWS\System32\IMM32.DLL
0x000000005bec0000 - 0x000000005bf92000 	C:\Program Files\Java\jdk1.8.0_131\jre\bin\msvcr100.dll
0x000000005ab10000 - 0x000000005b3ac000 	C:\Program Files\Java\jdk1.8.0_131\jre\bin\server\jvm.dll
0x00007ffbd2840000 - 0x00007ffbd2848000 	C:\WINDOWS\System32\PSAPI.DLL
0x00007ffbc9d70000 - 0x00007ffbc9d79000 	C:\WINDOWS\SYSTEM32\WSOCK32.dll
0x00007ffbd4760000 - 0x00007ffbd47cb000 	C:\WINDOWS\System32\WS2_32.dll
0x00007ffbc6ea0000 - 0x00007ffbc6ec7000 	C:\WINDOWS\SYSTEM32\WINMM.dll
0x00007ffbcb750000 - 0x00007ffbcb75a000 	C:\WINDOWS\SYSTEM32\VERSION.dll
0x000000005beb0000 - 0x000000005bebf000 	C:\Program Files\Java\jdk1.8.0_131\jre\bin\verify.dll
0x000000005be80000 - 0x000000005bea9000 	C:\Program Files\Java\jdk1.8.0_131\jre\bin\java.dll
0x000000005be60000 - 0x000000005be76000 	C:\Program Files\Java\jdk1.8.0_131\jre\bin\zip.dll
0x00007ffbd29f0000 - 0x00007ffbd315b000 	C:\WINDOWS\System32\SHELL32.dll
0x00007ffbcff40000 - 0x00007ffbd06dd000 	C:\WINDOWS\SYSTEM32\windows.storage.dll
0x00007ffbd3d30000 - 0x00007ffbd4083000 	C:\WINDOWS\System32\combase.dll
0x00007ffbd1800000 - 0x00007ffbd182e000 	C:\WINDOWS\SYSTEM32\Wldp.dll
0x00007ffbd4090000 - 0x00007ffbd415d000 	C:\WINDOWS\System32\OLEAUT32.dll
0x00007ffbd4300000 - 0x00007ffbd43ad000 	C:\WINDOWS\System32\SHCORE.dll
0x00007ffbd3160000 - 0x00007ffbd31b5000 	C:\WINDOWS\System32\shlwapi.dll
0x00007ffbd1df0000 - 0x00007ffbd1e14000 	C:\WINDOWS\SYSTEM32\profapi.dll
0x00007ffb9e240000 - 0x00007ffb9e32f000 	C:\Program Files\Java\jdk1.8.0_131\jre\bin\msvcr120.dll
0x00007ffbc37d0000 - 0x00007ffbc3876000 	C:\Program Files\Java\jdk1.8.0_131\jre\bin\msvcp120.dll
0x000000005be30000 - 0x000000005be52000 	C:\Program Files\Java\jdk1.8.0_131\jre\bin\prism_d3d.dll
0x00007ffb76d80000 - 0x00007ffb76f4e000 	C:\WINDOWS\system32\d3d9.dll
0x00007ffbd06f0000 - 0x00007ffbd0702000 	C:\WINDOWS\SYSTEM32\kernel.appcore.dll
0x00007ffbcf840000 - 0x00007ffbcf86f000 	C:\WINDOWS\SYSTEM32\dwmapi.dll
0x00007ffbcf550000 - 0x00007ffbcf5ee000 	C:\WINDOWS\system32\uxtheme.dll
0x00007ffb74e30000 - 0x00007ffb74f94000 	C:\WINDOWS\System32\DriverStore\FileRepository\igdlh64.inf_amd64_b1a3f27d79c02635\igdumdim64.dll
0x00007ffb47010000 - 0x00007ffb4b32b000 	C:\WINDOWS\System32\DriverStore\FileRepository\igdlh64.inf_amd64_b1a3f27d79c02635\igd9dxva64.dll
0x00007ffbd27f0000 - 0x00007ffbd283e000 	C:\WINDOWS\System32\CFGMGR32.dll
0x00007ffbd31c0000 - 0x00007ffbd32eb000 	C:\WINDOWS\System32\ole32.dll
0x00007ffbbb1b0000 - 0x00007ffbbb354000 	C:\WINDOWS\System32\DriverStore\FileRepository\igdlh64.inf_amd64_b1a3f27d79c02635\igdgmm64.dll
0x000000005bde0000 - 0x000000005be23000 	C:\Program Files\Java\jdk1.8.0_131\jre\bin\glass.dll
0x00007ffbd3ac0000 - 0x00007ffbd3b9a000 	C:\WINDOWS\System32\COMDLG32.dll
0x00007ffb8b2b0000 - 0x00007ffb8b369000 	C:\PROGRA~2\JWord\Plugin2\JWDSRC~1.DLL
0x00007ffbc4ac0000 - 0x00007ffbc4cac000 	C:\WINDOWS\SYSTEM32\urlmon.dll
0x00007ffbc5d20000 - 0x00007ffbc61f6000 	C:\WINDOWS\SYSTEM32\WININET.dll
0x00007ffbc6f40000 - 0x00007ffbc71fe000 	C:\WINDOWS\SYSTEM32\iertutil.dll
0x00007ffbc4a50000 - 0x00007ffbc4a78000 	C:\WINDOWS\SYSTEM32\srvcli.dll
0x00007ffbd1360000 - 0x00007ffbd136c000 	C:\WINDOWS\SYSTEM32\netutils.dll
0x00007ffbd2850000 - 0x00007ffbd2964000 	C:\WINDOWS\System32\MSCTF.dll
0x00007ffbd1ec0000 - 0x00007ffbd1f42000 	C:\WINDOWS\System32\bcryptPrimitives.dll
0x00007ffb83cd0000 - 0x00007ffb83cf6000 	C:\WINDOWS\System32\DriverStore\FileRepository\igdlh64.inf_amd64_b1a3f27d79c02635\igdinfo64.dll
0x00007ffbb8a80000 - 0x00007ffbbaec9000 	C:\WINDOWS\System32\DriverStore\FileRepository\igdlh64.inf_amd64_b1a3f27d79c02635\igc64.dll
0x00007ffbcc4f0000 - 0x00007ffbcc52b000 	C:\WINDOWS\SYSTEM32\dxcore.dll
0x0000000058350000 - 0x000000005ab04000 	C:\Program Files\Java\jdk1.8.0_131\jre\bin\jfxwebkit.dll
0x00007ffbd1760000 - 0x00007ffbd1778000 	C:\WINDOWS\SYSTEM32\CRYPTSP.dll
0x00007ffbd0e90000 - 0x00007ffbd0ec4000 	C:\WINDOWS\system32\rsaenh.dll
0x00007ffbd1c30000 - 0x00007ffbd1c3c000 	C:\WINDOWS\SYSTEM32\CRYPTBASE.dll
0x000000005bdc0000 - 0x000000005bdd4000 	C:\Program Files\Java\jdk1.8.0_131\jre\bin\javafx_font.dll
0x00007ffbbb360000 - 0x00007ffbbb5df000 	C:\WINDOWS\SYSTEM32\dwrite.dll
0x00007ffbd3ba0000 - 0x00007ffbd3c49000 	C:\WINDOWS\System32\clbcatq.dll
0x00007ffbcf2a0000 - 0x00007ffbcf454000 	C:\WINDOWS\SYSTEM32\WindowsCodecs.dll
0x00007ffbab1c0000 - 0x00007ffbab1fe000 	C:\WINDOWS\system32\dataexchange.dll
0x00007ffbcd390000 - 0x00007ffbcd5f3000 	C:\WINDOWS\system32\d3d11.dll
0x00007ffbcd620000 - 0x00007ffbcd805000 	C:\WINDOWS\system32\dcomp.dll
0x00007ffbd0740000 - 0x00007ffbd0832000 	C:\WINDOWS\system32\dxgi.dll
0x00007ffbcaa10000 - 0x00007ffbcac13000 	C:\WINDOWS\system32\twinapi.appcore.dll
0x00007ffbb17a0000 - 0x00007ffbb17d4000 	C:\Program Files\Common Files\Microsoft Shared\Ink\rtscom.dll
0x00007ffbc07b0000 - 0x00007ffbc08a9000 	C:\WINDOWS\SYSTEM32\textinputframework.dll
0x00007ffbcdef0000 - 0x00007ffbcdfe2000 	C:\WINDOWS\System32\CoreMessaging.dll
0x00007ffbcd810000 - 0x00007ffbcdb6b000 	C:\WINDOWS\System32\CoreUIComponents.dll
0x00007ffbd0fb0000 - 0x00007ffbd0fe3000 	C:\WINDOWS\SYSTEM32\ntmarta.dll
0x00007ffbce440000 - 0x00007ffbce597000 	C:\WINDOWS\SYSTEM32\wintypes.dll
0x00007ffba5130000 - 0x00007ffba5425000 	C:\WINDOWS\SYSTEM32\UIAutomationCore.DLL
0x00007ffbced90000 - 0x00007ffbcee86000 	C:\WINDOWS\SYSTEM32\PROPSYS.dll
0x00007ffbb26d0000 - 0x00007ffbb274f000 	C:\Windows\System32\OneCoreCommonProxyStub.dll
0x000000005bda0000 - 0x000000005bdb1000 	C:\Program Files\Java\jdk1.8.0_131\jre\bin\prism_common.dll
0x00000000581b0000 - 0x0000000058348000 	C:\Program Files\Java\jdk1.8.0_131\jre\bin\awt.dll
0x00007ffbce3b0000 - 0x00007ffbce440000 	C:\WINDOWS\SYSTEM32\apphelp.dll
0x000000005bd80000 - 0x000000005bd9a000 	C:\Program Files\Java\jdk1.8.0_131\jre\bin\net.dll
0x00007ffbd1570000 - 0x00007ffbd15da000 	C:\WINDOWS\system32\mswsock.dll
0x000000005bd60000 - 0x000000005bd71000 	C:\Program Files\Java\jdk1.8.0_131\jre\bin\nio.dll
0x000000005bd30000 - 0x000000005bd54000 	C:\Program Files\Java\jdk1.8.0_131\jre\bin\sunec.dll
0x00007ffbd1250000 - 0x00007ffbd128b000 	C:\WINDOWS\SYSTEM32\IPHLPAPI.DLL
0x00007ffbd32f0000 - 0x00007ffbd32f8000 	C:\WINDOWS\System32\NSI.dll
0x00007ffbcc550000 - 0x00007ffbcc567000 	C:\WINDOWS\SYSTEM32\dhcpcsvc6.DLL
0x00007ffbcc530000 - 0x00007ffbcc54d000 	C:\WINDOWS\SYSTEM32\dhcpcsvc.DLL
0x00007ffbd1290000 - 0x00007ffbd135b000 	C:\WINDOWS\SYSTEM32\DNSAPI.dll
0x00007ffbd1d60000 - 0x00007ffbd1d8e000 	C:\WINDOWS\SYSTEM32\USERENV.dll
0x000000005bd20000 - 0x000000005bd2b000 	C:\Program Files\Java\jdk1.8.0_131\jre\bin\sunmscapi.dll
0x00007ffbd2660000 - 0x00007ffbd27be000 	C:\WINDOWS\System32\CRYPT32.dll
0x00007ffbca8f0000 - 0x00007ffbca8fa000 	C:\Windows\System32\rasadhlp.dll
0x00007ffbc9fc0000 - 0x00007ffbca040000 	C:\WINDOWS\System32\fwpuclnt.dll
0x00007ffbcfd30000 - 0x00007ffbcff14000 	C:\WINDOWS\SYSTEM32\dbghelp.dll

VM Arguments:
java_command: YouTubePlayerApp
java_class_path (initial): C:\Users\kokada\AppData\Roaming\Code\User\workspaceStorage\2116d4aa97e89f41a40d4ec1f3f59299\redhat.java\jdt_ws\jdt.ls-java-project\bin
Launcher Type: SUN_STANDARD

Environment Variables:
PATH=C:\Users\kokada\projectpython\myenv\Scripts;C:\Program Files (x86)\Common Files\Intel\Shared Libraries\redist\intel64\compiler;C:\Program Files\Microsoft MPI\Bin\;C:\Windows\system32;C:\Windows;C:\Windows\System32\Wbem;C:\Windows\System32\WindowsPowerShell\v1.0\;C:\Program Files (x86)\NVIDIA Corporation\PhysX\Common;C:\Program Files\Microsoft SQL Server\130\Tools\Binn\;C:\Program Files\dotnet\;C:\Program Files (x86)\GtkSharp\2.12\bin;C:\WINDOWS\system32;C:\WINDOWS;C:\WINDOWS\System32\Wbem;C:\WINDOWS\System32\WindowsPowerShell\v1.0\;C:\WINDOWS\System32\OpenSSH\;C:\Program Files\Microsoft SQL Server\Client SDK\ODBC\170\Tools\Binn\;C:\Program Files\Git\cmd;C:\Users\kokada\AppData\Local\Microsoft\WinGet\Packages\ezwinports.make_Microsoft.Winget.Source_8wekyb3d8bbwe\bin;C:\Users\kokada\.vscode\extensions\jebbs.plantuml-2.18.1;C:\Program Files\Java\jdk1.8.0_131\bin;C:\Users\kokada\hello\plantuml;C:\Users\kokada\AppData\Local\Microsoft\WindowsApps;C:\Users\kokada\AppData\Local\Programs\Microsoft VS Code\bin;C:\Users\kokada\AppData\Local\Packages\PythonSoftwareFoundation.Python.3.9_qbz5n2kfra8p0\LocalCache\local-packages\Python39\Scripts;C:\MeCab-64\bin;C:\MeCab-64\sdk;C:\Users\kokada\AppData\Local\Programs\Python\Python39;C:\Users\kokada\AppData\Local\Programs\Python\Python39\Scripts;C:\MeCab-64\etc;C:\Users\kokada\AppData\Local\Programs\MiKTeX\miktex\bin\x64;C:\Users\kokada\AppData\Local\Microsoft\WinGet\Packages\ezwinports.make_Microsoft.Winget.Source_8wekyb3d8bbwe\bin;
USERNAME=kokada
OS=Windows_NT
PROCESSOR_IDENTIFIER=Intel64 Family 6 Model 158 Stepping 9, GenuineIntel



---------------  S Y S T E M  ---------------

OS: Windows 10.0 , 64 bit Build 19041 (10.0.19041.3636)

CPU:total 4 (initial active 4) (4 cores per cpu, 1 threads per core) family 6 model 158 stepping 9, cmov, cx8, fxsr, mmx, sse, sse2, sse3, ssse3, sse4.1, sse4.2, popcnt, avx, avx2, aes, clmul, erms, rtm, 3dnowpref, lzcnt, tsc, tscinvbit, bmi1, bmi2, adx

Memory: 4k page, physical 25078072k(3369288k free), swap 52010656k(3046672k free)

vm_info: Java HotSpot(TM) 64-Bit Server VM (25.131-b11) for windows-amd64 JRE (1.8.0_131-b11), built on Mar 15 2017 01:23:53 by "java_re" with MS VC++ 10.0 (VS2010)

time: Wed Jun 05 16:15:21 2024
elapsed time: 9 seconds (0d 0h 0m 9s)

